Module @1:1
  Package fixtures @1:1
  DataClass Widget @4:1
    Field var a: Int @4:19
    Field var b: Int @4:31
  Function make @6:1
    Return Int
    Body
      VarDecl val w: Widget @7:5
        Init
          Call @7:21
            Callee
              Name Widget @7:21
            Arg
              IntLit 1 @7:28
      Return @8:5
        IntLit 0 @8:12
