Module kind='Module' line='1' column='1' package='fixtures'
  DataClass kind='DataClass' line='4' column='1' name='Widget'
    Field name='a' isVar='true' line='4' column='19'
      Type kind='Type.Named' line='4' column='26' name='Int'
    Field name='b' isVar='true' line='4' column='31'
      Type kind='Type.Named' line='4' column='38' name='Int'
  Function kind='Function' line='6' column='1' name='make' isNative='false' hasBody='true' hasReceiver='false' hasNativeSymbol='false'
    ReturnType kind='Type.Named' line='6' column='13' name='Int'
    Body
      Stmt kind='Stmt.VarDecl' line='7' column='5' name='w' isVar='false'
        Type kind='Type.Named' line='7' column='12' name='Widget'
        Init kind='Expr.Call' line='7' column='21'
          Callee kind='Expr.Name' line='7' column='21' name='Widget'
          Arg kind='Expr.IntLit' line='7' column='28' text='1'
      Stmt kind='Stmt.Return' line='8' column='5'
        Value kind='Expr.IntLit' line='8' column='12' text='0'
