Module @1:1
  Package fixtures @1:1
  Function sum @4:1
    Param items: &List<Int>
    Return Int
    Body
      VarDecl var total: Int @5:5
        Init
          IntLit 0 @5:22
      VarDecl var c: Cursor<Int> @6:5
        Init
          Call @6:26
            Callee
              Name cursorOf @6:26
            Arg
              Name items @6:35
      While @7:5
        Cond
          Call @7:12
            Callee
              Member .hasValue @7:12
                Receiver
                  Name c @7:12
        Body
          Assign = @8:9
            Target
              Name total @8:9
            Value
              Binary + @8:17
                Lhs
                  Name total @8:17
                Rhs
                  Call @8:25
                    Callee
                      Member .value @8:25
                        Receiver
                          Name c @8:25
          Assign = @9:9
            Target
              Name c @9:9
            Value
              Call @9:13
                Callee
                  Member .next @9:13
                    Receiver
                      Name c @9:13
      Return @11:5
        Name total @11:12
  Function headSum @14:1
    Param items: &List<Int>
    Return Int
    Body
      VarDecl val full: Cursor<Int> @15:5
        Init
          Call @15:29
            Callee
              Name cursorOf @15:29
            Arg
              Name items @15:38
      VarDecl var head: Cursor<Int> @16:5
        Init
          Call @16:29
            Callee
              Member .slice @16:29
                Receiver
                  Name full @16:29
            Arg
              IntLit 2 @16:40
      VarDecl var total: Int @17:5
        Init
          IntLit 0 @17:22
      While @18:5
        Cond
          Call @18:12
            Callee
              Member .hasValue @18:12
                Receiver
                  Name head @18:12
        Body
          Assign = @19:9
            Target
              Name total @19:9
            Value
              Binary + @19:17
                Lhs
                  Name total @19:17
                Rhs
                  Call @19:25
                    Callee
                      Member .value @19:25
                        Receiver
                          Name head @19:25
          Assign = @20:9
            Target
              Name head @20:9
            Value
              Call @20:16
                Callee
                  Member .next @20:16
                    Receiver
                      Name head @20:16
      Return @22:5
        Name total @22:12
  Function main @25:1
    Return Int
    Body
      VarDecl var items: List<Int> @26:5
        Init
          Call @26:28
            Callee
              GenericName List<Int> @26:28
      ExprStmt @27:5
        Call @27:5
          Callee
            Member .append @27:5
              Receiver
                Name items @27:5
          Arg
            IntLit 4 @27:18
      ExprStmt @28:5
        Call @28:5
          Callee
            Member .append @28:5
              Receiver
                Name items @28:5
          Arg
            IntLit 7 @28:18
      ExprStmt @29:5
        Call @29:5
          Callee
            Member .append @29:5
              Receiver
                Name items @29:5
          Arg
            IntLit 9 @29:18
      VarDecl val view: &List<Int> @31:5
        Init
          Ref @31:28
            Operand
              Name items @31:29
      ExprStmt @32:5
        Call @32:5
          Callee
            Name println @32:5
          Arg
            Call @32:13
              Callee
                Name sum @32:13
              Arg
                Name view @32:17
      VarDecl val all: Cursor<Int> @34:5
        Init
          Call @34:28
            Callee
              Name cursorOf @34:28
            Arg
              Name view @34:37
      ExprStmt @35:5
        Call @35:5
          Callee
            Name println @35:5
          Arg
            Call @35:13
              Callee
                Member .size @35:13
                  Receiver
                    Name all @35:13
      ExprStmt @37:5
        Call @37:5
          Callee
            Name println @37:5
          Arg
            Call @37:13
              Callee
                Name headSum @37:13
              Arg
                Name view @37:21
      Return @38:5
        IntLit 0 @38:12
