Module kind='Module' line='1' column='1'
  Enum kind='Enum' line='4' column='1' name='Color'
    EnumMember name='Red' hasValue='false' value='0' line='5' column='5'
    EnumMember name='Green' hasValue='true' value='4' line='6' column='5'
    EnumMember name='Blue' hasValue='false' value='0' line='7' column='5'
  DataClass kind='DataClass' line='10' column='1' name='Box'
    Field name='value' isVar='true' line='10' column='16'
      Type kind='Type.Named' line='10' column='27' name='Int'
  Function kind='Function' line='12' column='1' name='label' isNative='false' hasBody='true' hasReceiver='false' hasNativeSymbol='false'
    Param name='c' line='12' column='11'
      Type kind='Type.Named' line='12' column='14' name='Color'
    ReturnType kind='Type.Named' line='12' column='22' name='Str'
    Body
      Stmt kind='Stmt.Switch' line='13' column='5'
        Cond kind='Expr.Name' line='13' column='13' name='c'
        Case isDefault='false' line='14' column='9'
          Label kind='Expr.Member' line='14' column='14' name='Red'
            Receiver kind='Expr.Name' line='14' column='14' name='Color'
          Stmt kind='Stmt.Return' line='15' column='13'
            Value kind='Expr.StrLit' line='15' column='20' text='"red"'
        Case isDefault='false' line='16' column='9'
          Label kind='Expr.Member' line='16' column='14' name='Green'
            Receiver kind='Expr.Name' line='16' column='14' name='Color'
          Stmt kind='Stmt.Return' line='17' column='13'
            Value kind='Expr.StrLit' line='17' column='20' text='"green"'
        Case isDefault='true' line='18' column='9'
          Stmt kind='Stmt.Return' line='19' column='13'
            Value kind='Expr.StrLit' line='19' column='20' text='"other"'
  Function kind='Function' line='23' column='1' name='describe' isNative='false' hasBody='true' hasReceiver='false' hasNativeSymbol='false'
    Param name='n' line='23' column='14'
      Type kind='Type.Named' line='23' column='17' name='Int'
    ReturnType kind='Type.Named' line='23' column='23' name='Str'
    Body
      Stmt kind='Stmt.Switch' line='24' column='5'
        Cond kind='Expr.Name' line='24' column='13' name='n'
        Case isDefault='false' line='25' column='9'
          Label kind='Expr.IntLit' line='25' column='14' text='0'
          Stmt kind='Stmt.Return' line='26' column='13'
            Value kind='Expr.StrLit' line='26' column='20' text='"zero"'
        Case isDefault='false' line='27' column='9'
          Label kind='Expr.IntLit' line='27' column='14' text='1'
          Stmt kind='Stmt.Return' line='28' column='13'
            Value kind='Expr.StrLit' line='28' column='20' text='"one"'
        Case isDefault='true' line='29' column='9'
          Stmt kind='Stmt.Return' line='30' column='13'
            Value kind='Expr.StrLit' line='30' column='20' text='"many"'
  Function kind='Function' line='34' column='1' name='maybeRef' isNative='false' hasBody='true' hasReceiver='false' hasNativeSymbol='false'
    Param name='flag' line='34' column='14'
      Type kind='Type.Named' line='34' column='20' name='Bool'
    ReturnType kind='Type.Reference' line='34' column='27'
      Inner kind='Type.Named' line='34' column='28' name='Box'
    Body
      Stmt kind='Stmt.If' line='35' column='5'
        Cond kind='Expr.Name' line='35' column='9' name='flag'
        Then
          Stmt kind='Stmt.Return' line='36' column='9'
            Value kind='Expr.Ref' line='36' column='16'
              Operand kind='Expr.Call' line='36' column='17'
                Callee kind='Expr.Name' line='36' column='17' name='Box'
                Arg kind='Expr.IntLit' line='36' column='21' text='7'
      Stmt kind='Stmt.Return' line='38' column='5'
        Value kind='Expr.NullLit' line='38' column='12'
  Function kind='Function' line='41' column='1' name='maybePointer' isNative='false' hasBody='true' hasReceiver='false' hasNativeSymbol='false'
    Param name='box' line='41' column='18'
      Type kind='Type.Reference' line='41' column='23'
        Inner kind='Type.Named' line='41' column='24' name='Box'
    Param name='flag' line='41' column='29'
      Type kind='Type.Named' line='41' column='35' name='Bool'
    ReturnType kind='Type.Pointer' line='41' column='42'
      Inner kind='Type.Named' line='41' column='43' name='Box'
    Body
      Stmt kind='Stmt.If' line='42' column='5'
        Cond kind='Expr.Name' line='42' column='9' name='flag'
        Then
          Stmt kind='Stmt.Return' line='43' column='9'
            Value kind='Expr.Deref' line='43' column='16'
              Operand kind='Expr.Name' line='43' column='17' name='box'
      Stmt kind='Stmt.Return' line='45' column='5'
        Value kind='Expr.NullLit' line='45' column='12'
  Function kind='Function' line='48' column='1' name='main' isNative='false' hasBody='true' hasReceiver='false' hasNativeSymbol='false'
    ReturnType kind='Type.Named' line='48' column='13' name='Int'
    Body
      Stmt kind='Stmt.ExprStmt' line='49' column='5'
        Expr kind='Expr.Call' line='49' column='5'
          Callee kind='Expr.Name' line='49' column='5' name='println'
          Arg kind='Expr.Call' line='49' column='13'
            Callee kind='Expr.Name' line='49' column='13' name='label'
            Arg kind='Expr.Member' line='49' column='19' name='Red'
              Receiver kind='Expr.Name' line='49' column='19' name='Color'
      Stmt kind='Stmt.ExprStmt' line='50' column='5'
        Expr kind='Expr.Call' line='50' column='5'
          Callee kind='Expr.Name' line='50' column='5' name='println'
          Arg kind='Expr.Call' line='50' column='13'
            Callee kind='Expr.Name' line='50' column='13' name='label'
            Arg kind='Expr.Member' line='50' column='19' name='Green'
              Receiver kind='Expr.Name' line='50' column='19' name='Color'
      Stmt kind='Stmt.ExprStmt' line='51' column='5'
        Expr kind='Expr.Call' line='51' column='5'
          Callee kind='Expr.Name' line='51' column='5' name='println'
          Arg kind='Expr.Call' line='51' column='13'
            Callee kind='Expr.Name' line='51' column='13' name='label'
            Arg kind='Expr.Member' line='51' column='19' name='Blue'
              Receiver kind='Expr.Name' line='51' column='19' name='Color'
      Stmt kind='Stmt.ExprStmt' line='52' column='5'
        Expr kind='Expr.Call' line='52' column='5'
          Callee kind='Expr.Name' line='52' column='5' name='println'
          Arg kind='Expr.Call' line='52' column='13'
            Callee kind='Expr.Name' line='52' column='13' name='describe'
            Arg kind='Expr.IntLit' line='52' column='22' text='0'
      Stmt kind='Stmt.ExprStmt' line='53' column='5'
        Expr kind='Expr.Call' line='53' column='5'
          Callee kind='Expr.Name' line='53' column='5' name='println'
          Arg kind='Expr.Call' line='53' column='13'
            Callee kind='Expr.Name' line='53' column='13' name='describe'
            Arg kind='Expr.IntLit' line='53' column='22' text='5'
      Stmt kind='Stmt.ExprStmt' line='55' column='5'
        Expr kind='Expr.Call' line='55' column='5'
          Callee kind='Expr.Name' line='55' column='5' name='println'
          Arg kind='Expr.Call' line='55' column='13'
            Callee kind='Expr.Member' line='55' column='13' name='toInt'
              Receiver kind='Expr.Member' line='55' column='13' name='Green'
                Receiver kind='Expr.Name' line='55' column='13' name='Color'
      Stmt kind='Stmt.VarDecl' line='56' column='5' name='parsed' isVar='false'
        Type kind='Type.Generic' line='56' column='17' name='Opt'
          TypeArg kind='Type.Named' line='56' column='21' name='Color'
        Init kind='Expr.Call' line='56' column='30'
          Callee kind='Expr.Member' line='56' column='30' name='fromInt'
            Receiver kind='Expr.Name' line='56' column='30' name='Color'
          Arg kind='Expr.IntLit' line='56' column='44' text='4'
      Stmt kind='Stmt.If' line='57' column='5'
        Cond kind='Expr.Call' line='57' column='9'
          Callee kind='Expr.Member' line='57' column='9' name='hasValue'
            Receiver kind='Expr.Name' line='57' column='9' name='parsed'
        Then
          Stmt kind='Stmt.ExprStmt' line='58' column='9'
            Expr kind='Expr.Call' line='58' column='9'
              Callee kind='Expr.Name' line='58' column='9' name='println'
              Arg kind='Expr.StrLit' line='58' column='17' text='"parsed"'
      Stmt kind='Stmt.VarDecl' line='60' column='5' name='missingColor' isVar='false'
        Type kind='Type.Generic' line='60' column='23' name='Opt'
          TypeArg kind='Type.Named' line='60' column='27' name='Color'
        Init kind='Expr.Call' line='60' column='36'
          Callee kind='Expr.Member' line='60' column='36' name='fromInt'
            Receiver kind='Expr.Name' line='60' column='36' name='Color'
          Arg kind='Expr.IntLit' line='60' column='50' text='9'
      Stmt kind='Stmt.If' line='61' column='5'
        Cond kind='Expr.Unary' line='61' column='9' op='!'
          Operand kind='Expr.Call' line='61' column='10'
            Callee kind='Expr.Member' line='61' column='10' name='hasValue'
              Receiver kind='Expr.Name' line='61' column='10' name='missingColor'
        Then
          Stmt kind='Stmt.ExprStmt' line='62' column='9'
            Expr kind='Expr.Call' line='62' column='9'
              Callee kind='Expr.Name' line='62' column='9' name='println'
              Arg kind='Expr.StrLit' line='62' column='17' text='"missing color"'
      Stmt kind='Stmt.VarDecl' line='65' column='5' name='present' isVar='false'
        Type kind='Type.Reference' line='65' column='18'
          Inner kind='Type.Named' line='65' column='19' name='Box'
        Init kind='Expr.Call' line='65' column='25'
          Callee kind='Expr.Name' line='65' column='25' name='maybeRef'
          Arg kind='Expr.BoolLit' line='65' column='34' value='true'
      Stmt kind='Stmt.If' line='66' column='5'
        Cond kind='Expr.Binary' line='66' column='9' op='!='
          Lhs kind='Expr.Name' line='66' column='9' name='present'
          Rhs kind='Expr.NullLit' line='66' column='20'
        Then
          Stmt kind='Stmt.ExprStmt' line='67' column='9'
            Expr kind='Expr.Call' line='67' column='9'
              Callee kind='Expr.Name' line='67' column='9' name='println'
              Arg kind='Expr.Member' line='67' column='17' name='value'
                Receiver kind='Expr.Name' line='67' column='17' name='present'
      Stmt kind='Stmt.VarDecl' line='69' column='5' name='absent' isVar='false'
        Type kind='Type.Reference' line='69' column='17'
          Inner kind='Type.Named' line='69' column='18' name='Box'
        Init kind='Expr.Call' line='69' column='24'
          Callee kind='Expr.Name' line='69' column='24' name='maybeRef'
          Arg kind='Expr.BoolLit' line='69' column='33' value='false'
      Stmt kind='Stmt.If' line='70' column='5'
        Cond kind='Expr.Binary' line='70' column='9' op='=='
          Lhs kind='Expr.Name' line='70' column='9' name='absent'
          Rhs kind='Expr.NullLit' line='70' column='19'
        Then
          Stmt kind='Stmt.ExprStmt' line='71' column='9'
            Expr kind='Expr.Call' line='71' column='9'
              Callee kind='Expr.Name' line='71' column='9' name='println'
              Arg kind='Expr.StrLit' line='71' column='17' text='"absent"'
      Stmt kind='Stmt.VarDecl' line='73' column='5' name='boxed' isVar='false'
        Type kind='Type.Reference' line='73' column='16'
          Inner kind='Type.Named' line='73' column='17' name='Box'
        Init kind='Expr.Ref' line='73' column='23'
          Operand kind='Expr.Call' line='73' column='24'
            Callee kind='Expr.Name' line='73' column='24' name='Box'
            Arg kind='Expr.IntLit' line='73' column='28' text='3'
      Stmt kind='Stmt.VarDecl' line='74' column='5' name='rawPresent' isVar='false'
        Type kind='Type.Pointer' line='74' column='21'
          Inner kind='Type.Named' line='74' column='22' name='Box'
        Init kind='Expr.Call' line='74' column='28'
          Callee kind='Expr.Name' line='74' column='28' name='maybePointer'
          Arg kind='Expr.Name' line='74' column='41' name='boxed'
          Arg kind='Expr.BoolLit' line='74' column='48' value='true'
      Stmt kind='Stmt.If' line='75' column='5'
        Cond kind='Expr.Binary' line='75' column='9' op='!='
          Lhs kind='Expr.Name' line='75' column='9' name='rawPresent'
          Rhs kind='Expr.NullLit' line='75' column='23'
        Then
          Stmt kind='Stmt.ExprStmt' line='76' column='9'
            Expr kind='Expr.Call' line='76' column='9'
              Callee kind='Expr.Name' line='76' column='9' name='println'
              Arg kind='Expr.Member' line='76' column='17' name='value'
                Receiver kind='Expr.Name' line='76' column='17' name='rawPresent'
      Stmt kind='Stmt.VarDecl' line='78' column='5' name='rawAbsent' isVar='false'
        Type kind='Type.Pointer' line='78' column='20'
          Inner kind='Type.Named' line='78' column='21' name='Box'
        Init kind='Expr.Call' line='78' column='27'
          Callee kind='Expr.Name' line='78' column='27' name='maybePointer'
          Arg kind='Expr.Name' line='78' column='40' name='boxed'
          Arg kind='Expr.BoolLit' line='78' column='47' value='false'
      Stmt kind='Stmt.If' line='79' column='5'
        Cond kind='Expr.Binary' line='79' column='9' op='=='
          Lhs kind='Expr.Name' line='79' column='9' name='rawAbsent'
          Rhs kind='Expr.NullLit' line='79' column='22'
        Then
          Stmt kind='Stmt.ExprStmt' line='80' column='9'
            Expr kind='Expr.Call' line='80' column='9'
              Callee kind='Expr.Name' line='80' column='9' name='println'
              Arg kind='Expr.StrLit' line='80' column='17' text='"null raw"'
      Stmt kind='Stmt.VarDecl' line='83' column='5' name='text' isVar='false'
        Type kind='Type.Named' line='83' column='15' name='Str'
        Init kind='Expr.StrLit' line='83' column='21' text='"hello world"'
      Stmt kind='Stmt.ExprStmt' line='84' column='5'
        Expr kind='Expr.Call' line='84' column='5'
          Callee kind='Expr.Name' line='84' column='5' name='println'
          Arg kind='Expr.Call' line='84' column='13'
            Callee kind='Expr.Member' line='84' column='13' name='find'
              Receiver kind='Expr.Name' line='84' column='13' name='text'
            Arg kind='Expr.StrLit' line='84' column='23' text='"world"'
      Stmt kind='Stmt.ExprStmt' line='85' column='5'
        Expr kind='Expr.Call' line='85' column='5'
          Callee kind='Expr.Name' line='85' column='5' name='println'
          Arg kind='Expr.Call' line='85' column='13'
            Callee kind='Expr.Member' line='85' column='13' name='find'
              Receiver kind='Expr.Name' line='85' column='13' name='text'
            Arg kind='Expr.StrLit' line='85' column='23' text='"zzz"'
      Stmt kind='Stmt.ExprStmt' line='86' column='5'
        Expr kind='Expr.Call' line='86' column='5'
          Callee kind='Expr.Name' line='86' column='5' name='println'
          Arg kind='Expr.Call' line='86' column='13'
            Callee kind='Expr.Member' line='86' column='13' name='substr'
              Receiver kind='Expr.Name' line='86' column='13' name='text'
            Arg kind='Expr.IntLit' line='86' column='25' text='0'
            Arg kind='Expr.IntLit' line='86' column='28' text='5'
      Stmt kind='Stmt.ExprStmt' line='87' column='5'
        Expr kind='Expr.Call' line='87' column='5'
          Callee kind='Expr.Name' line='87' column='5' name='println'
          Arg kind='Expr.Call' line='87' column='13'
            Callee kind='Expr.Member' line='87' column='13' name='startsWith'
              Receiver kind='Expr.Name' line='87' column='13' name='text'
            Arg kind='Expr.StrLit' line='87' column='29' text='"hello"'
      Stmt kind='Stmt.ExprStmt' line='88' column='5'
        Expr kind='Expr.Call' line='88' column='5'
          Callee kind='Expr.Name' line='88' column='5' name='println'
          Arg kind='Expr.Call' line='88' column='13'
            Callee kind='Expr.Member' line='88' column='13' name='endsWith'
              Receiver kind='Expr.Name' line='88' column='13' name='text'
            Arg kind='Expr.StrLit' line='88' column='27' text='"world"'
      Stmt kind='Stmt.ExprStmt' line='89' column='5'
        Expr kind='Expr.Call' line='89' column='5'
          Callee kind='Expr.Name' line='89' column='5' name='println'
          Arg kind='Expr.Call' line='89' column='13'
            Callee kind='Expr.Member' line='89' column='13' name='replace'
              Receiver kind='Expr.Name' line='89' column='13' name='text'
            Arg kind='Expr.StrLit' line='89' column='26' text='"world"'
            Arg kind='Expr.StrLit' line='89' column='35' text='"simse"'
      Stmt kind='Stmt.VarDecl' line='90' column='5' name='number' isVar='false'
        Type kind='Type.Generic' line='90' column='17' name='Opt'
          TypeArg kind='Type.Named' line='90' column='21' name='Int'
        Init kind='Expr.Call' line='90' column='28'
          Callee kind='Expr.Member' line='90' column='28' name='toInt'
            Receiver kind='Expr.StrLit' line='90' column='28' text='"42"'
      Stmt kind='Stmt.If' line='91' column='5'
        Cond kind='Expr.Call' line='91' column='9'
          Callee kind='Expr.Member' line='91' column='9' name='hasValue'
            Receiver kind='Expr.Name' line='91' column='9' name='number'
        Then
          Stmt kind='Stmt.ExprStmt' line='92' column='9'
            Expr kind='Expr.Call' line='92' column='9'
              Callee kind='Expr.Name' line='92' column='9' name='println'
              Arg kind='Expr.Call' line='92' column='17'
                Callee kind='Expr.Member' line='92' column='17' name='value'
                  Receiver kind='Expr.Name' line='92' column='17' name='number'
      Stmt kind='Stmt.VarDecl' line='94' column='5' name='badNumber' isVar='false'
        Type kind='Type.Generic' line='94' column='20' name='Opt'
          TypeArg kind='Type.Named' line='94' column='24' name='Int'
        Init kind='Expr.Call' line='94' column='31'
          Callee kind='Expr.Member' line='94' column='31' name='toInt'
            Receiver kind='Expr.StrLit' line='94' column='31' text='"nope"'
      Stmt kind='Stmt.If' line='95' column='5'
        Cond kind='Expr.Unary' line='95' column='9' op='!'
          Operand kind='Expr.Call' line='95' column='10'
            Callee kind='Expr.Member' line='95' column='10' name='hasValue'
              Receiver kind='Expr.Name' line='95' column='10' name='badNumber'
        Then
          Stmt kind='Stmt.ExprStmt' line='96' column='9'
            Expr kind='Expr.Call' line='96' column='9'
              Callee kind='Expr.Name' line='96' column='9' name='println'
              Arg kind='Expr.StrLit' line='96' column='17' text='"bad int"'
      Stmt kind='Stmt.VarDecl' line='98' column='5' name='fraction' isVar='false'
        Type kind='Type.Generic' line='98' column='19' name='Opt'
          TypeArg kind='Type.Named' line='98' column='23' name='Float64'
        Init kind='Expr.Call' line='98' column='34'
          Callee kind='Expr.Member' line='98' column='34' name='toFloat'
            Receiver kind='Expr.StrLit' line='98' column='34' text='"2.5"'
      Stmt kind='Stmt.If' line='99' column='5'
        Cond kind='Expr.Call' line='99' column='9'
          Callee kind='Expr.Member' line='99' column='9' name='hasValue'
            Receiver kind='Expr.Name' line='99' column='9' name='fraction'
        Then
          Stmt kind='Stmt.ExprStmt' line='100' column='9'
            Expr kind='Expr.Call' line='100' column='9'
              Callee kind='Expr.Name' line='100' column='9' name='println'
              Arg kind='Expr.Call' line='100' column='17'
                Callee kind='Expr.Member' line='100' column='17' name='value'
                  Receiver kind='Expr.Name' line='100' column='17' name='fraction'
      Stmt kind='Stmt.VarDecl' line='103' column='5' name='letter' isVar='false'
        Type kind='Type.Named' line='103' column='17' name='Char'
        Init kind='Expr.CharLit' line='103' column='24' text='\'a\''
      Stmt kind='Stmt.ExprStmt' line='104' column='5'
        Expr kind='Expr.Call' line='104' column='5'
          Callee kind='Expr.Name' line='104' column='5' name='println'
          Arg kind='Expr.Call' line='104' column='13'
            Callee kind='Expr.Member' line='104' column='13' name='isAlpha'
              Receiver kind='Expr.Name' line='104' column='13' name='letter'
      Stmt kind='Stmt.ExprStmt' line='105' column='5'
        Expr kind='Expr.Call' line='105' column='5'
          Callee kind='Expr.Name' line='105' column='5' name='println'
          Arg kind='Expr.Call' line='105' column='13'
            Callee kind='Expr.Member' line='105' column='13' name='isDigit'
              Receiver kind='Expr.Name' line='105' column='13' name='letter'
      Stmt kind='Stmt.ExprStmt' line='106' column='5'
        Expr kind='Expr.Call' line='106' column='5'
          Callee kind='Expr.Name' line='106' column='5' name='println'
          Arg kind='Expr.Call' line='106' column='13'
            Callee kind='Expr.Member' line='106' column='13' name='isDigit'
              Receiver kind='Expr.CharLit' line='106' column='13' text='\'7\''
      Stmt kind='Stmt.ExprStmt' line='107' column='5'
        Expr kind='Expr.Call' line='107' column='5'
          Callee kind='Expr.Name' line='107' column='5' name='println'
          Arg kind='Expr.Call' line='107' column='13'
            Callee kind='Expr.Member' line='107' column='13' name='isSpace'
              Receiver kind='Expr.CharLit' line='107' column='13' text='\' \''
      Stmt kind='Stmt.VarDecl' line='109' column='5' name='small' isVar='false'
        Type kind='Type.Named' line='109' column='16' name='Int8'
        Init kind='Expr.IntLit' line='109' column='23' text='5'
      Stmt kind='Stmt.ExprStmt' line='110' column='5'
        Expr kind='Expr.Call' line='110' column='5'
          Callee kind='Expr.Name' line='110' column='5' name='println'
          Arg kind='Expr.Call' line='110' column='13'
            Callee kind='Expr.Member' line='110' column='13' name='toString'
              Receiver kind='Expr.Name' line='110' column='13' name='small'
      Stmt kind='Stmt.ExprStmt' line='111' column='5'
        Expr kind='Expr.Call' line='111' column='5'
          Callee kind='Expr.Name' line='111' column='5' name='println'
          Arg kind='Expr.Call' line='111' column='13'
            Callee kind='Expr.Member' line='111' column='13' name='toString'
              Receiver kind='Expr.BoolLit' line='111' column='13' value='true'
      Stmt kind='Stmt.ExprStmt' line='112' column='5'
        Expr kind='Expr.Call' line='112' column='5'
          Callee kind='Expr.Name' line='112' column='5' name='println'
          Arg kind='Expr.Call' line='112' column='13'
            Callee kind='Expr.Member' line='112' column='13' name='toString'
              Receiver kind='Expr.FloatLit' line='112' column='13' text='2.5'
      Stmt kind='Stmt.ExprStmt' line='114' column='5'
        Expr kind='Expr.Call' line='114' column='5'
          Callee kind='Expr.Name' line='114' column='5' name='println'
          Arg kind='Expr.Call' line='114' column='13'
            Callee kind='Expr.Name' line='114' column='13' name='min'
            Arg kind='Expr.IntLit' line='114' column='17' text='3'
            Arg kind='Expr.IntLit' line='114' column='20' text='9'
      Stmt kind='Stmt.ExprStmt' line='115' column='5'
        Expr kind='Expr.Call' line='115' column='5'
          Callee kind='Expr.Name' line='115' column='5' name='println'
          Arg kind='Expr.Call' line='115' column='13'
            Callee kind='Expr.Name' line='115' column='13' name='max'
            Arg kind='Expr.IntLit' line='115' column='17' text='3'
            Arg kind='Expr.IntLit' line='115' column='20' text='9'
      Stmt kind='Stmt.Return' line='117' column='5'
        Value kind='Expr.IntLit' line='117' column='12' text='0'
