Module @1:1
  Package fixtures @1:1
  Function attr @9:1
    Param name: Str
    Param value: Str
    Return Attribute
    Body
      Return @10:5
        Call @10:12
          Callee
            Name Attribute @10:12
          Arg
            Name name @10:22
          Arg
            Name value @10:28
  Function attrs3 @13:1
    Param a: Attribute
    Param b: Attribute
    Param c: Attribute
    Return List<Attribute>
    Body
      VarDecl var list: List<Attribute> @14:5
        Init
          Call @14:33
            Callee
              GenericName List<Attribute> @14:33
      ExprStmt @15:5
        Call @15:5
          Callee
            Member .append @15:5
              Receiver
                Name list @15:5
          Arg
            Name a @15:17
      ExprStmt @16:5
        Call @16:5
          Callee
            Member .append @16:5
              Receiver
                Name list @16:5
          Arg
            Name b @16:17
      ExprStmt @17:5
        Call @17:5
          Callee
            Member .append @17:5
              Receiver
                Name list @17:5
          Arg
            Name c @17:17
      Return @18:5
        Name list @18:12
  Function attrs4 @21:1
    Param a: Attribute
    Param b: Attribute
    Param c: Attribute
    Param d: Attribute
    Return List<Attribute>
    Body
      VarDecl var list: List<Attribute> @22:5
        Init
          Call @22:33
            Callee
              GenericName List<Attribute> @22:33
      ExprStmt @23:5
        Call @23:5
          Callee
            Member .append @23:5
              Receiver
                Name list @23:5
          Arg
            Name a @23:17
      ExprStmt @24:5
        Call @24:5
          Callee
            Member .append @24:5
              Receiver
                Name list @24:5
          Arg
            Name b @24:17
      ExprStmt @25:5
        Call @25:5
          Callee
            Member .append @25:5
              Receiver
                Name list @25:5
          Arg
            Name c @25:17
      ExprStmt @26:5
        Call @26:5
          Callee
            Member .append @26:5
              Receiver
                Name list @26:5
          Arg
            Name d @26:17
      Return @27:5
        Name list @27:12
  Function noChildren @30:1
    Return &List<XmlNode>
    Body
      Return @31:5
        Ref @31:12
          Operand
            Call @31:13
              Callee
                GenericName List<XmlNode> @31:13
  Function oneChild @34:1
    Param child: XmlNode
    Return &List<XmlNode>
    Body
      VarDecl var children: &List<XmlNode> @35:5
        Init
          Ref @35:36
            Operand
              Call @35:37
                Callee
                  GenericName List<XmlNode> @35:37
      ExprStmt @36:5
        Call @36:5
          Callee
            Member .append @36:5
              Receiver
                Name children @36:5
          Arg
            Name child @36:21
      Return @37:5
        Name children @37:12
  Function escapeText @40:1
    Param text: Str
    Return Str
    Body
      VarDecl var out: Str @41:5
        Init
          Call @41:20
            Callee
              Name Str @41:20
      VarDecl var i: Int @42:5
        Init
          IntLit 0 @42:18
      While @43:5
        Cond
          Binary < @43:12
            Lhs
              Name i @43:12
            Rhs
              Call @43:16
                Callee
                  Member .size @43:16
                    Receiver
                      Name text @43:16
        Body
          VarDecl val ch: Char @44:9
            Init
              Index @44:24
                Receiver
                  Name text @44:24
                Index
                  Name i @44:29
          If @45:9
            Cond
              Binary == @45:13
                Lhs
                  Name ch @45:13
                Rhs
                  CharLit '\\\\' @45:19
            Then
              ExprStmt @46:13
                Call @46:13
                  Callee
                    Member .append @46:13
                      Receiver
                        Name out @46:13
                  Arg
                    CharLit '\\\\' @46:24
              ExprStmt @47:13
                Call @47:13
                  Callee
                    Member .append @47:13
                      Receiver
                        Name out @47:13
                  Arg
                    CharLit '\\\\' @47:24
            Else
              If @48:16
                Cond
                  Binary == @48:20
                    Lhs
                      Name ch @48:20
                    Rhs
                      CharLit '\\n' @48:26
                Then
                  ExprStmt @49:13
                    Call @49:13
                      Callee
                        Member .append @49:13
                          Receiver
                            Name out @49:13
                      Arg
                        CharLit '\\\\' @49:24
                  ExprStmt @50:13
                    Call @50:13
                      Callee
                        Member .append @50:13
                          Receiver
                            Name out @50:13
                      Arg
                        CharLit 'n' @50:24
                Else
                  If @51:16
                    Cond
                      Binary == @51:20
                        Lhs
                          Name ch @51:20
                        Rhs
                          CharLit '\\r' @51:26
                    Then
                      ExprStmt @52:13
                        Call @52:13
                          Callee
                            Member .append @52:13
                              Receiver
                                Name out @52:13
                          Arg
                            CharLit '\\\\' @52:24
                      ExprStmt @53:13
                        Call @53:13
                          Callee
                            Member .append @53:13
                              Receiver
                                Name out @53:13
                          Arg
                            CharLit 'r' @53:24
                    Else
                      If @54:16
                        Cond
                          Binary == @54:20
                            Lhs
                              Name ch @54:20
                            Rhs
                              CharLit '\\t' @54:26
                        Then
                          ExprStmt @55:13
                            Call @55:13
                              Callee
                                Member .append @55:13
                                  Receiver
                                    Name out @55:13
                              Arg
                                CharLit '\\\\' @55:24
                          ExprStmt @56:13
                            Call @56:13
                              Callee
                                Member .append @56:13
                                  Receiver
                                    Name out @56:13
                              Arg
                                CharLit 't' @56:24
                        Else
                          If @57:16
                            Cond
                              Binary == @57:20
                                Lhs
                                  Name ch @57:20
                                Rhs
                                  CharLit '\\'' @57:26
                            Then
                              ExprStmt @58:13
                                Call @58:13
                                  Callee
                                    Member .append @58:13
                                      Receiver
                                        Name out @58:13
                                  Arg
                                    CharLit '\\\\' @58:24
                              ExprStmt @59:13
                                Call @59:13
                                  Callee
                                    Member .append @59:13
                                      Receiver
                                        Name out @59:13
                                  Arg
                                    CharLit '\\'' @59:24
                            Else
                              ExprStmt @61:13
                                Call @61:13
                                  Callee
                                    Member .append @61:13
                                      Receiver
                                        Name out @61:13
                                  Arg
                                    Name ch @61:24
          Assign = @63:9
            Target
              Name i @63:9
            Value
              Binary + @63:13
                Lhs
                  Name i @63:13
                Rhs
                  IntLit 1 @63:17
      Return @65:5
        Name out @65:12
  Function indentation @68:1
    Param depth: Int
    Return Str
    Body
      VarDecl var out: Str @69:5
        Init
          Call @69:20
            Callee
              Name Str @69:20
      VarDecl var i: Int @70:5
        Init
          IntLit 0 @70:18
      While @71:5
        Cond
          Binary < @71:12
            Lhs
              Name i @71:12
            Rhs
              Binary * @71:16
                Lhs
                  Name depth @71:16
                Rhs
                  IntLit 2 @71:24
        Body
          ExprStmt @72:9
            Call @72:9
              Callee
                Member .append @72:9
                  Receiver
                    Name out @72:9
              Arg
                CharLit ' ' @72:20
          Assign = @73:9
            Target
              Name i @73:9
            Value
              Binary + @73:13
                Lhs
                  Name i @73:13
                Rhs
                  IntLit 1 @73:17
      Return @75:5
        Name out @75:12
  Function dumpNode @78:1
    Param node: XmlNode
    Param depth: Int
    Return Str
    Body
      VarDecl var out: Str @79:5
        Init
          Binary + @79:20
            Lhs
              Call @79:20
                Callee
                  Name indentation @79:20
                Arg
                  Name depth @79:32
            Rhs
              Member .name @79:41
                Receiver
                  Name node @79:41
      VarDecl var i: Int @80:5
        Init
          IntLit 0 @80:18
      While @81:5
        Cond
          Binary < @81:12
            Lhs
              Name i @81:12
            Rhs
              Call @81:16
                Callee
                  Member .size @81:16
                    Receiver
                      Member .attributes @81:16
                        Receiver
                          Name node @81:16
        Body
          VarDecl val attribute: Attribute @82:9
            Init
              Index @82:36
                Receiver
                  Member .attributes @82:36
                    Receiver
                      Name node @82:36
                Index
                  Name i @82:52
          Assign = @83:9
            Target
              Name out @83:9
            Value
              Binary + @83:15
                Lhs
                  Binary + @83:15
                    Lhs
                      Binary + @83:15
                        Lhs
                          Binary + @83:15
                            Lhs
                              Binary + @83:15
                                Lhs
                                  Name out @83:15
                                Rhs
                                  StrLit " " @83:21
                            Rhs
                              Member .name @83:27
                                Receiver
                                  Name attribute @83:27
                        Rhs
                          StrLit "='" @83:44
                    Rhs
                      Call @83:51
                        Callee
                          Name escapeText @83:51
                        Arg
                          Member .value @83:62
                            Receiver
                              Name attribute @83:62
                Rhs
                  StrLit "'" @83:81
          Assign = @84:9
            Target
              Name i @84:9
            Value
              Binary + @84:13
                Lhs
                  Name i @84:13
                Rhs
                  IntLit 1 @84:17
      Assign = @86:5
        Target
          Name out @86:5
        Value
          Binary + @86:11
            Lhs
              Name out @86:11
            Rhs
              StrLit "\\n" @86:17
      VarDecl val children: &List<XmlNode> @88:5
        Init
          Member .Children @88:36
            Receiver
              Name node @88:36
      VarDecl var j: Int @89:5
        Init
          IntLit 0 @89:18
      While @90:5
        Cond
          Binary < @90:12
            Lhs
              Name j @90:12
            Rhs
              Call @90:16
                Callee
                  Member .size @90:16
                    Receiver
                      Name children @90:16
        Body
          Assign = @91:9
            Target
              Name out @91:9
            Value
              Binary + @91:15
                Lhs
                  Name out @91:15
                Rhs
                  Call @91:21
                    Callee
                      Name dumpNode @91:21
                    Arg
                      Index @91:30
                        Receiver
                          Name children @91:30
                        Index
                          Name j @91:39
                    Arg
                      Binary + @91:43
                        Lhs
                          Name depth @91:43
                        Rhs
                          IntLit 1 @91:51
          Assign = @92:9
            Target
              Name j @92:9
            Value
              Binary + @92:13
                Lhs
                  Name j @92:13
                Rhs
                  IntLit 1 @92:17
      Return @94:5
        Name out @94:12
  Function main @97:1
    Return Int
    Body
      VarDecl val typeNode: XmlNode @98:5
        Init
          Call @98:29
            Callee
              Name XmlNode @98:29
            Arg
              StrLit "Type" @98:37
            Arg
              Call @98:45
                Callee
                  Name attrs4 @98:45
                Arg
                  Call @98:52
                    Callee
                      Name attr @98:52
                    Arg
                      StrLit "kind" @98:57
                    Arg
                      StrLit "Type.Named" @98:65
                Arg
                  Call @98:80
                    Callee
                      Name attr @98:80
                    Arg
                      StrLit "line" @98:85
                    Arg
                      StrLit "1" @98:93
                Arg
                  Call @98:99
                    Callee
                      Name attr @98:99
                    Arg
                      StrLit "column" @98:104
                    Arg
                      StrLit "24" @98:114
                Arg
                  Call @98:121
                    Callee
                      Name attr @98:121
                    Arg
                      StrLit "name" @98:126
                    Arg
                      StrLit "Int" @98:134
            Arg
              Call @98:143
                Callee
                  Name noChildren @98:143
      VarDecl val fieldNode: XmlNode @99:5
        Init
          Call @99:30
            Callee
              Name XmlNode @99:30
            Arg
              StrLit "Field" @99:38
            Arg
              Call @99:47
                Callee
                  Name attrs4 @99:47
                Arg
                  Call @99:54
                    Callee
                      Name attr @99:54
                    Arg
                      StrLit "name" @99:59
                    Arg
                      StrLit "n" @99:67
                Arg
                  Call @99:73
                    Callee
                      Name attr @99:73
                    Arg
                      StrLit "isVar" @99:78
                    Arg
                      StrLit "true" @99:87
                Arg
                  Call @99:96
                    Callee
                      Name attr @99:96
                    Arg
                      StrLit "line" @99:101
                    Arg
                      StrLit "1" @99:109
                Arg
                  Call @99:115
                    Callee
                      Name attr @99:115
                    Arg
                      StrLit "column" @99:120
                    Arg
                      StrLit "17" @99:130
            Arg
              Call @99:138
                Callee
                  Name oneChild @99:138
                Arg
                  Name typeNode @99:147
      VarDecl val dataClassNode: XmlNode @100:5
        Init
          Call @100:34
            Callee
              Name XmlNode @100:34
            Arg
              StrLit "DataClass" @100:42
            Arg
              Call @100:55
                Callee
                  Name attrs4 @100:55
                Arg
                  Call @100:62
                    Callee
                      Name attr @100:62
                    Arg
                      StrLit "kind" @100:67
                    Arg
                      StrLit "DataClass" @100:75
                Arg
                  Call @100:89
                    Callee
                      Name attr @100:89
                    Arg
                      StrLit "line" @100:94
                    Arg
                      StrLit "1" @100:102
                Arg
                  Call @100:108
                    Callee
                      Name attr @100:108
                    Arg
                      StrLit "column" @100:113
                    Arg
                      StrLit "1" @100:123
                Arg
                  Call @100:129
                    Callee
                      Name attr @100:129
                    Arg
                      StrLit "name" @100:134
                    Arg
                      StrLit "Tile" @100:142
            Arg
              Call @100:152
                Callee
                  Name oneChild @100:152
                Arg
                  Name fieldNode @100:161
      VarDecl val moduleNode: XmlNode @101:5
        Init
          Call @101:31
            Callee
              Name XmlNode @101:31
            Arg
              StrLit "Module" @101:39
            Arg
              Call @101:49
                Callee
                  Name attrs3 @101:49
                Arg
                  Call @101:56
                    Callee
                      Name attr @101:56
                    Arg
                      StrLit "kind" @101:61
                    Arg
                      StrLit "Module" @101:69
                Arg
                  Call @101:80
                    Callee
                      Name attr @101:80
                    Arg
                      StrLit "line" @101:85
                    Arg
                      StrLit "1" @101:93
                Arg
                  Call @101:99
                    Callee
                      Name attr @101:99
                    Arg
                      StrLit "column" @101:104
                    Arg
                      StrLit "1" @101:114
            Arg
              Call @101:121
                Callee
                  Name oneChild @101:121
                Arg
                  Name dataClassNode @101:130
      ExprStmt @103:5
        Call @103:5
          Callee
            Name print @103:5
          Arg
            Call @103:11
              Callee
                Name dumpNode @103:11
              Arg
                Name moduleNode @103:20
              Arg
                IntLit 0 @103:32
      Return @104:5
        IntLit 0 @104:12
