ReservedWord	1:1	package
Space	1:8	 
Identifier	1:9	fixtures
EndOfLine	1:17	\n
Comment	2:1	// T14: exercises switch, null nullability, the Str/Char library, numeric
EndOfLine	2:74	\n
Comment	3:1	// conversions, min/max, and enum toInt/fromInt.
EndOfLine	3:49	\n
EndOfLine	4:1	\n
ReservedWord	5:1	enum
Space	5:5	 
Identifier	5:6	Color
Space	5:11	 
Operator	5:12	{
EndOfLine	5:13	\n
Space	6:1	    
Identifier	6:5	Red
Operator	6:8	,
EndOfLine	6:9	\n
Space	7:1	    
Identifier	7:5	Green
Space	7:10	 
Operator	7:11	=
Space	7:12	 
Number	7:13	4
Operator	7:14	,
EndOfLine	7:15	\n
Space	8:1	    
Identifier	8:5	Blue
EndOfLine	8:9	\n
Operator	9:1	}
EndOfLine	9:2	\n
EndOfLine	10:1	\n
ReservedWord	11:1	data
Space	11:5	 
ReservedWord	11:6	class
Space	11:11	 
Identifier	11:12	Box
Operator	11:15	(
ReservedWord	11:16	var
Space	11:19	 
Identifier	11:20	value
Operator	11:25	:
Space	11:26	 
Identifier	11:27	Int
Operator	11:30	)
EndOfLine	11:31	\n
EndOfLine	12:1	\n
ReservedWord	13:1	fun
Space	13:4	 
Identifier	13:5	label
Operator	13:10	(
Identifier	13:11	c
Operator	13:12	:
Space	13:13	 
Identifier	13:14	Color
Operator	13:19	)
Operator	13:20	:
Space	13:21	 
Identifier	13:22	Str
Space	13:25	 
Operator	13:26	{
EndOfLine	13:27	\n
Space	14:1	    
ReservedWord	14:5	switch
Space	14:11	 
Operator	14:12	(
Identifier	14:13	c
Operator	14:14	)
Space	14:15	 
Operator	14:16	{
EndOfLine	14:17	\n
Space	15:1	        
ReservedWord	15:9	case
Space	15:13	 
Identifier	15:14	Color
Operator	15:19	.
Identifier	15:20	Red
Operator	15:23	:
EndOfLine	15:24	\n
Space	16:1	            
ReservedWord	16:13	return
Space	16:19	 
String	16:20	"red"
EndOfLine	16:25	\n
Space	17:1	        
ReservedWord	17:9	case
Space	17:13	 
Identifier	17:14	Color
Operator	17:19	.
Identifier	17:20	Green
Operator	17:25	:
EndOfLine	17:26	\n
Space	18:1	            
ReservedWord	18:13	return
Space	18:19	 
String	18:20	"green"
EndOfLine	18:27	\n
Space	19:1	        
ReservedWord	19:9	default
Operator	19:16	:
EndOfLine	19:17	\n
Space	20:1	            
ReservedWord	20:13	return
Space	20:19	 
String	20:20	"other"
EndOfLine	20:27	\n
Space	21:1	    
Operator	21:5	}
EndOfLine	21:6	\n
Operator	22:1	}
EndOfLine	22:2	\n
EndOfLine	23:1	\n
ReservedWord	24:1	fun
Space	24:4	 
Identifier	24:5	describe
Operator	24:13	(
Identifier	24:14	n
Operator	24:15	:
Space	24:16	 
Identifier	24:17	Int
Operator	24:20	)
Operator	24:21	:
Space	24:22	 
Identifier	24:23	Str
Space	24:26	 
Operator	24:27	{
EndOfLine	24:28	\n
Space	25:1	    
ReservedWord	25:5	switch
Space	25:11	 
Operator	25:12	(
Identifier	25:13	n
Operator	25:14	)
Space	25:15	 
Operator	25:16	{
EndOfLine	25:17	\n
Space	26:1	        
ReservedWord	26:9	case
Space	26:13	 
Number	26:14	0
Operator	26:15	:
EndOfLine	26:16	\n
Space	27:1	            
ReservedWord	27:13	return
Space	27:19	 
String	27:20	"zero"
EndOfLine	27:26	\n
Space	28:1	        
ReservedWord	28:9	case
Space	28:13	 
Number	28:14	1
Operator	28:15	:
EndOfLine	28:16	\n
Space	29:1	            
ReservedWord	29:13	return
Space	29:19	 
String	29:20	"one"
EndOfLine	29:25	\n
Space	30:1	        
ReservedWord	30:9	default
Operator	30:16	:
EndOfLine	30:17	\n
Space	31:1	            
ReservedWord	31:13	return
Space	31:19	 
String	31:20	"many"
EndOfLine	31:26	\n
Space	32:1	    
Operator	32:5	}
EndOfLine	32:6	\n
Operator	33:1	}
EndOfLine	33:2	\n
EndOfLine	34:1	\n
ReservedWord	35:1	fun
Space	35:4	 
Identifier	35:5	maybeRef
Operator	35:13	(
Identifier	35:14	flag
Operator	35:18	:
Space	35:19	 
Identifier	35:20	Bool
Operator	35:24	)
Operator	35:25	:
Space	35:26	 
Operator	35:27	&
Identifier	35:28	Box
Space	35:31	 
Operator	35:32	{
EndOfLine	35:33	\n
Space	36:1	    
ReservedWord	36:5	if
Space	36:7	 
Operator	36:8	(
Identifier	36:9	flag
Operator	36:13	)
Space	36:14	 
Operator	36:15	{
EndOfLine	36:16	\n
Space	37:1	        
ReservedWord	37:9	return
Space	37:15	 
Operator	37:16	&
Identifier	37:17	Box
Operator	37:20	(
Number	37:21	7
Operator	37:22	)
EndOfLine	37:23	\n
Space	38:1	    
Operator	38:5	}
EndOfLine	38:6	\n
Space	39:1	    
ReservedWord	39:5	return
Space	39:11	 
ReservedWord	39:12	null
EndOfLine	39:16	\n
Operator	40:1	}
EndOfLine	40:2	\n
EndOfLine	41:1	\n
ReservedWord	42:1	fun
Space	42:4	 
Identifier	42:5	maybePointer
Operator	42:17	(
Identifier	42:18	box
Operator	42:21	:
Space	42:22	 
Operator	42:23	&
Identifier	42:24	Box
Operator	42:27	,
Space	42:28	 
Identifier	42:29	flag
Operator	42:33	:
Space	42:34	 
Identifier	42:35	Bool
Operator	42:39	)
Operator	42:40	:
Space	42:41	 
Operator	42:42	*
Identifier	42:43	Box
Space	42:46	 
Operator	42:47	{
EndOfLine	42:48	\n
Space	43:1	    
ReservedWord	43:5	if
Space	43:7	 
Operator	43:8	(
Identifier	43:9	flag
Operator	43:13	)
Space	43:14	 
Operator	43:15	{
EndOfLine	43:16	\n
Space	44:1	        
ReservedWord	44:9	return
Space	44:15	 
Operator	44:16	*
Identifier	44:17	box
EndOfLine	44:20	\n
Space	45:1	    
Operator	45:5	}
EndOfLine	45:6	\n
Space	46:1	    
ReservedWord	46:5	return
Space	46:11	 
ReservedWord	46:12	null
EndOfLine	46:16	\n
Operator	47:1	}
EndOfLine	47:2	\n
EndOfLine	48:1	\n
ReservedWord	49:1	fun
Space	49:4	 
Identifier	49:5	main
Operator	49:9	(
Operator	49:10	)
Operator	49:11	:
Space	49:12	 
Identifier	49:13	Int
Space	49:16	 
Operator	49:17	{
EndOfLine	49:18	\n
Space	50:1	    
Identifier	50:5	println
Operator	50:12	(
Identifier	50:13	label
Operator	50:18	(
Identifier	50:19	Color
Operator	50:24	.
Identifier	50:25	Red
Operator	50:28	)
Operator	50:29	)
EndOfLine	50:30	\n
Space	51:1	    
Identifier	51:5	println
Operator	51:12	(
Identifier	51:13	label
Operator	51:18	(
Identifier	51:19	Color
Operator	51:24	.
Identifier	51:25	Green
Operator	51:30	)
Operator	51:31	)
EndOfLine	51:32	\n
Space	52:1	    
Identifier	52:5	println
Operator	52:12	(
Identifier	52:13	label
Operator	52:18	(
Identifier	52:19	Color
Operator	52:24	.
Identifier	52:25	Blue
Operator	52:29	)
Operator	52:30	)
EndOfLine	52:31	\n
Space	53:1	    
Identifier	53:5	println
Operator	53:12	(
Identifier	53:13	describe
Operator	53:21	(
Number	53:22	0
Operator	53:23	)
Operator	53:24	)
EndOfLine	53:25	\n
Space	54:1	    
Identifier	54:5	println
Operator	54:12	(
Identifier	54:13	describe
Operator	54:21	(
Number	54:22	5
Operator	54:23	)
Operator	54:24	)
EndOfLine	54:25	\n
EndOfLine	55:1	\n
Space	56:1	    
Identifier	56:5	println
Operator	56:12	(
Identifier	56:13	Color
Operator	56:18	.
Identifier	56:19	Green
Operator	56:24	.
Identifier	56:25	toInt
Operator	56:30	(
Operator	56:31	)
Operator	56:32	)
EndOfLine	56:33	\n
Space	57:1	    
ReservedWord	57:5	val
Space	57:8	 
Identifier	57:9	parsed
Operator	57:15	:
Space	57:16	 
Identifier	57:17	Opt
Operator	57:20	<
Identifier	57:21	Color
Operator	57:26	>
Space	57:27	 
Operator	57:28	=
Space	57:29	 
Identifier	57:30	Color
Operator	57:35	.
Identifier	57:36	fromInt
Operator	57:43	(
Number	57:44	4
Operator	57:45	)
EndOfLine	57:46	\n
Space	58:1	    
ReservedWord	58:5	if
Space	58:7	 
Operator	58:8	(
Identifier	58:9	parsed
Operator	58:15	.
Identifier	58:16	hasValue
Operator	58:24	(
Operator	58:25	)
Operator	58:26	)
Space	58:27	 
Operator	58:28	{
EndOfLine	58:29	\n
Space	59:1	        
Identifier	59:9	println
Operator	59:16	(
String	59:17	"parsed"
Operator	59:25	)
EndOfLine	59:26	\n
Space	60:1	    
Operator	60:5	}
EndOfLine	60:6	\n
Space	61:1	    
ReservedWord	61:5	val
Space	61:8	 
Identifier	61:9	missingColor
Operator	61:21	:
Space	61:22	 
Identifier	61:23	Opt
Operator	61:26	<
Identifier	61:27	Color
Operator	61:32	>
Space	61:33	 
Operator	61:34	=
Space	61:35	 
Identifier	61:36	Color
Operator	61:41	.
Identifier	61:42	fromInt
Operator	61:49	(
Number	61:50	9
Operator	61:51	)
EndOfLine	61:52	\n
Space	62:1	    
ReservedWord	62:5	if
Space	62:7	 
Operator	62:8	(
Operator	62:9	!
Identifier	62:10	missingColor
Operator	62:22	.
Identifier	62:23	hasValue
Operator	62:31	(
Operator	62:32	)
Operator	62:33	)
Space	62:34	 
Operator	62:35	{
EndOfLine	62:36	\n
Space	63:1	        
Identifier	63:9	println
Operator	63:16	(
String	63:17	"missing color"
Operator	63:32	)
EndOfLine	63:33	\n
Space	64:1	    
Operator	64:5	}
EndOfLine	64:6	\n
EndOfLine	65:1	\n
Space	66:1	    
ReservedWord	66:5	val
Space	66:8	 
Identifier	66:9	present
Operator	66:16	:
Space	66:17	 
Operator	66:18	&
Identifier	66:19	Box
Space	66:22	 
Operator	66:23	=
Space	66:24	 
Identifier	66:25	maybeRef
Operator	66:33	(
ReservedWord	66:34	true
Operator	66:38	)
EndOfLine	66:39	\n
Space	67:1	    
ReservedWord	67:5	if
Space	67:7	 
Operator	67:8	(
Identifier	67:9	present
Space	67:16	 
Operator	67:17	!=
Space	67:19	 
ReservedWord	67:20	null
Operator	67:24	)
Space	67:25	 
Operator	67:26	{
EndOfLine	67:27	\n
Space	68:1	        
Identifier	68:9	println
Operator	68:16	(
Identifier	68:17	present
Operator	68:24	.
Identifier	68:25	value
Operator	68:30	)
EndOfLine	68:31	\n
Space	69:1	    
Operator	69:5	}
EndOfLine	69:6	\n
Space	70:1	    
ReservedWord	70:5	val
Space	70:8	 
Identifier	70:9	absent
Operator	70:15	:
Space	70:16	 
Operator	70:17	&
Identifier	70:18	Box
Space	70:21	 
Operator	70:22	=
Space	70:23	 
Identifier	70:24	maybeRef
Operator	70:32	(
ReservedWord	70:33	false
Operator	70:38	)
EndOfLine	70:39	\n
Space	71:1	    
ReservedWord	71:5	if
Space	71:7	 
Operator	71:8	(
Identifier	71:9	absent
Space	71:15	 
Operator	71:16	==
Space	71:18	 
ReservedWord	71:19	null
Operator	71:23	)
Space	71:24	 
Operator	71:25	{
EndOfLine	71:26	\n
Space	72:1	        
Identifier	72:9	println
Operator	72:16	(
String	72:17	"absent"
Operator	72:25	)
EndOfLine	72:26	\n
Space	73:1	    
Operator	73:5	}
EndOfLine	73:6	\n
Space	74:1	    
ReservedWord	74:5	val
Space	74:8	 
Identifier	74:9	boxed
Operator	74:14	:
Space	74:15	 
Operator	74:16	&
Identifier	74:17	Box
Space	74:20	 
Operator	74:21	=
Space	74:22	 
Operator	74:23	&
Identifier	74:24	Box
Operator	74:27	(
Number	74:28	3
Operator	74:29	)
EndOfLine	74:30	\n
Space	75:1	    
ReservedWord	75:5	val
Space	75:8	 
Identifier	75:9	rawPresent
Operator	75:19	:
Space	75:20	 
Operator	75:21	*
Identifier	75:22	Box
Space	75:25	 
Operator	75:26	=
Space	75:27	 
Identifier	75:28	maybePointer
Operator	75:40	(
Identifier	75:41	boxed
Operator	75:46	,
Space	75:47	 
ReservedWord	75:48	true
Operator	75:52	)
EndOfLine	75:53	\n
Space	76:1	    
ReservedWord	76:5	if
Space	76:7	 
Operator	76:8	(
Identifier	76:9	rawPresent
Space	76:19	 
Operator	76:20	!=
Space	76:22	 
ReservedWord	76:23	null
Operator	76:27	)
Space	76:28	 
Operator	76:29	{
EndOfLine	76:30	\n
Space	77:1	        
Identifier	77:9	println
Operator	77:16	(
Identifier	77:17	rawPresent
Operator	77:27	.
Identifier	77:28	value
Operator	77:33	)
EndOfLine	77:34	\n
Space	78:1	    
Operator	78:5	}
EndOfLine	78:6	\n
Space	79:1	    
ReservedWord	79:5	val
Space	79:8	 
Identifier	79:9	rawAbsent
Operator	79:18	:
Space	79:19	 
Operator	79:20	*
Identifier	79:21	Box
Space	79:24	 
Operator	79:25	=
Space	79:26	 
Identifier	79:27	maybePointer
Operator	79:39	(
Identifier	79:40	boxed
Operator	79:45	,
Space	79:46	 
ReservedWord	79:47	false
Operator	79:52	)
EndOfLine	79:53	\n
Space	80:1	    
ReservedWord	80:5	if
Space	80:7	 
Operator	80:8	(
Identifier	80:9	rawAbsent
Space	80:18	 
Operator	80:19	==
Space	80:21	 
ReservedWord	80:22	null
Operator	80:26	)
Space	80:27	 
Operator	80:28	{
EndOfLine	80:29	\n
Space	81:1	        
Identifier	81:9	println
Operator	81:16	(
String	81:17	"null raw"
Operator	81:27	)
EndOfLine	81:28	\n
Space	82:1	    
Operator	82:5	}
EndOfLine	82:6	\n
EndOfLine	83:1	\n
Space	84:1	    
ReservedWord	84:5	val
Space	84:8	 
Identifier	84:9	text
Operator	84:13	:
Space	84:14	 
Identifier	84:15	Str
Space	84:18	 
Operator	84:19	=
Space	84:20	 
String	84:21	"hello world"
EndOfLine	84:34	\n
Space	85:1	    
Identifier	85:5	println
Operator	85:12	(
Identifier	85:13	text
Operator	85:17	.
Identifier	85:18	find
Operator	85:22	(
String	85:23	"world"
Operator	85:30	)
Operator	85:31	)
EndOfLine	85:32	\n
Space	86:1	    
Identifier	86:5	println
Operator	86:12	(
Identifier	86:13	text
Operator	86:17	.
Identifier	86:18	find
Operator	86:22	(
String	86:23	"zzz"
Operator	86:28	)
Operator	86:29	)
EndOfLine	86:30	\n
Space	87:1	    
Identifier	87:5	println
Operator	87:12	(
Identifier	87:13	text
Operator	87:17	.
Identifier	87:18	substr
Operator	87:24	(
Number	87:25	0
Operator	87:26	,
Space	87:27	 
Number	87:28	5
Operator	87:29	)
Operator	87:30	)
EndOfLine	87:31	\n
Space	88:1	    
Identifier	88:5	println
Operator	88:12	(
Identifier	88:13	text
Operator	88:17	.
Identifier	88:18	startsWith
Operator	88:28	(
String	88:29	"hello"
Operator	88:36	)
Operator	88:37	)
EndOfLine	88:38	\n
Space	89:1	    
Identifier	89:5	println
Operator	89:12	(
Identifier	89:13	text
Operator	89:17	.
Identifier	89:18	endsWith
Operator	89:26	(
String	89:27	"world"
Operator	89:34	)
Operator	89:35	)
EndOfLine	89:36	\n
Space	90:1	    
Identifier	90:5	println
Operator	90:12	(
Identifier	90:13	text
Operator	90:17	.
Identifier	90:18	replace
Operator	90:25	(
String	90:26	"world"
Operator	90:33	,
Space	90:34	 
String	90:35	"simse"
Operator	90:42	)
Operator	90:43	)
EndOfLine	90:44	\n
Space	91:1	    
ReservedWord	91:5	val
Space	91:8	 
Identifier	91:9	number
Operator	91:15	:
Space	91:16	 
Identifier	91:17	Opt
Operator	91:20	<
Identifier	91:21	Int
Operator	91:24	>
Space	91:25	 
Operator	91:26	=
Space	91:27	 
String	91:28	"42"
Operator	91:32	.
Identifier	91:33	toInt
Operator	91:38	(
Operator	91:39	)
EndOfLine	91:40	\n
Space	92:1	    
ReservedWord	92:5	if
Space	92:7	 
Operator	92:8	(
Identifier	92:9	number
Operator	92:15	.
Identifier	92:16	hasValue
Operator	92:24	(
Operator	92:25	)
Operator	92:26	)
Space	92:27	 
Operator	92:28	{
EndOfLine	92:29	\n
Space	93:1	        
Identifier	93:9	println
Operator	93:16	(
Identifier	93:17	number
Operator	93:23	.
Identifier	93:24	value
Operator	93:29	(
Operator	93:30	)
Operator	93:31	)
EndOfLine	93:32	\n
Space	94:1	    
Operator	94:5	}
EndOfLine	94:6	\n
Space	95:1	    
ReservedWord	95:5	val
Space	95:8	 
Identifier	95:9	badNumber
Operator	95:18	:
Space	95:19	 
Identifier	95:20	Opt
Operator	95:23	<
Identifier	95:24	Int
Operator	95:27	>
Space	95:28	 
Operator	95:29	=
Space	95:30	 
String	95:31	"nope"
Operator	95:37	.
Identifier	95:38	toInt
Operator	95:43	(
Operator	95:44	)
EndOfLine	95:45	\n
Space	96:1	    
ReservedWord	96:5	if
Space	96:7	 
Operator	96:8	(
Operator	96:9	!
Identifier	96:10	badNumber
Operator	96:19	.
Identifier	96:20	hasValue
Operator	96:28	(
Operator	96:29	)
Operator	96:30	)
Space	96:31	 
Operator	96:32	{
EndOfLine	96:33	\n
Space	97:1	        
Identifier	97:9	println
Operator	97:16	(
String	97:17	"bad int"
Operator	97:26	)
EndOfLine	97:27	\n
Space	98:1	    
Operator	98:5	}
EndOfLine	98:6	\n
Space	99:1	    
ReservedWord	99:5	val
Space	99:8	 
Identifier	99:9	fraction
Operator	99:17	:
Space	99:18	 
Identifier	99:19	Opt
Operator	99:22	<
Identifier	99:23	Float64
Operator	99:30	>
Space	99:31	 
Operator	99:32	=
Space	99:33	 
String	99:34	"2.5"
Operator	99:39	.
Identifier	99:40	toFloat
Operator	99:47	(
Operator	99:48	)
EndOfLine	99:49	\n
Space	100:1	    
ReservedWord	100:5	if
Space	100:7	 
Operator	100:8	(
Identifier	100:9	fraction
Operator	100:17	.
Identifier	100:18	hasValue
Operator	100:26	(
Operator	100:27	)
Operator	100:28	)
Space	100:29	 
Operator	100:30	{
EndOfLine	100:31	\n
Space	101:1	        
Identifier	101:9	println
Operator	101:16	(
Identifier	101:17	fraction
Operator	101:25	.
Identifier	101:26	value
Operator	101:31	(
Operator	101:32	)
Operator	101:33	)
EndOfLine	101:34	\n
Space	102:1	    
Operator	102:5	}
EndOfLine	102:6	\n
EndOfLine	103:1	\n
Space	104:1	    
ReservedWord	104:5	val
Space	104:8	 
Identifier	104:9	letter
Operator	104:15	:
Space	104:16	 
Identifier	104:17	Char
Space	104:21	 
Operator	104:22	=
Space	104:23	 
Character	104:24	'a'
EndOfLine	104:27	\n
Space	105:1	    
Identifier	105:5	println
Operator	105:12	(
Identifier	105:13	letter
Operator	105:19	.
Identifier	105:20	isAlpha
Operator	105:27	(
Operator	105:28	)
Operator	105:29	)
EndOfLine	105:30	\n
Space	106:1	    
Identifier	106:5	println
Operator	106:12	(
Identifier	106:13	letter
Operator	106:19	.
Identifier	106:20	isDigit
Operator	106:27	(
Operator	106:28	)
Operator	106:29	)
EndOfLine	106:30	\n
Space	107:1	    
Identifier	107:5	println
Operator	107:12	(
Character	107:13	'7'
Operator	107:16	.
Identifier	107:17	isDigit
Operator	107:24	(
Operator	107:25	)
Operator	107:26	)
EndOfLine	107:27	\n
Space	108:1	    
Identifier	108:5	println
Operator	108:12	(
Character	108:13	' '
Operator	108:16	.
Identifier	108:17	isSpace
Operator	108:24	(
Operator	108:25	)
Operator	108:26	)
EndOfLine	108:27	\n
EndOfLine	109:1	\n
Space	110:1	    
ReservedWord	110:5	val
Space	110:8	 
Identifier	110:9	small
Operator	110:14	:
Space	110:15	 
Identifier	110:16	Int8
Space	110:20	 
Operator	110:21	=
Space	110:22	 
Number	110:23	5
EndOfLine	110:24	\n
Space	111:1	    
Identifier	111:5	println
Operator	111:12	(
Identifier	111:13	small
Operator	111:18	.
Identifier	111:19	toString
Operator	111:27	(
Operator	111:28	)
Operator	111:29	)
EndOfLine	111:30	\n
Space	112:1	    
Identifier	112:5	println
Operator	112:12	(
ReservedWord	112:13	true
Operator	112:17	.
Identifier	112:18	toString
Operator	112:26	(
Operator	112:27	)
Operator	112:28	)
EndOfLine	112:29	\n
Space	113:1	    
Identifier	113:5	println
Operator	113:12	(
Number	113:13	2.5
Operator	113:16	.
Identifier	113:17	toString
Operator	113:25	(
Operator	113:26	)
Operator	113:27	)
EndOfLine	113:28	\n
EndOfLine	114:1	\n
Space	115:1	    
Identifier	115:5	println
Operator	115:12	(
Identifier	115:13	min
Operator	115:16	(
Number	115:17	3
Operator	115:18	,
Space	115:19	 
Number	115:20	9
Operator	115:21	)
Operator	115:22	)
EndOfLine	115:23	\n
Space	116:1	    
Identifier	116:5	println
Operator	116:12	(
Identifier	116:13	max
Operator	116:16	(
Number	116:17	3
Operator	116:18	,
Space	116:19	 
Number	116:20	9
Operator	116:21	)
Operator	116:22	)
EndOfLine	116:23	\n
EndOfLine	117:1	\n
Space	118:1	    
ReservedWord	118:5	return
Space	118:11	 
Number	118:12	0
EndOfLine	118:13	\n
Operator	119:1	}
EndOfLine	119:2	\n
