Module @1:1
  DataClass Counter @1:1
    Field var value: Int @1:20
    Function bump @2:5
      Return Int
      Body
        Return @3:9
          Binary + @3:16
            Lhs
              Member .value @3:16
                Receiver
                  Name this @3:16
            Rhs
              IntLit 1 @3:29
  Function main @7:1
    Return Int
    Body
      VarDecl var i: Int @8:5
        Init
          IntLit 0 @8:18
      VarDecl var total: Int @9:5
        Init
          IntLit 0 @9:22
      While @10:5
        Cond
          Binary < @10:12
            Lhs
              Name i @10:12
            Rhs
              IntLit 5 @10:16
        Body
          Assign = @11:9
            Target
              Name total @11:9
            Value
              Binary + @11:17
                Lhs
                  Name total @11:17
                Rhs
                  Name i @11:25
          Assign = @12:9
            Target
              Name i @12:9
            Value
              Binary + @12:13
                Lhs
                  Name i @12:13
                Rhs
                  IntLit 1 @12:17
      VarDecl val c: Counter @14:5
        Init
          Call @14:22
            Callee
              Name Counter @14:22
            Arg
              IntLit 10 @14:30
      If @15:5
        Cond
          Binary > @15:9
            Lhs
              Name total @15:9
            Rhs
              IntLit 5 @15:17
        Then
          ExprStmt @16:9
            Call @16:9
              Callee
                Name println @16:9
              Arg
                Name total @16:17
        Else
          ExprStmt @18:9
            Call @18:9
              Callee
                Name println @18:9
              Arg
                Call @18:17
                  Callee
                    Member .bump @18:17
                      Receiver
                        Name c @18:17
      ExprStmt @20:5
        Call @20:5
          Callee
            Name println @20:5
          Arg
            BoolLit true @20:13
      Return @21:5
        IntLit 0 @21:12
