Module kind='Module' line='1' column='1'
  DataClass kind='DataClass' line='1' column='1' name='Pair'
    TypeParam name='A'
    TypeParam name='B'
    Field name='first' isVar='true' line='1' column='23'
      Type kind='Type.Named' line='1' column='34' name='A'
    Field name='second' isVar='true' line='1' column='37'
      Type kind='Type.Named' line='1' column='49' name='B'
  Function kind='Function' line='3' column='1' name='identity' isNative='false' hasBody='true' hasReceiver='false' hasNativeSymbol='false'
    TypeParam name='T'
    Param name='value' line='3' column='17'
      Type kind='Type.Named' line='3' column='24' name='T'
    ReturnType kind='Type.Named' line='3' column='28' name='T'
    Body
      Stmt kind='Stmt.Return' line='4' column='5'
        Value kind='Expr.Name' line='4' column='12' name='value'
  Function kind='Function' line='7' column='1' name='main' isNative='false' hasBody='true' hasReceiver='false' hasNativeSymbol='false'
    ReturnType kind='Type.Named' line='7' column='13' name='Int'
    Body
      Stmt kind='Stmt.VarDecl' line='8' column='5' name='numbers' isVar='false'
        Type kind='Type.Generic' line='8' column='18' name='List'
          TypeArg kind='Type.Named' line='8' column='23' name='Int'
        Init kind='Expr.Call' line='8' column='30'
          Callee kind='Expr.GenericName' line='8' column='30' name='List'
            TypeArg kind='Type.Named' line='8' column='35' name='Int'
      Stmt kind='Stmt.VarDecl' line='9' column='5' name='vector' isVar='false'
        Type kind='Type.Generic' line='9' column='17' name='SmallVector'
          TypeArg kind='Type.IntLit' line='9' column='29' text='4'
          TypeArg kind='Type.Named' line='9' column='32' name='Int'
        Init kind='Expr.Call' line='9' column='39'
          Callee kind='Expr.GenericName' line='9' column='39' name='SmallVector'
            TypeArg kind='Type.IntLit' line='9' column='51' text='4'
            TypeArg kind='Type.Named' line='9' column='54' name='Int'
      Stmt kind='Stmt.VarDecl' line='10' column='5' name='a' isVar='false'
        Type kind='Type.Generic' line='10' column='12' name='Pair'
          TypeArg kind='Type.Named' line='10' column='17' name='Int'
          TypeArg kind='Type.Named' line='10' column='22' name='Bool'
        Init kind='Expr.Call' line='10' column='30'
          Callee kind='Expr.GenericName' line='10' column='30' name='Pair'
            TypeArg kind='Type.Named' line='10' column='35' name='Int'
            TypeArg kind='Type.Named' line='10' column='40' name='Bool'
          Arg kind='Expr.IntLit' line='10' column='46' text='1'
          Arg kind='Expr.BoolLit' line='10' column='49' value='true'
      Stmt kind='Stmt.VarDecl' line='11' column='5' name='b' isVar='false'
        Type kind='Type.Generic' line='11' column='12' name='Pair'
          TypeArg kind='Type.Named' line='11' column='17' name='Str'
          TypeArg kind='Type.Named' line='11' column='22' name='Int'
        Init kind='Expr.Call' line='11' column='29'
          Callee kind='Expr.GenericName' line='11' column='29' name='Pair'
            TypeArg kind='Type.Named' line='11' column='34' name='Str'
            TypeArg kind='Type.Named' line='11' column='39' name='Int'
          Arg kind='Expr.StrLit' line='11' column='44' text='"two"'
          Arg kind='Expr.IntLit' line='11' column='51' text='2'
      Stmt kind='Stmt.ExprStmt' line='12' column='5'
        Expr kind='Expr.Call' line='12' column='5'
          Callee kind='Expr.Name' line='12' column='5' name='println'
          Arg kind='Expr.Call' line='12' column='13'
            Callee kind='Expr.GenericName' line='12' column='13' name='identity'
              TypeArg kind='Type.Named' line='12' column='22' name='Int'
            Arg kind='Expr.IntLit' line='12' column='27' text='7'
      Stmt kind='Stmt.ExprStmt' line='13' column='5'
        Expr kind='Expr.Call' line='13' column='5'
          Callee kind='Expr.Name' line='13' column='5' name='println'
          Arg kind='Expr.Member' line='13' column='13' name='first'
            Receiver kind='Expr.Name' line='13' column='13' name='a'
      Stmt kind='Stmt.ExprStmt' line='14' column='5'
        Expr kind='Expr.Call' line='14' column='5'
          Callee kind='Expr.Name' line='14' column='5' name='println'
          Arg kind='Expr.Member' line='14' column='13' name='second'
            Receiver kind='Expr.Name' line='14' column='13' name='b'
      Stmt kind='Stmt.ExprStmt' line='15' column='5'
        Expr kind='Expr.Call' line='15' column='5'
          Callee kind='Expr.Name' line='15' column='5' name='println'
          Arg kind='Expr.Call' line='15' column='13'
            Callee kind='Expr.Member' line='15' column='13' name='size'
              Receiver kind='Expr.Name' line='15' column='13' name='numbers'
      Stmt kind='Stmt.Return' line='16' column='5'
        Value kind='Expr.IntLit' line='16' column='12' text='0'
