Module @1:1
  Package fixtures @1:1
  Function main @4:1
    Return Int
    Body
      VarDecl val raw: Str @5:5
        Init
          StrLit "  Hello,World  " @5:20
      VarDecl val text: Str @6:5
        Init
          Call @6:21
            Callee
              Member .trim @6:21
                Receiver
                  Name raw @6:21
      ExprStmt @7:5
        Call @7:5
          Callee
            Name println @7:5
          Arg
            Name text @7:13
      ExprStmt @8:5
        Call @8:5
          Callee
            Name println @8:5
          Arg
            Call @8:13
              Callee
                Member .toUpper @8:13
                  Receiver
                    Name text @8:13
      ExprStmt @9:5
        Call @9:5
          Callee
            Name println @9:5
          Arg
            Call @9:13
              Callee
                Member .toLower @9:13
                  Receiver
                    Name text @9:13
      ExprStmt @10:5
        Call @10:5
          Callee
            Name println @10:5
          Arg
            Call @10:13
              Callee
                Member .isEmpty @10:13
                  Receiver
                    Name text @10:13
      ExprStmt @11:5
        Call @11:5
          Callee
            Name println @11:5
          Arg
            Call @11:13
              Callee
                Member .isEmpty @11:13
                  Receiver
                    Call @11:13
                      Callee
                        Name Str @11:13
      ExprStmt @12:5
        Call @12:5
          Callee
            Name println @12:5
          Arg
            Call @12:13
              Callee
                Member .size @12:13
                  Receiver
                    Name text @12:13
      VarDecl val parts: List<Str> @14:5
        Init
          Call @14:28
            Callee
              Member .split @14:28
                Receiver
                  Name text @14:28
            Arg
              StrLit "," @14:39
      ExprStmt @15:5
        Call @15:5
          Callee
            Name println @15:5
          Arg
            Call @15:13
              Callee
                Member .size @15:13
                  Receiver
                    Name parts @15:13
      ExprStmt @16:5
        Call @16:5
          Callee
            Name println @16:5
          Arg
            Index @16:13
              Receiver
                Name parts @16:13
              Index
                IntLit 0 @16:19
      ExprStmt @17:5
        Call @17:5
          Callee
            Name println @17:5
          Arg
            Index @17:13
              Receiver
                Name parts @17:13
              Index
                IntLit 1 @17:19
      ExprStmt @19:5
        Call @19:5
          Callee
            Name println @19:5
          Arg
            Call @19:13
              Callee
                Member .charAt @19:13
                  Receiver
                    Name text @19:13
              Arg
                IntLit 0 @19:25
      ExprStmt @20:5
        Call @20:5
          Callee
            Name println @20:5
          Arg
            Call @20:13
              Callee
                Member .indexOf @20:13
                  Receiver
                    Name text @20:13
              Arg
                StrLit "World" @20:26
      ExprStmt @21:5
        Call @21:5
          Callee
            Name println @21:5
          Arg
            Call @21:13
              Callee
                Member .find @21:13
                  Receiver
                    Name text @21:13
              Arg
                StrLit "zzz" @21:23
      ExprStmt @22:5
        Call @22:5
          Callee
            Name println @22:5
          Arg
            Call @22:13
              Callee
                Member .lastIndexOf @22:13
                  Receiver
                    Name text @22:13
              Arg
                StrLit "l" @22:30
      ExprStmt @23:5
        Call @23:5
          Callee
            Name println @23:5
          Arg
            Call @23:13
              Callee
                Member .substr @23:13
                  Receiver
                    Name text @23:13
              Arg
                IntLit 6 @23:25
              Arg
                IntLit 5 @23:28
      ExprStmt @24:5
        Call @24:5
          Callee
            Name println @24:5
          Arg
            Call @24:13
              Callee
                Member .startsWith @24:13
                  Receiver
                    Name text @24:13
              Arg
                StrLit "Hello" @24:29
      ExprStmt @25:5
        Call @25:5
          Callee
            Name println @25:5
          Arg
            Call @25:13
              Callee
                Member .endsWith @25:13
                  Receiver
                    Name text @25:13
              Arg
                StrLit "World" @25:27
      ExprStmt @26:5
        Call @26:5
          Callee
            Name println @26:5
          Arg
            Call @26:13
              Callee
                Member .replace @26:13
                  Receiver
                    Name text @26:13
              Arg
                StrLit "World" @26:26
              Arg
                StrLit "Simse" @26:35
      Return @27:5
        IntLit 0 @27:12
