ReservedWord	1:1	package
Space	1:8	 
Identifier	1:9	fixtures
EndOfLine	1:17	\n
ReservedWord	2:1	data
Space	2:5	 
ReservedWord	2:6	class
Space	2:11	 
Identifier	2:12	Pair
Operator	2:16	<
Identifier	2:17	A
Operator	2:18	,
Space	2:19	 
Identifier	2:20	B
Operator	2:21	>
Operator	2:22	(
ReservedWord	2:23	var
Space	2:26	 
Identifier	2:27	first
Operator	2:32	:
Space	2:33	 
Identifier	2:34	A
Operator	2:35	;
Space	2:36	 
ReservedWord	2:37	var
Space	2:40	 
Identifier	2:41	second
Operator	2:47	:
Space	2:48	 
Identifier	2:49	B
Operator	2:50	)
EndOfLine	2:51	\n
EndOfLine	3:1	\n
ReservedWord	4:1	fun
Space	4:4	 
Identifier	4:5	identity
Operator	4:13	<
Identifier	4:14	T
Operator	4:15	>
Operator	4:16	(
Identifier	4:17	value
Operator	4:22	:
Space	4:23	 
Identifier	4:24	T
Operator	4:25	)
Operator	4:26	:
Space	4:27	 
Identifier	4:28	T
Space	4:29	 
Operator	4:30	{
EndOfLine	4:31	\n
Space	5:1	    
ReservedWord	5:5	return
Space	5:11	 
Identifier	5:12	value
EndOfLine	5:17	\n
Operator	6:1	}
EndOfLine	6:2	\n
EndOfLine	7:1	\n
ReservedWord	8:1	fun
Space	8:4	 
Identifier	8:5	main
Operator	8:9	(
Operator	8:10	)
Operator	8:11	:
Space	8:12	 
Identifier	8:13	Int
Space	8:16	 
Operator	8:17	{
EndOfLine	8:18	\n
Space	9:1	    
ReservedWord	9:5	val
Space	9:8	 
Identifier	9:9	numbers
Operator	9:16	:
Space	9:17	 
Identifier	9:18	List
Operator	9:22	<
Identifier	9:23	Int
Operator	9:26	>
Space	9:27	 
Operator	9:28	=
Space	9:29	 
Identifier	9:30	List
Operator	9:34	<
Identifier	9:35	Int
Operator	9:38	>
Operator	9:39	(
Operator	9:40	)
EndOfLine	9:41	\n
Space	10:1	    
ReservedWord	10:5	val
Space	10:8	 
Identifier	10:9	vector
Operator	10:15	:
Space	10:16	 
Identifier	10:17	SmallVector
Operator	10:28	<
Number	10:29	4
Operator	10:30	,
Space	10:31	 
Identifier	10:32	Int
Operator	10:35	>
Space	10:36	 
Operator	10:37	=
Space	10:38	 
Identifier	10:39	SmallVector
Operator	10:50	<
Number	10:51	4
Operator	10:52	,
Space	10:53	 
Identifier	10:54	Int
Operator	10:57	>
Operator	10:58	(
Operator	10:59	)
EndOfLine	10:60	\n
Space	11:1	    
ReservedWord	11:5	val
Space	11:8	 
Identifier	11:9	a
Operator	11:10	:
Space	11:11	 
Identifier	11:12	Pair
Operator	11:16	<
Identifier	11:17	Int
Operator	11:20	,
Space	11:21	 
Identifier	11:22	Bool
Operator	11:26	>
Space	11:27	 
Operator	11:28	=
Space	11:29	 
Identifier	11:30	Pair
Operator	11:34	<
Identifier	11:35	Int
Operator	11:38	,
Space	11:39	 
Identifier	11:40	Bool
Operator	11:44	>
Operator	11:45	(
Number	11:46	1
Operator	11:47	,
Space	11:48	 
ReservedWord	11:49	true
Operator	11:53	)
EndOfLine	11:54	\n
Space	12:1	    
ReservedWord	12:5	val
Space	12:8	 
Identifier	12:9	b
Operator	12:10	:
Space	12:11	 
Identifier	12:12	Pair
Operator	12:16	<
Identifier	12:17	Str
Operator	12:20	,
Space	12:21	 
Identifier	12:22	Int
Operator	12:25	>
Space	12:26	 
Operator	12:27	=
Space	12:28	 
Identifier	12:29	Pair
Operator	12:33	<
Identifier	12:34	Str
Operator	12:37	,
Space	12:38	 
Identifier	12:39	Int
Operator	12:42	>
Operator	12:43	(
String	12:44	"two"
Operator	12:49	,
Space	12:50	 
Number	12:51	2
Operator	12:52	)
EndOfLine	12:53	\n
Space	13:1	    
Identifier	13:5	println
Operator	13:12	(
Identifier	13:13	identity
Operator	13:21	<
Identifier	13:22	Int
Operator	13:25	>
Operator	13:26	(
Number	13:27	7
Operator	13:28	)
Operator	13:29	)
EndOfLine	13:30	\n
Space	14:1	    
Identifier	14:5	println
Operator	14:12	(
Identifier	14:13	a
Operator	14:14	.
Identifier	14:15	first
Operator	14:20	)
EndOfLine	14:21	\n
Space	15:1	    
Identifier	15:5	println
Operator	15:12	(
Identifier	15:13	b
Operator	15:14	.
Identifier	15:15	second
Operator	15:21	)
EndOfLine	15:22	\n
Space	16:1	    
Identifier	16:5	println
Operator	16:12	(
Identifier	16:13	numbers
Operator	16:20	.
Identifier	16:21	size
Operator	16:25	(
Operator	16:26	)
Operator	16:27	)
EndOfLine	16:28	\n
Space	17:1	    
ReservedWord	17:5	return
Space	17:11	 
Number	17:12	0
EndOfLine	17:13	\n
Operator	18:1	}
EndOfLine	18:2	\n
