Module @1:1
  Package fixtures @1:1
  Function main @2:1
    Return Int
    Body
      VarDecl val xs: List<Int> @3:5
        Init
          Call @3:25
            Callee
              GenericName List<Int> @3:25
      ExprStmt @4:5
        Call @4:5
          Callee
            Member .append @4:5
              Receiver
                Name xs @4:5
          Arg
            IntLit 10 @4:15
      ExprStmt @5:5
        Call @5:5
          Callee
            Member .append @5:5
              Receiver
                Name xs @5:5
          Arg
            IntLit 20 @5:15
      ExprStmt @6:5
        Call @6:5
          Callee
            Member .append @6:5
              Receiver
                Name xs @6:5
          Arg
            IntLit 30 @6:15
      ExprStmt @7:5
        Call @7:5
          Callee
            Name println @7:5
          Arg
            Call @7:13
              Callee
                Member .size @7:13
                  Receiver
                    Name xs @7:13
      ExprStmt @8:5
        Call @8:5
          Callee
            Member .removeAt @8:5
              Receiver
                Name xs @8:5
          Arg
            IntLit 1 @8:17
      ExprStmt @9:5
        Call @9:5
          Callee
            Name println @9:5
          Arg
            Call @9:13
              Callee
                Member .size @9:13
                  Receiver
                    Name xs @9:13
      ExprStmt @10:5
        Call @10:5
          Callee
            Name println @10:5
          Arg
            Index @10:13
              Receiver
                Name xs @10:13
              Index
                IntLit 1 @10:16
      ExprStmt @11:5
        Call @11:5
          Callee
            Member .removeRange @11:5
              Receiver
                Name xs @11:5
          Arg
            IntLit 0 @11:20
          Arg
            IntLit 1 @11:23
      ExprStmt @12:5
        Call @12:5
          Callee
            Name println @12:5
          Arg
            Call @12:13
              Callee
                Member .size @12:13
                  Receiver
                    Name xs @12:13
      Return @13:5
        IntLit 0 @13:12
