Module @1:1
  Package fixtures @1:1
  Enum Color @5:1
    Member Red @6:5
    Member Green = 4 @7:5
    Member Blue @8:5
  DataClass Box @11:1
    Field var value: Int @11:16
  Function label @13:1
    Param c: Color
    Return Str
    Body
      Switch @14:5
        Cond
          Name c @14:13
        Case @15:9
          Member .Red @15:14
            Receiver
              Name Color @15:14
          Return @16:13
            StrLit "red" @16:20
        Case @17:9
          Member .Green @17:14
            Receiver
              Name Color @17:14
          Return @18:13
            StrLit "green" @18:20
        Default @19:9
          Return @20:13
            StrLit "other" @20:20
  Function describe @24:1
    Param n: Int
    Return Str
    Body
      Switch @25:5
        Cond
          Name n @25:13
        Case @26:9
          IntLit 0 @26:14
          Return @27:13
            StrLit "zero" @27:20
        Case @28:9
          IntLit 1 @28:14
          Return @29:13
            StrLit "one" @29:20
        Default @30:9
          Return @31:13
            StrLit "many" @31:20
  Function maybeRef @35:1
    Param flag: Bool
    Return &Box
    Body
      If @36:5
        Cond
          Name flag @36:9
        Then
          Return @37:9
            Ref @37:16
              Operand
                Call @37:17
                  Callee
                    Name Box @37:17
                  Arg
                    IntLit 7 @37:21
      Return @39:5
        NullLit @39:12
  Function maybePointer @42:1
    Param box: &Box
    Param flag: Bool
    Return *Box
    Body
      If @43:5
        Cond
          Name flag @43:9
        Then
          Return @44:9
            Deref @44:16
              Operand
                Name box @44:17
      Return @46:5
        NullLit @46:12
  Function main @49:1
    Return Int
    Body
      ExprStmt @50:5
        Call @50:5
          Callee
            Name println @50:5
          Arg
            Call @50:13
              Callee
                Name label @50:13
              Arg
                Member .Red @50:19
                  Receiver
                    Name Color @50:19
      ExprStmt @51:5
        Call @51:5
          Callee
            Name println @51:5
          Arg
            Call @51:13
              Callee
                Name label @51:13
              Arg
                Member .Green @51:19
                  Receiver
                    Name Color @51:19
      ExprStmt @52:5
        Call @52:5
          Callee
            Name println @52:5
          Arg
            Call @52:13
              Callee
                Name label @52:13
              Arg
                Member .Blue @52:19
                  Receiver
                    Name Color @52:19
      ExprStmt @53:5
        Call @53:5
          Callee
            Name println @53:5
          Arg
            Call @53:13
              Callee
                Name describe @53:13
              Arg
                IntLit 0 @53:22
      ExprStmt @54:5
        Call @54:5
          Callee
            Name println @54:5
          Arg
            Call @54:13
              Callee
                Name describe @54:13
              Arg
                IntLit 5 @54:22
      ExprStmt @56:5
        Call @56:5
          Callee
            Name println @56:5
          Arg
            Call @56:13
              Callee
                Member .toInt @56:13
                  Receiver
                    Member .Green @56:13
                      Receiver
                        Name Color @56:13
      VarDecl val parsed: Opt<Color> @57:5
        Init
          Call @57:30
            Callee
              Member .fromInt @57:30
                Receiver
                  Name Color @57:30
            Arg
              IntLit 4 @57:44
      If @58:5
        Cond
          Call @58:9
            Callee
              Member .hasValue @58:9
                Receiver
                  Name parsed @58:9
        Then
          ExprStmt @59:9
            Call @59:9
              Callee
                Name println @59:9
              Arg
                StrLit "parsed" @59:17
      VarDecl val missingColor: Opt<Color> @61:5
        Init
          Call @61:36
            Callee
              Member .fromInt @61:36
                Receiver
                  Name Color @61:36
            Arg
              IntLit 9 @61:50
      If @62:5
        Cond
          Unary ! @62:9
            Operand
              Call @62:10
                Callee
                  Member .hasValue @62:10
                    Receiver
                      Name missingColor @62:10
        Then
          ExprStmt @63:9
            Call @63:9
              Callee
                Name println @63:9
              Arg
                StrLit "missing color" @63:17
      VarDecl val present: &Box @66:5
        Init
          Call @66:25
            Callee
              Name maybeRef @66:25
            Arg
              BoolLit true @66:34
      If @67:5
        Cond
          Binary != @67:9
            Lhs
              Name present @67:9
            Rhs
              NullLit @67:20
        Then
          ExprStmt @68:9
            Call @68:9
              Callee
                Name println @68:9
              Arg
                Member .value @68:17
                  Receiver
                    Name present @68:17
      VarDecl val absent: &Box @70:5
        Init
          Call @70:24
            Callee
              Name maybeRef @70:24
            Arg
              BoolLit false @70:33
      If @71:5
        Cond
          Binary == @71:9
            Lhs
              Name absent @71:9
            Rhs
              NullLit @71:19
        Then
          ExprStmt @72:9
            Call @72:9
              Callee
                Name println @72:9
              Arg
                StrLit "absent" @72:17
      VarDecl val boxed: &Box @74:5
        Init
          Ref @74:23
            Operand
              Call @74:24
                Callee
                  Name Box @74:24
                Arg
                  IntLit 3 @74:28
      VarDecl val rawPresent: *Box @75:5
        Init
          Call @75:28
            Callee
              Name maybePointer @75:28
            Arg
              Name boxed @75:41
            Arg
              BoolLit true @75:48
      If @76:5
        Cond
          Binary != @76:9
            Lhs
              Name rawPresent @76:9
            Rhs
              NullLit @76:23
        Then
          ExprStmt @77:9
            Call @77:9
              Callee
                Name println @77:9
              Arg
                Member .value @77:17
                  Receiver
                    Name rawPresent @77:17
      VarDecl val rawAbsent: *Box @79:5
        Init
          Call @79:27
            Callee
              Name maybePointer @79:27
            Arg
              Name boxed @79:40
            Arg
              BoolLit false @79:47
      If @80:5
        Cond
          Binary == @80:9
            Lhs
              Name rawAbsent @80:9
            Rhs
              NullLit @80:22
        Then
          ExprStmt @81:9
            Call @81:9
              Callee
                Name println @81:9
              Arg
                StrLit "null raw" @81:17
      VarDecl val text: Str @84:5
        Init
          StrLit "hello world" @84:21
      ExprStmt @85:5
        Call @85:5
          Callee
            Name println @85:5
          Arg
            Call @85:13
              Callee
                Member .find @85:13
                  Receiver
                    Name text @85:13
              Arg
                StrLit "world" @85:23
      ExprStmt @86:5
        Call @86:5
          Callee
            Name println @86:5
          Arg
            Call @86:13
              Callee
                Member .find @86:13
                  Receiver
                    Name text @86:13
              Arg
                StrLit "zzz" @86:23
      ExprStmt @87:5
        Call @87:5
          Callee
            Name println @87:5
          Arg
            Call @87:13
              Callee
                Member .substr @87:13
                  Receiver
                    Name text @87:13
              Arg
                IntLit 0 @87:25
              Arg
                IntLit 5 @87:28
      ExprStmt @88:5
        Call @88:5
          Callee
            Name println @88:5
          Arg
            Call @88:13
              Callee
                Member .startsWith @88:13
                  Receiver
                    Name text @88:13
              Arg
                StrLit "hello" @88:29
      ExprStmt @89:5
        Call @89:5
          Callee
            Name println @89:5
          Arg
            Call @89:13
              Callee
                Member .endsWith @89:13
                  Receiver
                    Name text @89:13
              Arg
                StrLit "world" @89:27
      ExprStmt @90:5
        Call @90:5
          Callee
            Name println @90:5
          Arg
            Call @90:13
              Callee
                Member .replace @90:13
                  Receiver
                    Name text @90:13
              Arg
                StrLit "world" @90:26
              Arg
                StrLit "simse" @90:35
      VarDecl val number: Opt<Int> @91:5
        Init
          Call @91:28
            Callee
              Member .toInt @91:28
                Receiver
                  StrLit "42" @91:28
      If @92:5
        Cond
          Call @92:9
            Callee
              Member .hasValue @92:9
                Receiver
                  Name number @92:9
        Then
          ExprStmt @93:9
            Call @93:9
              Callee
                Name println @93:9
              Arg
                Call @93:17
                  Callee
                    Member .value @93:17
                      Receiver
                        Name number @93:17
      VarDecl val badNumber: Opt<Int> @95:5
        Init
          Call @95:31
            Callee
              Member .toInt @95:31
                Receiver
                  StrLit "nope" @95:31
      If @96:5
        Cond
          Unary ! @96:9
            Operand
              Call @96:10
                Callee
                  Member .hasValue @96:10
                    Receiver
                      Name badNumber @96:10
        Then
          ExprStmt @97:9
            Call @97:9
              Callee
                Name println @97:9
              Arg
                StrLit "bad int" @97:17
      VarDecl val fraction: Opt<Float64> @99:5
        Init
          Call @99:34
            Callee
              Member .toFloat @99:34
                Receiver
                  StrLit "2.5" @99:34
      If @100:5
        Cond
          Call @100:9
            Callee
              Member .hasValue @100:9
                Receiver
                  Name fraction @100:9
        Then
          ExprStmt @101:9
            Call @101:9
              Callee
                Name println @101:9
              Arg
                Call @101:17
                  Callee
                    Member .value @101:17
                      Receiver
                        Name fraction @101:17
      VarDecl val letter: Char @104:5
        Init
          CharLit 'a' @104:24
      ExprStmt @105:5
        Call @105:5
          Callee
            Name println @105:5
          Arg
            Call @105:13
              Callee
                Member .isAlpha @105:13
                  Receiver
                    Name letter @105:13
      ExprStmt @106:5
        Call @106:5
          Callee
            Name println @106:5
          Arg
            Call @106:13
              Callee
                Member .isDigit @106:13
                  Receiver
                    Name letter @106:13
      ExprStmt @107:5
        Call @107:5
          Callee
            Name println @107:5
          Arg
            Call @107:13
              Callee
                Member .isDigit @107:13
                  Receiver
                    CharLit '7' @107:13
      ExprStmt @108:5
        Call @108:5
          Callee
            Name println @108:5
          Arg
            Call @108:13
              Callee
                Member .isSpace @108:13
                  Receiver
                    CharLit ' ' @108:13
      VarDecl val small: Int8 @110:5
        Init
          IntLit 5 @110:23
      ExprStmt @111:5
        Call @111:5
          Callee
            Name println @111:5
          Arg
            Call @111:13
              Callee
                Member .toString @111:13
                  Receiver
                    Name small @111:13
      ExprStmt @112:5
        Call @112:5
          Callee
            Name println @112:5
          Arg
            Call @112:13
              Callee
                Member .toString @112:13
                  Receiver
                    BoolLit true @112:13
      ExprStmt @113:5
        Call @113:5
          Callee
            Name println @113:5
          Arg
            Call @113:13
              Callee
                Member .toString @113:13
                  Receiver
                    FloatLit 2.5 @113:13
      ExprStmt @115:5
        Call @115:5
          Callee
            Name println @115:5
          Arg
            Call @115:13
              Callee
                Name min @115:13
              Arg
                IntLit 3 @115:17
              Arg
                IntLit 9 @115:20
      ExprStmt @116:5
        Call @116:5
          Callee
            Name println @116:5
          Arg
            Call @116:13
              Callee
                Name max @116:13
              Arg
                IntLit 3 @116:17
              Arg
                IntLit 9 @116:20
      Return @118:5
        IntLit 0 @118:12
