Module kind='Module' line='1' column='1' package='fixtures'
  Enum kind='Enum' line='2' column='1' name='Shape'
    EnumMember name='Circle' hasValue='false' value='0' line='3' column='5'
    EnumMember name='Square' hasValue='true' value='4' line='4' column='5'
  Function kind='Function' line='7' column='1' name='describe' isNative='false' hasBody='true' hasReceiver='true' hasNativeSymbol='false'
    Receiver kind='Type.Named' line='7' column='5' name='Str'
    ReturnType kind='Type.Named' line='7' column='21' name='Str'
    Body
      Stmt kind='Stmt.Return' line='8' column='5'
        Value kind='Expr.Name' line='8' column='12' name='this'
  Function kind='Function' line='11' column='1' name='area' isNative='false' hasBody='true' hasReceiver='false' hasNativeSymbol='false'
    Param name='width' line='11' column='10'
      Type kind='Type.Named' line='11' column='17' name='Int'
    Param name='height' line='11' column='22'
      Type kind='Type.Named' line='11' column='30' name='Int'
    ReturnType kind='Type.Named' line='11' column='36' name='Int'
    Body
      Stmt kind='Stmt.Return' line='12' column='5'
        Value kind='Expr.Binary' line='12' column='12' op='*'
          Lhs kind='Expr.Name' line='12' column='12' name='width'
          Rhs kind='Expr.Name' line='12' column='20' name='height'
  Function kind='Function' line='15' column='1' name='main' isNative='false' hasBody='true' hasReceiver='false' hasNativeSymbol='false'
    ReturnType kind='Type.Named' line='15' column='13' name='Int'
    Body
      Stmt kind='Stmt.VarDecl' line='16' column='5' name='name' isVar='false'
        Type kind='Type.Named' line='16' column='15' name='Str'
        Init kind='Expr.StrLit' line='16' column='21' text='"box"'
      Stmt kind='Stmt.ExprStmt' line='17' column='5'
        Expr kind='Expr.Call' line='17' column='5'
          Callee kind='Expr.Name' line='17' column='5' name='println'
          Arg kind='Expr.Call' line='17' column='13'
            Callee kind='Expr.Member' line='17' column='13' name='describe'
              Receiver kind='Expr.Name' line='17' column='13' name='name'
      Stmt kind='Stmt.ExprStmt' line='18' column='5'
        Expr kind='Expr.Call' line='18' column='5'
          Callee kind='Expr.Name' line='18' column='5' name='println'
          Arg kind='Expr.Call' line='18' column='13'
            Callee kind='Expr.Name' line='18' column='13' name='area'
            Arg kind='Expr.IntLit' line='18' column='18' text='3'
            Arg kind='Expr.IntLit' line='18' column='21' text='4'
      Stmt kind='Stmt.ExprStmt' line='19' column='5'
        Expr kind='Expr.Call' line='19' column='5'
          Callee kind='Expr.Name' line='19' column='5' name='println'
          Arg kind='Expr.Binary' line='19' column='13' op='=='
            Lhs kind='Expr.Member' line='19' column='13' name='Circle'
              Receiver kind='Expr.Name' line='19' column='13' name='Shape'
            Rhs kind='Expr.Member' line='19' column='29' name='Circle'
              Receiver kind='Expr.Name' line='19' column='29' name='Shape'
      Stmt kind='Stmt.ExprStmt' line='20' column='5'
        Expr kind='Expr.Call' line='20' column='5'
          Callee kind='Expr.Name' line='20' column='5' name='println'
          Arg kind='Expr.CharLit' line='20' column='13' text='\'a\''
      Stmt kind='Stmt.Return' line='21' column='5'
        Value kind='Expr.IntLit' line='21' column='12' text='0'
