ReservedWord	1:1	package
Space	1:8	 
Identifier	1:9	fixtures
EndOfLine	1:17	\n
Comment	2:1	// T16: iteration with Cursor<T> instead of range-for.
EndOfLine	2:55	\n
EndOfLine	3:1	\n
ReservedWord	4:1	fun
Space	4:4	 
Identifier	4:5	sum
Operator	4:8	(
Identifier	4:9	items
Operator	4:14	:
Space	4:15	 
Operator	4:16	&
Identifier	4:17	List
Operator	4:21	<
Identifier	4:22	Int
Operator	4:25	>
Operator	4:26	)
Operator	4:27	:
Space	4:28	 
Identifier	4:29	Int
Space	4:32	 
Operator	4:33	{
EndOfLine	4:34	\n
Space	5:1	    
ReservedWord	5:5	var
Space	5:8	 
Identifier	5:9	total
Operator	5:14	:
Space	5:15	 
Identifier	5:16	Int
Space	5:19	 
Operator	5:20	=
Space	5:21	 
Number	5:22	0
EndOfLine	5:23	\n
Space	6:1	    
ReservedWord	6:5	var
Space	6:8	 
Identifier	6:9	c
Operator	6:10	:
Space	6:11	 
Identifier	6:12	Cursor
Operator	6:18	<
Identifier	6:19	Int
Operator	6:22	>
Space	6:23	 
Operator	6:24	=
Space	6:25	 
Identifier	6:26	cursorOf
Operator	6:34	(
Identifier	6:35	items
Operator	6:40	)
EndOfLine	6:41	\n
Space	7:1	    
ReservedWord	7:5	while
Space	7:10	 
Operator	7:11	(
Identifier	7:12	c
Operator	7:13	.
Identifier	7:14	hasValue
Operator	7:22	(
Operator	7:23	)
Operator	7:24	)
Space	7:25	 
Operator	7:26	{
EndOfLine	7:27	\n
Space	8:1	        
Identifier	8:9	total
Space	8:14	 
Operator	8:15	=
Space	8:16	 
Identifier	8:17	total
Space	8:22	 
Operator	8:23	+
Space	8:24	 
Identifier	8:25	c
Operator	8:26	.
Identifier	8:27	value
Operator	8:32	(
Operator	8:33	)
EndOfLine	8:34	\n
Space	9:1	        
Identifier	9:9	c
Space	9:10	 
Operator	9:11	=
Space	9:12	 
Identifier	9:13	c
Operator	9:14	.
Identifier	9:15	next
Operator	9:19	(
Operator	9:20	)
EndOfLine	9:21	\n
Space	10:1	    
Operator	10:5	}
EndOfLine	10:6	\n
Space	11:1	    
ReservedWord	11:5	return
Space	11:11	 
Identifier	11:12	total
EndOfLine	11:17	\n
Operator	12:1	}
EndOfLine	12:2	\n
EndOfLine	13:1	\n
ReservedWord	14:1	fun
Space	14:4	 
Identifier	14:5	headSum
Operator	14:12	(
Identifier	14:13	items
Operator	14:18	:
Space	14:19	 
Operator	14:20	&
Identifier	14:21	List
Operator	14:25	<
Identifier	14:26	Int
Operator	14:29	>
Operator	14:30	)
Operator	14:31	:
Space	14:32	 
Identifier	14:33	Int
Space	14:36	 
Operator	14:37	{
EndOfLine	14:38	\n
Space	15:1	    
ReservedWord	15:5	val
Space	15:8	 
Identifier	15:9	full
Operator	15:13	:
Space	15:14	 
Identifier	15:15	Cursor
Operator	15:21	<
Identifier	15:22	Int
Operator	15:25	>
Space	15:26	 
Operator	15:27	=
Space	15:28	 
Identifier	15:29	cursorOf
Operator	15:37	(
Identifier	15:38	items
Operator	15:43	)
EndOfLine	15:44	\n
Space	16:1	    
ReservedWord	16:5	var
Space	16:8	 
Identifier	16:9	head
Operator	16:13	:
Space	16:14	 
Identifier	16:15	Cursor
Operator	16:21	<
Identifier	16:22	Int
Operator	16:25	>
Space	16:26	 
Operator	16:27	=
Space	16:28	 
Identifier	16:29	full
Operator	16:33	.
Identifier	16:34	slice
Operator	16:39	(
Number	16:40	2
Operator	16:41	)
EndOfLine	16:42	\n
Space	17:1	    
ReservedWord	17:5	var
Space	17:8	 
Identifier	17:9	total
Operator	17:14	:
Space	17:15	 
Identifier	17:16	Int
Space	17:19	 
Operator	17:20	=
Space	17:21	 
Number	17:22	0
EndOfLine	17:23	\n
Space	18:1	    
ReservedWord	18:5	while
Space	18:10	 
Operator	18:11	(
Identifier	18:12	head
Operator	18:16	.
Identifier	18:17	hasValue
Operator	18:25	(
Operator	18:26	)
Operator	18:27	)
Space	18:28	 
Operator	18:29	{
EndOfLine	18:30	\n
Space	19:1	        
Identifier	19:9	total
Space	19:14	 
Operator	19:15	=
Space	19:16	 
Identifier	19:17	total
Space	19:22	 
Operator	19:23	+
Space	19:24	 
Identifier	19:25	head
Operator	19:29	.
Identifier	19:30	value
Operator	19:35	(
Operator	19:36	)
EndOfLine	19:37	\n
Space	20:1	        
Identifier	20:9	head
Space	20:13	 
Operator	20:14	=
Space	20:15	 
Identifier	20:16	head
Operator	20:20	.
Identifier	20:21	next
Operator	20:25	(
Operator	20:26	)
EndOfLine	20:27	\n
Space	21:1	    
Operator	21:5	}
EndOfLine	21:6	\n
Space	22:1	    
ReservedWord	22:5	return
Space	22:11	 
Identifier	22:12	total
EndOfLine	22:17	\n
Operator	23:1	}
EndOfLine	23:2	\n
EndOfLine	24:1	\n
ReservedWord	25:1	fun
Space	25:4	 
Identifier	25:5	main
Operator	25:9	(
Operator	25:10	)
Operator	25:11	:
Space	25:12	 
Identifier	25:13	Int
Space	25:16	 
Operator	25:17	{
EndOfLine	25:18	\n
Space	26:1	    
ReservedWord	26:5	var
Space	26:8	 
Identifier	26:9	items
Operator	26:14	:
Space	26:15	 
Identifier	26:16	List
Operator	26:20	<
Identifier	26:21	Int
Operator	26:24	>
Space	26:25	 
Operator	26:26	=
Space	26:27	 
Identifier	26:28	List
Operator	26:32	<
Identifier	26:33	Int
Operator	26:36	>
Operator	26:37	(
Operator	26:38	)
EndOfLine	26:39	\n
Space	27:1	    
Identifier	27:5	items
Operator	27:10	.
Identifier	27:11	append
Operator	27:17	(
Number	27:18	4
Operator	27:19	)
EndOfLine	27:20	\n
Space	28:1	    
Identifier	28:5	items
Operator	28:10	.
Identifier	28:11	append
Operator	28:17	(
Number	28:18	7
Operator	28:19	)
EndOfLine	28:20	\n
Space	29:1	    
Identifier	29:5	items
Operator	29:10	.
Identifier	29:11	append
Operator	29:17	(
Number	29:18	9
Operator	29:19	)
EndOfLine	29:20	\n
EndOfLine	30:1	\n
Space	31:1	    
ReservedWord	31:5	val
Space	31:8	 
Identifier	31:9	view
Operator	31:13	:
Space	31:14	 
Operator	31:15	&
Identifier	31:16	List
Operator	31:20	<
Identifier	31:21	Int
Operator	31:24	>
Space	31:25	 
Operator	31:26	=
Space	31:27	 
Operator	31:28	&
Identifier	31:29	items
EndOfLine	31:34	\n
Space	32:1	    
Identifier	32:5	println
Operator	32:12	(
Identifier	32:13	sum
Operator	32:16	(
Identifier	32:17	view
Operator	32:21	)
Operator	32:22	)
EndOfLine	32:23	\n
EndOfLine	33:1	\n
Space	34:1	    
ReservedWord	34:5	val
Space	34:8	 
Identifier	34:9	all
Operator	34:12	:
Space	34:13	 
Identifier	34:14	Cursor
Operator	34:20	<
Identifier	34:21	Int
Operator	34:24	>
Space	34:25	 
Operator	34:26	=
Space	34:27	 
Identifier	34:28	cursorOf
Operator	34:36	(
Identifier	34:37	view
Operator	34:41	)
EndOfLine	34:42	\n
Space	35:1	    
Identifier	35:5	println
Operator	35:12	(
Identifier	35:13	all
Operator	35:16	.
Identifier	35:17	size
Operator	35:21	(
Operator	35:22	)
Operator	35:23	)
EndOfLine	35:24	\n
EndOfLine	36:1	\n
Space	37:1	    
Identifier	37:5	println
Operator	37:12	(
Identifier	37:13	headSum
Operator	37:20	(
Identifier	37:21	view
Operator	37:25	)
Operator	37:26	)
EndOfLine	37:27	\n
Space	38:1	    
ReservedWord	38:5	return
Space	38:11	 
Number	38:12	0
EndOfLine	38:13	\n
Operator	39:1	}
EndOfLine	39:2	\n
