ReservedWord	1:1	package
Space	1:8	 
Identifier	1:9	fixtures
EndOfLine	1:17	\n
Comment	2:1	// T17: the Str library (charAt, trim, split, case folding, search).
EndOfLine	2:69	\n
EndOfLine	3:1	\n
ReservedWord	4:1	fun
Space	4:4	 
Identifier	4:5	main
Operator	4:9	(
Operator	4:10	)
Operator	4:11	:
Space	4:12	 
Identifier	4:13	Int
Space	4:16	 
Operator	4:17	{
EndOfLine	4:18	\n
Space	5:1	    
ReservedWord	5:5	val
Space	5:8	 
Identifier	5:9	raw
Operator	5:12	:
Space	5:13	 
Identifier	5:14	Str
Space	5:17	 
Operator	5:18	=
Space	5:19	 
String	5:20	"  Hello,World  "
EndOfLine	5:37	\n
Space	6:1	    
ReservedWord	6:5	val
Space	6:8	 
Identifier	6:9	text
Operator	6:13	:
Space	6:14	 
Identifier	6:15	Str
Space	6:18	 
Operator	6:19	=
Space	6:20	 
Identifier	6:21	raw
Operator	6:24	.
Identifier	6:25	trim
Operator	6:29	(
Operator	6:30	)
EndOfLine	6:31	\n
Space	7:1	    
Identifier	7:5	println
Operator	7:12	(
Identifier	7:13	text
Operator	7:17	)
EndOfLine	7:18	\n
Space	8:1	    
Identifier	8:5	println
Operator	8:12	(
Identifier	8:13	text
Operator	8:17	.
Identifier	8:18	toUpper
Operator	8:25	(
Operator	8:26	)
Operator	8:27	)
EndOfLine	8:28	\n
Space	9:1	    
Identifier	9:5	println
Operator	9:12	(
Identifier	9:13	text
Operator	9:17	.
Identifier	9:18	toLower
Operator	9:25	(
Operator	9:26	)
Operator	9:27	)
EndOfLine	9:28	\n
Space	10:1	    
Identifier	10:5	println
Operator	10:12	(
Identifier	10:13	text
Operator	10:17	.
Identifier	10:18	isEmpty
Operator	10:25	(
Operator	10:26	)
Operator	10:27	)
EndOfLine	10:28	\n
Space	11:1	    
Identifier	11:5	println
Operator	11:12	(
Identifier	11:13	Str
Operator	11:16	(
Operator	11:17	)
Operator	11:18	.
Identifier	11:19	isEmpty
Operator	11:26	(
Operator	11:27	)
Operator	11:28	)
EndOfLine	11:29	\n
Space	12:1	    
Identifier	12:5	println
Operator	12:12	(
Identifier	12:13	text
Operator	12:17	.
Identifier	12:18	size
Operator	12:22	(
Operator	12:23	)
Operator	12:24	)
EndOfLine	12:25	\n
EndOfLine	13:1	\n
Space	14:1	    
ReservedWord	14:5	val
Space	14:8	 
Identifier	14:9	parts
Operator	14:14	:
Space	14:15	 
Identifier	14:16	List
Operator	14:20	<
Identifier	14:21	Str
Operator	14:24	>
Space	14:25	 
Operator	14:26	=
Space	14:27	 
Identifier	14:28	text
Operator	14:32	.
Identifier	14:33	split
Operator	14:38	(
String	14:39	","
Operator	14:42	)
EndOfLine	14:43	\n
Space	15:1	    
Identifier	15:5	println
Operator	15:12	(
Identifier	15:13	parts
Operator	15:18	.
Identifier	15:19	size
Operator	15:23	(
Operator	15:24	)
Operator	15:25	)
EndOfLine	15:26	\n
Space	16:1	    
Identifier	16:5	println
Operator	16:12	(
Identifier	16:13	parts
Operator	16:18	[
Number	16:19	0
Operator	16:20	]
Operator	16:21	)
EndOfLine	16:22	\n
Space	17:1	    
Identifier	17:5	println
Operator	17:12	(
Identifier	17:13	parts
Operator	17:18	[
Number	17:19	1
Operator	17:20	]
Operator	17:21	)
EndOfLine	17:22	\n
EndOfLine	18:1	\n
Space	19:1	    
Identifier	19:5	println
Operator	19:12	(
Identifier	19:13	text
Operator	19:17	.
Identifier	19:18	charAt
Operator	19:24	(
Number	19:25	0
Operator	19:26	)
Operator	19:27	)
EndOfLine	19:28	\n
Space	20:1	    
Identifier	20:5	println
Operator	20:12	(
Identifier	20:13	text
Operator	20:17	.
Identifier	20:18	indexOf
Operator	20:25	(
String	20:26	"World"
Operator	20:33	)
Operator	20:34	)
EndOfLine	20:35	\n
Space	21:1	    
Identifier	21:5	println
Operator	21:12	(
Identifier	21:13	text
Operator	21:17	.
Identifier	21:18	find
Operator	21:22	(
String	21:23	"zzz"
Operator	21:28	)
Operator	21:29	)
EndOfLine	21:30	\n
Space	22:1	    
Identifier	22:5	println
Operator	22:12	(
Identifier	22:13	text
Operator	22:17	.
Identifier	22:18	lastIndexOf
Operator	22:29	(
String	22:30	"l"
Operator	22:33	)
Operator	22:34	)
EndOfLine	22:35	\n
Space	23:1	    
Identifier	23:5	println
Operator	23:12	(
Identifier	23:13	text
Operator	23:17	.
Identifier	23:18	substr
Operator	23:24	(
Number	23:25	6
Operator	23:26	,
Space	23:27	 
Number	23:28	5
Operator	23:29	)
Operator	23:30	)
EndOfLine	23:31	\n
Space	24:1	    
Identifier	24:5	println
Operator	24:12	(
Identifier	24:13	text
Operator	24:17	.
Identifier	24:18	startsWith
Operator	24:28	(
String	24:29	"Hello"
Operator	24:36	)
Operator	24:37	)
EndOfLine	24:38	\n
Space	25:1	    
Identifier	25:5	println
Operator	25:12	(
Identifier	25:13	text
Operator	25:17	.
Identifier	25:18	endsWith
Operator	25:26	(
String	25:27	"World"
Operator	25:34	)
Operator	25:35	)
EndOfLine	25:36	\n
Space	26:1	    
Identifier	26:5	println
Operator	26:12	(
Identifier	26:13	text
Operator	26:17	.
Identifier	26:18	replace
Operator	26:25	(
String	26:26	"World"
Operator	26:33	,
Space	26:34	 
String	26:35	"Simse"
Operator	26:42	)
Operator	26:43	)
EndOfLine	26:44	\n
Space	27:1	    
ReservedWord	27:5	return
Space	27:11	 
Number	27:12	0
EndOfLine	27:13	\n
Operator	28:1	}
EndOfLine	28:2	\n
