Module @1:1
  Package fixtures @1:1
  DataClass Pair @2:1
    TypeParams A, B
    Field var first: A @2:23
    Field var second: B @2:37
  Function identity @4:1
    TypeParams T
    Param value: T
    Return T
    Body
      Return @5:5
        Name value @5:12
  Function main @8:1
    Return Int
    Body
      VarDecl val numbers: List<Int> @9:5
        Init
          Call @9:30
            Callee
              GenericName List<Int> @9:30
      VarDecl val vector: SmallVector<4, Int> @10:5
        Init
          Call @10:39
            Callee
              GenericName SmallVector<4, Int> @10:39
      VarDecl val a: Pair<Int, Bool> @11:5
        Init
          Call @11:30
            Callee
              GenericName Pair<Int, Bool> @11:30
            Arg
              IntLit 1 @11:46
            Arg
              BoolLit true @11:49
      VarDecl val b: Pair<Str, Int> @12:5
        Init
          Call @12:29
            Callee
              GenericName Pair<Str, Int> @12:29
            Arg
              StrLit "two" @12:44
            Arg
              IntLit 2 @12:51
      ExprStmt @13:5
        Call @13:5
          Callee
            Name println @13:5
          Arg
            Call @13:13
              Callee
                GenericName identity<Int> @13:13
              Arg
                IntLit 7 @13:27
      ExprStmt @14:5
        Call @14:5
          Callee
            Name println @14:5
          Arg
            Member .first @14:13
              Receiver
                Name a @14:13
      ExprStmt @15:5
        Call @15:5
          Callee
            Name println @15:5
          Arg
            Member .second @15:13
              Receiver
                Name b @15:13
      ExprStmt @16:5
        Call @16:5
          Callee
            Name println @16:5
          Arg
            Call @16:13
              Callee
                Member .size @16:13
                  Receiver
                    Name numbers @16:13
      Return @17:5
        IntLit 0 @17:12
