Module @1:1
  Package fixtures @1:1
  Function main @5:1
    Return Int
    Body
      VarDecl var counts: Dictionary<Str, Int> @6:5
        Init
          Call @6:40
            Callee
              GenericName dictionaryOf<Str, Int> @6:40
      ExprStmt @7:5
        Call @7:5
          Callee
            Member .insert @7:5
              Receiver
                Name counts @7:5
          Arg
            StrLit "b" @7:19
          Arg
            IntLit 2 @7:24
      ExprStmt @8:5
        Call @8:5
          Callee
            Member .insert @8:5
              Receiver
                Name counts @8:5
          Arg
            StrLit "a" @8:19
          Arg
            IntLit 1 @8:24
      ExprStmt @9:5
        Call @9:5
          Callee
            Member .insert @9:5
              Receiver
                Name counts @9:5
          Arg
            StrLit "c" @9:19
          Arg
            IntLit 3 @9:24
      ExprStmt @10:5
        Call @10:5
          Callee
            Member .insert @10:5
              Receiver
                Name counts @10:5
          Arg
            StrLit "b" @10:19
          Arg
            IntLit 20 @10:24
      ExprStmt @12:5
        Call @12:5
          Callee
            Name println @12:5
          Arg
            Call @12:13
              Callee
                Member .size @12:13
                  Receiver
                    Name counts @12:13
      ExprStmt @13:5
        Call @13:5
          Callee
            Name println @13:5
          Arg
            Call @13:13
              Callee
                Member .value @13:13
                  Receiver
                    Call @13:13
                      Callee
                        Member .get @13:13
                          Receiver
                            Name counts @13:13
                      Arg
                        StrLit "a" @13:24
      ExprStmt @14:5
        Call @14:5
          Callee
            Name println @14:5
          Arg
            Call @14:13
              Callee
                Member .has @14:13
                  Receiver
                    Name counts @14:13
              Arg
                StrLit "z" @14:24
      VarDecl var names: List<Str> @16:5
        Init
          Call @16:28
            Callee
              Member .keys @16:28
                Receiver
                  Name counts @16:28
      ExprStmt @17:5
        Call @17:5
          Callee
            Member .sort @17:5
              Receiver
                Name names @17:5
          Arg
            Lambda @17:17
              Params left, right
              Body
                ExprStmt @17:43
                  Binary < @17:43
                    Lhs
                      Name left @17:43
                    Rhs
                      Name right @17:50
      VarDecl var i: Int @18:5
        Init
          IntLit 0 @18:18
      While @19:5
        Cond
          Binary < @19:12
            Lhs
              Name i @19:12
            Rhs
              Call @19:16
                Callee
                  Member .size @19:16
                    Receiver
                      Name names @19:16
        Body
          ExprStmt @20:9
            Call @20:9
              Callee
                Name println @20:9
              Arg
                Index @20:17
                  Receiver
                    Name names @20:17
                  Index
                    Name i @20:23
          Assign = @21:9
            Target
              Name i @21:9
            Value
              Binary + @21:13
                Lhs
                  Name i @21:13
                Rhs
                  IntLit 1 @21:17
      ExprStmt @23:5
        Call @23:5
          Callee
            Name println @23:5
          Arg
            Call @23:13
              Callee
                Member .contains @23:13
                  Receiver
                    Name names @23:13
              Arg
                StrLit "c" @23:28
      ExprStmt @24:5
        Call @24:5
          Callee
            Name println @24:5
          Arg
            Call @24:13
              Callee
                Member .contains @24:13
                  Receiver
                    Name names @24:13
              Arg
                StrLit "z" @24:28
      VarDecl var values: List<Int> @26:5
        Init
          Call @26:29
            Callee
              Member .values @26:29
                Receiver
                  Name counts @26:29
      ExprStmt @27:5
        Call @27:5
          Callee
            Member .sort @27:5
              Receiver
                Name values @27:5
          Arg
            Lambda @27:18
              Params left, right
              Body
                ExprStmt @27:44
                  Binary < @27:44
                    Lhs
                      Name left @27:44
                    Rhs
                      Name right @27:51
      VarDecl var j: Int @28:5
        Init
          IntLit 0 @28:18
      While @29:5
        Cond
          Binary < @29:12
            Lhs
              Name j @29:12
            Rhs
              Call @29:16
                Callee
                  Member .size @29:16
                    Receiver
                      Name values @29:16
        Body
          ExprStmt @30:9
            Call @30:9
              Callee
                Name println @30:9
              Arg
                Index @30:17
                  Receiver
                    Name values @30:17
                  Index
                    Name j @30:24
          Assign = @31:9
            Target
              Name j @31:9
            Value
              Binary + @31:13
                Lhs
                  Name j @31:13
                Rhs
                  IntLit 1 @31:17
      ExprStmt @34:5
        Call @34:5
          Callee
            Member .remove @34:5
              Receiver
                Name counts @34:5
          Arg
            StrLit "a" @34:19
      ExprStmt @35:5
        Call @35:5
          Callee
            Name println @35:5
          Arg
            Call @35:13
              Callee
                Member .size @35:13
                  Receiver
                    Name counts @35:13
      ExprStmt @36:5
        Call @36:5
          Callee
            Member .clear @36:5
              Receiver
                Name counts @36:5
      ExprStmt @37:5
        Call @37:5
          Callee
            Name println @37:5
          Arg
            Call @37:13
              Callee
                Member .size @37:13
                  Receiver
                    Name counts @37:13
      Return @38:5
        IntLit 0 @38:12
