Module @1:1
  Package fixtures @1:1
  Function main @5:1
    Param args: List<Str>
    Return Int
    Body
      ExprStmt @6:5
        Call @6:5
          Callee
            Name println @6:5
          Arg
            Call @6:13
              Callee
                Member .size @6:13
                  Receiver
                    Name args @6:13
      VarDecl var i: Int @7:5
        Init
          IntLit 0 @7:18
      While @8:5
        Cond
          Binary < @8:12
            Lhs
              Name i @8:12
            Rhs
              Call @8:16
                Callee
                  Member .size @8:16
                    Receiver
                      Name args @8:16
        Body
          ExprStmt @9:9
            Call @9:9
              Callee
                Name println @9:9
              Arg
                Index @9:17
                  Receiver
                    Name args @9:17
                  Index
                    Name i @9:22
          Assign = @10:9
            Target
              Name i @10:9
            Value
              Binary + @10:13
                Lhs
                  Name i @10:13
                Rhs
                  IntLit 1 @10:17
      Return @12:5
        IntLit 0 @12:12
