Module kind='Module' line='1' column='1'
  TypeAlias kind='TypeAlias' line='3' column='1' name='Mapper'
    TargetType kind='Type.Function' line='3' column='20'
      ParamType kind='Type.Named' line='3' column='21' name='Int'
      ReturnType kind='Type.Named' line='3' column='29' name='Int'
  TypeAlias kind='TypeAlias' line='4' column='1' name='Predicate'
    TargetType kind='Type.Function' line='4' column='23'
      ParamType kind='Type.Named' line='4' column='24' name='Int'
      ReturnType kind='Type.Named' line='4' column='32' name='Bool'
  Function kind='Function' line='6' column='1' name='apply' isNative='false' hasBody='true' hasReceiver='false' hasNativeSymbol='false'
    Param name='f' line='6' column='11'
      Type kind='Type.Named' line='6' column='14' name='Mapper'
    Param name='value' line='6' column='22'
      Type kind='Type.Named' line='6' column='29' name='Int'
    ReturnType kind='Type.Named' line='6' column='35' name='Int'
    Body
      Stmt kind='Stmt.Return' line='7' column='5'
        Value kind='Expr.Call' line='7' column='12'
          Callee kind='Expr.Name' line='7' column='12' name='f'
          Arg kind='Expr.Name' line='7' column='14' name='value'
  Function kind='Function' line='10' column='1' name='countIf' isNative='false' hasBody='true' hasReceiver='false' hasNativeSymbol='false'
    Param name='items' line='10' column='13'
      Type kind='Type.Reference' line='10' column='20'
        Inner kind='Type.Generic' line='10' column='21' name='List'
          TypeArg kind='Type.Named' line='10' column='26' name='Int'
    Param name='predicate' line='10' column='32'
      Type kind='Type.Named' line='10' column='43' name='Predicate'
    ReturnType kind='Type.Named' line='10' column='55' name='Int'
    Body
      Stmt kind='Stmt.VarDecl' line='11' column='5' name='count' isVar='true'
        Type kind='Type.Named' line='11' column='16' name='Int'
        Init kind='Expr.IntLit' line='11' column='22' text='0'
      Stmt kind='Stmt.VarDecl' line='12' column='5' name='c' isVar='true'
        Type kind='Type.Generic' line='12' column='12' name='Cursor'
          TypeArg kind='Type.Named' line='12' column='19' name='Int'
        Init kind='Expr.Call' line='12' column='26'
          Callee kind='Expr.Name' line='12' column='26' name='cursorOf'
          Arg kind='Expr.Name' line='12' column='35' name='items'
      Stmt kind='Stmt.While' line='13' column='5'
        Cond kind='Expr.Call' line='13' column='12'
          Callee kind='Expr.Member' line='13' column='12' name='hasValue'
            Receiver kind='Expr.Name' line='13' column='12' name='c'
        Body
          Stmt kind='Stmt.If' line='14' column='9'
            Cond kind='Expr.Call' line='14' column='13'
              Callee kind='Expr.Name' line='14' column='13' name='predicate'
              Arg kind='Expr.Call' line='14' column='23'
                Callee kind='Expr.Member' line='14' column='23' name='value'
                  Receiver kind='Expr.Name' line='14' column='23' name='c'
            Then
              Stmt kind='Stmt.Assign' line='15' column='13' op='='
                Target kind='Expr.Name' line='15' column='13' name='count'
                Value kind='Expr.Binary' line='15' column='21' op='+'
                  Lhs kind='Expr.Name' line='15' column='21' name='count'
                  Rhs kind='Expr.IntLit' line='15' column='29' text='1'
          Stmt kind='Stmt.Assign' line='17' column='9' op='='
            Target kind='Expr.Name' line='17' column='9' name='c'
            Value kind='Expr.Call' line='17' column='13'
              Callee kind='Expr.Member' line='17' column='13' name='next'
                Receiver kind='Expr.Name' line='17' column='13' name='c'
      Stmt kind='Stmt.Return' line='19' column='5'
        Value kind='Expr.Name' line='19' column='12' name='count'
  Function kind='Function' line='22' column='1' name='makeAdder' isNative='false' hasBody='true' hasReceiver='false' hasNativeSymbol='false'
    Param name='factor' line='22' column='15'
      Type kind='Type.Named' line='22' column='23' name='Int'
    ReturnType kind='Type.Named' line='22' column='29' name='Mapper'
    Body
      Stmt kind='Stmt.Return' line='23' column='5'
        Value kind='Expr.Lambda' line='23' column='13' params='v'
          ParamType kind='Type.Named' line='23' column='16' name='Int'
          Body
            Stmt kind='Stmt.ExprStmt' line='23' column='24'
              Expr kind='Expr.Binary' line='23' column='24' op='+'
                Lhs kind='Expr.Name' line='23' column='24' name='v'
                Rhs kind='Expr.Name' line='23' column='28' name='factor'
  Function kind='Function' line='26' column='1' name='main' isNative='false' hasBody='true' hasReceiver='false' hasNativeSymbol='false'
    ReturnType kind='Type.Named' line='26' column='13' name='Int'
    Body
      Stmt kind='Stmt.VarDecl' line='27' column='5' name='doubler' isVar='false'
        Type kind='Type.Named' line='27' column='18' name='Mapper'
        Init kind='Expr.Lambda' line='27' column='28' params='v'
          ParamType kind='Type.Named' line='27' column='31' name='Int'
          Body
            Stmt kind='Stmt.ExprStmt' line='27' column='39'
              Expr kind='Expr.Binary' line='27' column='39' op='*'
                Lhs kind='Expr.Name' line='27' column='39' name='v'
                Rhs kind='Expr.IntLit' line='27' column='43' text='2'
      Stmt kind='Stmt.ExprStmt' line='28' column='5'
        Expr kind='Expr.Call' line='28' column='5'
          Callee kind='Expr.Name' line='28' column='5' name='println'
          Arg kind='Expr.Call' line='28' column='13'
            Callee kind='Expr.Name' line='28' column='13' name='doubler'
            Arg kind='Expr.IntLit' line='28' column='21' text='21'
      Stmt kind='Stmt.ExprStmt' line='29' column='5'
        Expr kind='Expr.Call' line='29' column='5'
          Callee kind='Expr.Name' line='29' column='5' name='println'
          Arg kind='Expr.Call' line='29' column='13'
            Callee kind='Expr.Name' line='29' column='13' name='apply'
            Arg kind='Expr.Name' line='29' column='19' name='doubler'
            Arg kind='Expr.IntLit' line='29' column='28' text='5'
      Stmt kind='Stmt.ExprStmt' line='32' column='5'
        Expr kind='Expr.Call' line='32' column='5'
          Callee kind='Expr.Name' line='32' column='5' name='println'
          Arg kind='Expr.Call' line='32' column='13'
            Callee kind='Expr.Name' line='32' column='13' name='apply'
            Arg kind='Expr.Lambda' line='32' column='20' params='v'
              ParamType kind='Type.Named' line='32' column='23' name='Int'
              Body
                Stmt kind='Stmt.ExprStmt' line='32' column='31'
                  Expr kind='Expr.Binary' line='32' column='31' op='+'
                    Lhs kind='Expr.Name' line='32' column='31' name='v'
                    Rhs kind='Expr.IntLit' line='32' column='35' text='1'
            Arg kind='Expr.IntLit' line='32' column='38' text='41'
      Stmt kind='Stmt.VarDecl' line='35' column='5' name='add10' isVar='false'
        Type kind='Type.Named' line='35' column='16' name='Mapper'
        Init kind='Expr.Call' line='35' column='25'
          Callee kind='Expr.Name' line='35' column='25' name='makeAdder'
          Arg kind='Expr.IntLit' line='35' column='35' text='10'
      Stmt kind='Stmt.ExprStmt' line='36' column='5'
        Expr kind='Expr.Call' line='36' column='5'
          Callee kind='Expr.Name' line='36' column='5' name='println'
          Arg kind='Expr.Call' line='36' column='13'
            Callee kind='Expr.Name' line='36' column='13' name='add10'
            Arg kind='Expr.IntLit' line='36' column='19' text='5'
      Stmt kind='Stmt.VarDecl' line='38' column='5' name='items' isVar='true'
        Type kind='Type.Generic' line='38' column='16' name='List'
          TypeArg kind='Type.Named' line='38' column='21' name='Int'
        Init kind='Expr.Call' line='38' column='28'
          Callee kind='Expr.GenericName' line='38' column='28' name='List'
            TypeArg kind='Type.Named' line='38' column='33' name='Int'
      Stmt kind='Stmt.ExprStmt' line='39' column='5'
        Expr kind='Expr.Call' line='39' column='5'
          Callee kind='Expr.Member' line='39' column='5' name='append'
            Receiver kind='Expr.Name' line='39' column='5' name='items'
          Arg kind='Expr.IntLit' line='39' column='18' text='1'
      Stmt kind='Stmt.ExprStmt' line='40' column='5'
        Expr kind='Expr.Call' line='40' column='5'
          Callee kind='Expr.Member' line='40' column='5' name='append'
            Receiver kind='Expr.Name' line='40' column='5' name='items'
          Arg kind='Expr.IntLit' line='40' column='18' text='2'
      Stmt kind='Stmt.ExprStmt' line='41' column='5'
        Expr kind='Expr.Call' line='41' column='5'
          Callee kind='Expr.Member' line='41' column='5' name='append'
            Receiver kind='Expr.Name' line='41' column='5' name='items'
          Arg kind='Expr.IntLit' line='41' column='18' text='3'
      Stmt kind='Stmt.ExprStmt' line='42' column='5'
        Expr kind='Expr.Call' line='42' column='5'
          Callee kind='Expr.Member' line='42' column='5' name='append'
            Receiver kind='Expr.Name' line='42' column='5' name='items'
          Arg kind='Expr.IntLit' line='42' column='18' text='4'
      Stmt kind='Stmt.VarDecl' line='43' column='5' name='view' isVar='false'
        Type kind='Type.Reference' line='43' column='15'
          Inner kind='Type.Generic' line='43' column='16' name='List'
            TypeArg kind='Type.Named' line='43' column='21' name='Int'
        Init kind='Expr.Ref' line='43' column='28'
          Operand kind='Expr.Name' line='43' column='29' name='items'
      Stmt kind='Stmt.VarDecl' line='45' column='5' name='isEven' isVar='false'
        Type kind='Type.Named' line='45' column='17' name='Predicate'
        Init kind='Expr.Lambda' line='45' column='30' params='v'
          ParamType kind='Type.Named' line='45' column='33' name='Int'
          Body
            Stmt kind='Stmt.ExprStmt' line='45' column='41'
              Expr kind='Expr.Binary' line='45' column='41' op='=='
                Lhs kind='Expr.Binary' line='45' column='41' op='%'
                  Lhs kind='Expr.Name' line='45' column='41' name='v'
                  Rhs kind='Expr.IntLit' line='45' column='45' text='2'
                Rhs kind='Expr.IntLit' line='45' column='50' text='0'
      Stmt kind='Stmt.ExprStmt' line='46' column='5'
        Expr kind='Expr.Call' line='46' column='5'
          Callee kind='Expr.Name' line='46' column='5' name='println'
          Arg kind='Expr.Call' line='46' column='13'
            Callee kind='Expr.Name' line='46' column='13' name='countIf'
            Arg kind='Expr.Name' line='46' column='21' name='view'
            Arg kind='Expr.Name' line='46' column='27' name='isEven'
      Stmt kind='Stmt.ExprStmt' line='47' column='5'
        Expr kind='Expr.Call' line='47' column='5'
          Callee kind='Expr.Name' line='47' column='5' name='println'
          Arg kind='Expr.Call' line='47' column='13'
            Callee kind='Expr.Name' line='47' column='13' name='countIf'
            Arg kind='Expr.Name' line='47' column='21' name='view'
            Arg kind='Expr.Lambda' line='47' column='28' params='v'
              ParamType kind='Type.Named' line='47' column='31' name='Int'
              Body
                Stmt kind='Stmt.ExprStmt' line='47' column='39'
                  Expr kind='Expr.Binary' line='47' column='39' op='>'
                    Lhs kind='Expr.Name' line='47' column='39' name='v'
                    Rhs kind='Expr.IntLit' line='47' column='43' text='2'
      Stmt kind='Stmt.VarDecl' line='50' column='5' name='big' isVar='false'
        Type kind='Type.Named' line='50' column='14' name='Mapper'
        Init kind='Expr.Lambda' line='50' column='24' params='v'
          ParamType kind='Type.Named' line='50' column='27' name='Int'
          Body
            Stmt kind='Stmt.If' line='51' column='9'
              Cond kind='Expr.Binary' line='51' column='13' op='>'
                Lhs kind='Expr.Name' line='51' column='13' name='v'
                Rhs kind='Expr.IntLit' line='51' column='17' text='0'
              Then
                Stmt kind='Stmt.Return' line='52' column='13'
                  Value kind='Expr.Binary' line='52' column='20' op='*'
                    Lhs kind='Expr.Name' line='52' column='20' name='v'
                    Rhs kind='Expr.IntLit' line='52' column='24' text='100'
            Stmt kind='Stmt.Return' line='54' column='9'
              Value kind='Expr.IntLit' line='54' column='16' text='0'
      Stmt kind='Stmt.ExprStmt' line='56' column='5'
        Expr kind='Expr.Call' line='56' column='5'
          Callee kind='Expr.Name' line='56' column='5' name='println'
          Arg kind='Expr.Call' line='56' column='13'
            Callee kind='Expr.Name' line='56' column='13' name='big'
            Arg kind='Expr.IntLit' line='56' column='17' text='3'
      Stmt kind='Stmt.Return' line='58' column='5'
        Value kind='Expr.IntLit' line='58' column='12' text='0'
