ReservedWord	1:1	package
Space	1:8	 
Identifier	1:9	fixtures
EndOfLine	1:17	\n
ReservedWord	2:1	enum
Space	2:5	 
Identifier	2:6	Shape
Space	2:11	 
Operator	2:12	{
EndOfLine	2:13	\n
Space	3:1	    
Identifier	3:5	Circle
Operator	3:11	,
EndOfLine	3:12	\n
Space	4:1	    
Identifier	4:5	Square
Space	4:11	 
Operator	4:12	=
Space	4:13	 
Number	4:14	4
EndOfLine	4:15	\n
Operator	5:1	}
EndOfLine	5:2	\n
EndOfLine	6:1	\n
ReservedWord	7:1	fun
Space	7:4	 
Identifier	7:5	Str
Operator	7:8	.
Identifier	7:9	describe
Operator	7:17	(
Operator	7:18	)
Operator	7:19	:
Space	7:20	 
Identifier	7:21	Str
Space	7:24	 
Operator	7:25	{
EndOfLine	7:26	\n
Space	8:1	    
ReservedWord	8:5	return
Space	8:11	 
ReservedWord	8:12	this
EndOfLine	8:16	\n
Operator	9:1	}
EndOfLine	9:2	\n
EndOfLine	10:1	\n
ReservedWord	11:1	fun
Space	11:4	 
Identifier	11:5	area
Operator	11:9	(
Identifier	11:10	width
Operator	11:15	:
Space	11:16	 
Identifier	11:17	Int
Operator	11:20	,
Space	11:21	 
Identifier	11:22	height
Operator	11:28	:
Space	11:29	 
Identifier	11:30	Int
Operator	11:33	)
Operator	11:34	:
Space	11:35	 
Identifier	11:36	Int
Space	11:39	 
Operator	11:40	{
EndOfLine	11:41	\n
Space	12:1	    
ReservedWord	12:5	return
Space	12:11	 
Identifier	12:12	width
Space	12:17	 
Operator	12:18	*
Space	12:19	 
Identifier	12:20	height
EndOfLine	12:26	\n
Operator	13:1	}
EndOfLine	13:2	\n
EndOfLine	14:1	\n
ReservedWord	15:1	fun
Space	15:4	 
Identifier	15:5	main
Operator	15:9	(
Operator	15:10	)
Operator	15:11	:
Space	15:12	 
Identifier	15:13	Int
Space	15:16	 
Operator	15:17	{
EndOfLine	15:18	\n
Space	16:1	    
ReservedWord	16:5	val
Space	16:8	 
Identifier	16:9	name
Operator	16:13	:
Space	16:14	 
Identifier	16:15	Str
Space	16:18	 
Operator	16:19	=
Space	16:20	 
String	16:21	"box"
EndOfLine	16:26	\n
Space	17:1	    
Identifier	17:5	println
Operator	17:12	(
Identifier	17:13	name
Operator	17:17	.
Identifier	17:18	describe
Operator	17:26	(
Operator	17:27	)
Operator	17:28	)
EndOfLine	17:29	\n
Space	18:1	    
Identifier	18:5	println
Operator	18:12	(
Identifier	18:13	area
Operator	18:17	(
Number	18:18	3
Operator	18:19	,
Space	18:20	 
Number	18:21	4
Operator	18:22	)
Operator	18:23	)
EndOfLine	18:24	\n
Space	19:1	    
Identifier	19:5	println
Operator	19:12	(
Identifier	19:13	Shape
Operator	19:18	.
Identifier	19:19	Circle
Space	19:25	 
Operator	19:26	==
Space	19:28	 
Identifier	19:29	Shape
Operator	19:34	.
Identifier	19:35	Circle
Operator	19:41	)
EndOfLine	19:42	\n
Space	20:1	    
Identifier	20:5	println
Operator	20:12	(
Character	20:13	'a'
Operator	20:16	)
EndOfLine	20:17	\n
Space	21:1	    
ReservedWord	21:5	return
Space	21:11	 
Number	21:12	0
EndOfLine	21:13	\n
Operator	22:1	}
EndOfLine	22:2	\n
