Module kind='Module' line='1' column='1'
  Function kind='Function' line='3' column='1' name='main' isNative='false' hasBody='true' hasReceiver='false' hasNativeSymbol='false'
    ReturnType kind='Type.Named' line='3' column='13' name='Int'
    Body
      Stmt kind='Stmt.VarDecl' line='4' column='5' name='raw' isVar='false'
        Type kind='Type.Named' line='4' column='14' name='Str'
        Init kind='Expr.StrLit' line='4' column='20' text='"  Hello,World  "'
      Stmt kind='Stmt.VarDecl' line='5' column='5' name='text' isVar='false'
        Type kind='Type.Named' line='5' column='15' name='Str'
        Init kind='Expr.Call' line='5' column='21'
          Callee kind='Expr.Member' line='5' column='21' name='trim'
            Receiver kind='Expr.Name' line='5' column='21' name='raw'
      Stmt kind='Stmt.ExprStmt' line='6' column='5'
        Expr kind='Expr.Call' line='6' column='5'
          Callee kind='Expr.Name' line='6' column='5' name='println'
          Arg kind='Expr.Name' line='6' column='13' name='text'
      Stmt kind='Stmt.ExprStmt' line='7' column='5'
        Expr kind='Expr.Call' line='7' column='5'
          Callee kind='Expr.Name' line='7' column='5' name='println'
          Arg kind='Expr.Call' line='7' column='13'
            Callee kind='Expr.Member' line='7' column='13' name='toUpper'
              Receiver kind='Expr.Name' line='7' column='13' name='text'
      Stmt kind='Stmt.ExprStmt' line='8' column='5'
        Expr kind='Expr.Call' line='8' column='5'
          Callee kind='Expr.Name' line='8' column='5' name='println'
          Arg kind='Expr.Call' line='8' column='13'
            Callee kind='Expr.Member' line='8' column='13' name='toLower'
              Receiver kind='Expr.Name' line='8' column='13' name='text'
      Stmt kind='Stmt.ExprStmt' line='9' column='5'
        Expr kind='Expr.Call' line='9' column='5'
          Callee kind='Expr.Name' line='9' column='5' name='println'
          Arg kind='Expr.Call' line='9' column='13'
            Callee kind='Expr.Member' line='9' column='13' name='isEmpty'
              Receiver kind='Expr.Name' line='9' column='13' name='text'
      Stmt kind='Stmt.ExprStmt' line='10' column='5'
        Expr kind='Expr.Call' line='10' column='5'
          Callee kind='Expr.Name' line='10' column='5' name='println'
          Arg kind='Expr.Call' line='10' column='13'
            Callee kind='Expr.Member' line='10' column='13' name='isEmpty'
              Receiver kind='Expr.Call' line='10' column='13'
                Callee kind='Expr.Name' line='10' column='13' name='Str'
      Stmt kind='Stmt.ExprStmt' line='11' column='5'
        Expr kind='Expr.Call' line='11' column='5'
          Callee kind='Expr.Name' line='11' column='5' name='println'
          Arg kind='Expr.Call' line='11' column='13'
            Callee kind='Expr.Member' line='11' column='13' name='size'
              Receiver kind='Expr.Name' line='11' column='13' name='text'
      Stmt kind='Stmt.VarDecl' line='13' column='5' name='parts' isVar='false'
        Type kind='Type.Generic' line='13' column='16' name='List'
          TypeArg kind='Type.Named' line='13' column='21' name='Str'
        Init kind='Expr.Call' line='13' column='28'
          Callee kind='Expr.Member' line='13' column='28' name='split'
            Receiver kind='Expr.Name' line='13' column='28' name='text'
          Arg kind='Expr.StrLit' line='13' column='39' text='","'
      Stmt kind='Stmt.ExprStmt' line='14' column='5'
        Expr kind='Expr.Call' line='14' column='5'
          Callee kind='Expr.Name' line='14' column='5' name='println'
          Arg kind='Expr.Call' line='14' column='13'
            Callee kind='Expr.Member' line='14' column='13' name='size'
              Receiver kind='Expr.Name' line='14' column='13' name='parts'
      Stmt kind='Stmt.ExprStmt' line='15' column='5'
        Expr kind='Expr.Call' line='15' column='5'
          Callee kind='Expr.Name' line='15' column='5' name='println'
          Arg kind='Expr.Index' line='15' column='13'
            Receiver kind='Expr.Name' line='15' column='13' name='parts'
            Index kind='Expr.IntLit' line='15' column='19' text='0'
      Stmt kind='Stmt.ExprStmt' line='16' column='5'
        Expr kind='Expr.Call' line='16' column='5'
          Callee kind='Expr.Name' line='16' column='5' name='println'
          Arg kind='Expr.Index' line='16' column='13'
            Receiver kind='Expr.Name' line='16' column='13' name='parts'
            Index kind='Expr.IntLit' line='16' column='19' text='1'
      Stmt kind='Stmt.ExprStmt' line='18' column='5'
        Expr kind='Expr.Call' line='18' column='5'
          Callee kind='Expr.Name' line='18' column='5' name='println'
          Arg kind='Expr.Call' line='18' column='13'
            Callee kind='Expr.Member' line='18' column='13' name='charAt'
              Receiver kind='Expr.Name' line='18' column='13' name='text'
            Arg kind='Expr.IntLit' line='18' column='25' text='0'
      Stmt kind='Stmt.ExprStmt' line='19' column='5'
        Expr kind='Expr.Call' line='19' column='5'
          Callee kind='Expr.Name' line='19' column='5' name='println'
          Arg kind='Expr.Call' line='19' column='13'
            Callee kind='Expr.Member' line='19' column='13' name='indexOf'
              Receiver kind='Expr.Name' line='19' column='13' name='text'
            Arg kind='Expr.StrLit' line='19' column='26' text='"World"'
      Stmt kind='Stmt.ExprStmt' line='20' column='5'
        Expr kind='Expr.Call' line='20' column='5'
          Callee kind='Expr.Name' line='20' column='5' name='println'
          Arg kind='Expr.Call' line='20' column='13'
            Callee kind='Expr.Member' line='20' column='13' name='find'
              Receiver kind='Expr.Name' line='20' column='13' name='text'
            Arg kind='Expr.StrLit' line='20' column='23' text='"zzz"'
      Stmt kind='Stmt.ExprStmt' line='21' column='5'
        Expr kind='Expr.Call' line='21' column='5'
          Callee kind='Expr.Name' line='21' column='5' name='println'
          Arg kind='Expr.Call' line='21' column='13'
            Callee kind='Expr.Member' line='21' column='13' name='lastIndexOf'
              Receiver kind='Expr.Name' line='21' column='13' name='text'
            Arg kind='Expr.StrLit' line='21' column='30' text='"l"'
      Stmt kind='Stmt.ExprStmt' line='22' column='5'
        Expr kind='Expr.Call' line='22' column='5'
          Callee kind='Expr.Name' line='22' column='5' name='println'
          Arg kind='Expr.Call' line='22' column='13'
            Callee kind='Expr.Member' line='22' column='13' name='substr'
              Receiver kind='Expr.Name' line='22' column='13' name='text'
            Arg kind='Expr.IntLit' line='22' column='25' text='6'
            Arg kind='Expr.IntLit' line='22' column='28' text='5'
      Stmt kind='Stmt.ExprStmt' line='23' column='5'
        Expr kind='Expr.Call' line='23' column='5'
          Callee kind='Expr.Name' line='23' column='5' name='println'
          Arg kind='Expr.Call' line='23' column='13'
            Callee kind='Expr.Member' line='23' column='13' name='startsWith'
              Receiver kind='Expr.Name' line='23' column='13' name='text'
            Arg kind='Expr.StrLit' line='23' column='29' text='"Hello"'
      Stmt kind='Stmt.ExprStmt' line='24' column='5'
        Expr kind='Expr.Call' line='24' column='5'
          Callee kind='Expr.Name' line='24' column='5' name='println'
          Arg kind='Expr.Call' line='24' column='13'
            Callee kind='Expr.Member' line='24' column='13' name='endsWith'
              Receiver kind='Expr.Name' line='24' column='13' name='text'
            Arg kind='Expr.StrLit' line='24' column='27' text='"World"'
      Stmt kind='Stmt.ExprStmt' line='25' column='5'
        Expr kind='Expr.Call' line='25' column='5'
          Callee kind='Expr.Name' line='25' column='5' name='println'
          Arg kind='Expr.Call' line='25' column='13'
            Callee kind='Expr.Member' line='25' column='13' name='replace'
              Receiver kind='Expr.Name' line='25' column='13' name='text'
            Arg kind='Expr.StrLit' line='25' column='26' text='"World"'
            Arg kind='Expr.StrLit' line='25' column='35' text='"Simse"'
      Stmt kind='Stmt.Return' line='26' column='5'
        Value kind='Expr.IntLit' line='26' column='12' text='0'
