ReservedWord	1:1	package
Space	1:8	 
Identifier	1:9	fixtures
EndOfLine	1:17	\n
Comment	2:1	// Exercises the Dictionary surface and the List extras (T20): insert, get, has,
EndOfLine	2:81	\n
Comment	3:1	// size, keys/values (sorted for determinism), contains, sort, remove, clear.
EndOfLine	3:78	\n
EndOfLine	4:1	\n
ReservedWord	5:1	fun
Space	5:4	 
Identifier	5:5	main
Operator	5:9	(
Operator	5:10	)
Operator	5:11	:
Space	5:12	 
Identifier	5:13	Int
Space	5:16	 
Operator	5:17	{
EndOfLine	5:18	\n
Space	6:1	    
ReservedWord	6:5	var
Space	6:8	 
Identifier	6:9	counts
Operator	6:15	:
Space	6:16	 
Identifier	6:17	Dictionary
Operator	6:27	<
Identifier	6:28	Str
Operator	6:31	,
Space	6:32	 
Identifier	6:33	Int
Operator	6:36	>
Space	6:37	 
Operator	6:38	=
Space	6:39	 
Identifier	6:40	dictionaryOf
Operator	6:52	<
Identifier	6:53	Str
Operator	6:56	,
Space	6:57	 
Identifier	6:58	Int
Operator	6:61	>
Operator	6:62	(
Operator	6:63	)
EndOfLine	6:64	\n
Space	7:1	    
Identifier	7:5	counts
Operator	7:11	.
Identifier	7:12	insert
Operator	7:18	(
String	7:19	"b"
Operator	7:22	,
Space	7:23	 
Number	7:24	2
Operator	7:25	)
EndOfLine	7:26	\n
Space	8:1	    
Identifier	8:5	counts
Operator	8:11	.
Identifier	8:12	insert
Operator	8:18	(
String	8:19	"a"
Operator	8:22	,
Space	8:23	 
Number	8:24	1
Operator	8:25	)
EndOfLine	8:26	\n
Space	9:1	    
Identifier	9:5	counts
Operator	9:11	.
Identifier	9:12	insert
Operator	9:18	(
String	9:19	"c"
Operator	9:22	,
Space	9:23	 
Number	9:24	3
Operator	9:25	)
EndOfLine	9:26	\n
Space	10:1	    
Identifier	10:5	counts
Operator	10:11	.
Identifier	10:12	insert
Operator	10:18	(
String	10:19	"b"
Operator	10:22	,
Space	10:23	 
Number	10:24	20
Operator	10:26	)
EndOfLine	10:27	\n
EndOfLine	11:1	\n
Space	12:1	    
Identifier	12:5	println
Operator	12:12	(
Identifier	12:13	counts
Operator	12:19	.
Identifier	12:20	size
Operator	12:24	(
Operator	12:25	)
Operator	12:26	)
EndOfLine	12:27	\n
Space	13:1	    
Identifier	13:5	println
Operator	13:12	(
Identifier	13:13	counts
Operator	13:19	.
Identifier	13:20	get
Operator	13:23	(
String	13:24	"a"
Operator	13:27	)
Operator	13:28	.
Identifier	13:29	value
Operator	13:34	(
Operator	13:35	)
Operator	13:36	)
EndOfLine	13:37	\n
Space	14:1	    
Identifier	14:5	println
Operator	14:12	(
Identifier	14:13	counts
Operator	14:19	.
Identifier	14:20	has
Operator	14:23	(
String	14:24	"z"
Operator	14:27	)
Operator	14:28	)
EndOfLine	14:29	\n
EndOfLine	15:1	\n
Space	16:1	    
ReservedWord	16:5	var
Space	16:8	 
Identifier	16:9	names
Operator	16:14	:
Space	16:15	 
Identifier	16:16	List
Operator	16:20	<
Identifier	16:21	Str
Operator	16:24	>
Space	16:25	 
Operator	16:26	=
Space	16:27	 
Identifier	16:28	counts
Operator	16:34	.
Identifier	16:35	keys
Operator	16:39	(
Operator	16:40	)
EndOfLine	16:41	\n
Space	17:1	    
Identifier	17:5	names
Operator	17:10	.
Identifier	17:11	sort
Operator	17:15	(
Operator	17:16	(
Identifier	17:17	left
Operator	17:21	:
Space	17:22	 
Identifier	17:23	Str
Operator	17:26	,
Space	17:27	 
Identifier	17:28	right
Operator	17:33	:
Space	17:34	 
Identifier	17:35	Str
Operator	17:38	)
Space	17:39	 
Operator	17:40	->
Space	17:42	 
Identifier	17:43	left
Space	17:47	 
Operator	17:48	<
Space	17:49	 
Identifier	17:50	right
Operator	17:55	)
EndOfLine	17:56	\n
Space	18:1	    
ReservedWord	18:5	var
Space	18:8	 
Identifier	18:9	i
Operator	18:10	:
Space	18:11	 
Identifier	18:12	Int
Space	18:15	 
Operator	18:16	=
Space	18:17	 
Number	18:18	0
EndOfLine	18:19	\n
Space	19:1	    
ReservedWord	19:5	while
Space	19:10	 
Operator	19:11	(
Identifier	19:12	i
Space	19:13	 
Operator	19:14	<
Space	19:15	 
Identifier	19:16	names
Operator	19:21	.
Identifier	19:22	size
Operator	19:26	(
Operator	19:27	)
Operator	19:28	)
Space	19:29	 
Operator	19:30	{
EndOfLine	19:31	\n
Space	20:1	        
Identifier	20:9	println
Operator	20:16	(
Identifier	20:17	names
Operator	20:22	[
Identifier	20:23	i
Operator	20:24	]
Operator	20:25	)
EndOfLine	20:26	\n
Space	21:1	        
Identifier	21:9	i
Space	21:10	 
Operator	21:11	=
Space	21:12	 
Identifier	21:13	i
Space	21:14	 
Operator	21:15	+
Space	21:16	 
Number	21:17	1
EndOfLine	21:18	\n
Space	22:1	    
Operator	22:5	}
EndOfLine	22:6	\n
Space	23:1	    
Identifier	23:5	println
Operator	23:12	(
Identifier	23:13	names
Operator	23:18	.
Identifier	23:19	contains
Operator	23:27	(
String	23:28	"c"
Operator	23:31	)
Operator	23:32	)
EndOfLine	23:33	\n
Space	24:1	    
Identifier	24:5	println
Operator	24:12	(
Identifier	24:13	names
Operator	24:18	.
Identifier	24:19	contains
Operator	24:27	(
String	24:28	"z"
Operator	24:31	)
Operator	24:32	)
EndOfLine	24:33	\n
EndOfLine	25:1	\n
Space	26:1	    
ReservedWord	26:5	var
Space	26:8	 
Identifier	26:9	values
Operator	26:15	:
Space	26:16	 
Identifier	26:17	List
Operator	26:21	<
Identifier	26:22	Int
Operator	26:25	>
Space	26:26	 
Operator	26:27	=
Space	26:28	 
Identifier	26:29	counts
Operator	26:35	.
Identifier	26:36	values
Operator	26:42	(
Operator	26:43	)
EndOfLine	26:44	\n
Space	27:1	    
Identifier	27:5	values
Operator	27:11	.
Identifier	27:12	sort
Operator	27:16	(
Operator	27:17	(
Identifier	27:18	left
Operator	27:22	:
Space	27:23	 
Identifier	27:24	Int
Operator	27:27	,
Space	27:28	 
Identifier	27:29	right
Operator	27:34	:
Space	27:35	 
Identifier	27:36	Int
Operator	27:39	)
Space	27:40	 
Operator	27:41	->
Space	27:43	 
Identifier	27:44	left
Space	27:48	 
Operator	27:49	<
Space	27:50	 
Identifier	27:51	right
Operator	27:56	)
EndOfLine	27:57	\n
Space	28:1	    
ReservedWord	28:5	var
Space	28:8	 
Identifier	28:9	j
Operator	28:10	:
Space	28:11	 
Identifier	28:12	Int
Space	28:15	 
Operator	28:16	=
Space	28:17	 
Number	28:18	0
EndOfLine	28:19	\n
Space	29:1	    
ReservedWord	29:5	while
Space	29:10	 
Operator	29:11	(
Identifier	29:12	j
Space	29:13	 
Operator	29:14	<
Space	29:15	 
Identifier	29:16	values
Operator	29:22	.
Identifier	29:23	size
Operator	29:27	(
Operator	29:28	)
Operator	29:29	)
Space	29:30	 
Operator	29:31	{
EndOfLine	29:32	\n
Space	30:1	        
Identifier	30:9	println
Operator	30:16	(
Identifier	30:17	values
Operator	30:23	[
Identifier	30:24	j
Operator	30:25	]
Operator	30:26	)
EndOfLine	30:27	\n
Space	31:1	        
Identifier	31:9	j
Space	31:10	 
Operator	31:11	=
Space	31:12	 
Identifier	31:13	j
Space	31:14	 
Operator	31:15	+
Space	31:16	 
Number	31:17	1
EndOfLine	31:18	\n
Space	32:1	    
Operator	32:5	}
EndOfLine	32:6	\n
EndOfLine	33:1	\n
Space	34:1	    
Identifier	34:5	counts
Operator	34:11	.
Identifier	34:12	remove
Operator	34:18	(
String	34:19	"a"
Operator	34:22	)
EndOfLine	34:23	\n
Space	35:1	    
Identifier	35:5	println
Operator	35:12	(
Identifier	35:13	counts
Operator	35:19	.
Identifier	35:20	size
Operator	35:24	(
Operator	35:25	)
Operator	35:26	)
EndOfLine	35:27	\n
Space	36:1	    
Identifier	36:5	counts
Operator	36:11	.
Identifier	36:12	clear
Operator	36:17	(
Operator	36:18	)
EndOfLine	36:19	\n
Space	37:1	    
Identifier	37:5	println
Operator	37:12	(
Identifier	37:13	counts
Operator	37:19	.
Identifier	37:20	size
Operator	37:24	(
Operator	37:25	)
Operator	37:26	)
EndOfLine	37:27	\n
Space	38:1	    
ReservedWord	38:5	return
Space	38:11	 
Number	38:12	0
EndOfLine	38:13	\n
Operator	39:1	}
EndOfLine	39:2	\n
