Module kind='Module' line='1' column='1' package='fixtures'
  Function kind='Function' line='12' column='1' name='total' isNative='false' hasBody='true' hasReceiver='false' hasNativeSymbol='false'
    Param name='items' line='12' column='11'
      Type kind='Type.Pointer' line='12' column='18'
        Inner kind='Type.Generic' line='12' column='19' name='List'
          TypeArg kind='Type.Named' line='12' column='24' name='Int'
    ReturnType kind='Type.Named' line='12' column='31' name='Int'
    Body
      Stmt kind='Stmt.VarDecl' line='13' column='5' name='sum' isVar='true'
        Type kind='Type.Named' line='13' column='14' name='Int'
        Init kind='Expr.IntLit' line='13' column='20' text='0'
      Stmt kind='Stmt.VarDecl' line='14' column='5' name='_sm_for1' isVar='true'
        Init kind='Expr.Call' line='14' column='5'
          Callee kind='Expr.Member' line='14' column='5' name='smToYield'
            Receiver kind='Expr.Name' line='14' column='19' name='items'
      Stmt kind='Stmt.While' line='14' column='5'
        Cond kind='Expr.BoolLit' line='14' column='5' value='true'
        Body
          Stmt kind='Stmt.VarDecl' line='14' column='5' name='_sm_step1' isVar='true'
            Init kind='Expr.Call' line='14' column='5'
              Callee kind='Expr.Member' line='14' column='5' name='next'
                Receiver kind='Expr.Name' line='14' column='5' name='_sm_for1'
          Stmt kind='Stmt.If' line='14' column='5'
            Cond kind='Expr.Unary' line='14' column='5' op='!'
              Operand kind='Expr.Call' line='14' column='5'
                Callee kind='Expr.Member' line='14' column='5' name='hasValue'
                  Receiver kind='Expr.Name' line='14' column='5' name='_sm_step1'
            Then
              Stmt kind='Stmt.Break' line='14' column='5'
          Stmt kind='Stmt.VarDecl' line='14' column='5' name='value' isVar='false'
            Init kind='Expr.Call' line='14' column='5'
              Callee kind='Expr.Member' line='14' column='5' name='value'
                Receiver kind='Expr.Name' line='14' column='5' name='_sm_step1'
          Stmt kind='Stmt.Assign' line='15' column='9' op='='
            Target kind='Expr.Name' line='15' column='9' name='sum'
            Value kind='Expr.Binary' line='15' column='15' op='+'
              Lhs kind='Expr.Name' line='15' column='15' name='sum'
              Rhs kind='Expr.Name' line='15' column='21' name='value'
      Stmt kind='Stmt.Return' line='17' column='5'
        Value kind='Expr.Name' line='17' column='12' name='sum'
  Function kind='Function' line='20' column='1' name='arrayTotal' isNative='false' hasBody='true' hasReceiver='false' hasNativeSymbol='false'
    Param name='numbers' line='20' column='16'
      Type kind='Type.Pointer' line='20' column='25'
        Inner kind='Type.Generic' line='20' column='26' name='List'
          TypeArg kind='Type.Named' line='20' column='31' name='Int'
    ReturnType kind='Type.Named' line='20' column='38' name='Int'
    Body
      Stmt kind='Stmt.VarDecl' line='21' column='5' name='arr' isVar='false'
        Type kind='Type.Generic' line='21' column='14' name='Array'
          TypeArg kind='Type.Named' line='21' column='20' name='Int'
        Init kind='Expr.Call' line='21' column='27'
          Callee kind='Expr.Member' line='21' column='27' name='toArray'
            Receiver kind='Expr.Name' line='21' column='27' name='numbers'
      Stmt kind='Stmt.VarDecl' line='22' column='5' name='sum' isVar='true'
        Type kind='Type.Named' line='22' column='14' name='Int'
        Init kind='Expr.IntLit' line='22' column='20' text='0'
      Stmt kind='Stmt.VarDecl' line='23' column='5' name='_sm_for2' isVar='true'
        Init kind='Expr.Call' line='23' column='5'
          Callee kind='Expr.Member' line='23' column='5' name='smToYield'
            Receiver kind='Expr.Name' line='23' column='28' name='arr'
      Stmt kind='Stmt.VarDecl' line='23' column='5' name='_sm_index2' isVar='true'
        Type kind='Type.Named' line='23' column='5' name='Int'
        Init kind='Expr.IntLit' line='23' column='5' text='-1'
      Stmt kind='Stmt.While' line='23' column='5'
        Cond kind='Expr.BoolLit' line='23' column='5' value='true'
        Body
          Stmt kind='Stmt.Assign' line='23' column='5' op='='
            Target kind='Expr.Name' line='23' column='5' name='_sm_index2'
            Value kind='Expr.Binary' line='23' column='5' op='+'
              Lhs kind='Expr.Name' line='23' column='5' name='_sm_index2'
              Rhs kind='Expr.IntLit' line='23' column='5' text='1'
          Stmt kind='Stmt.VarDecl' line='23' column='5' name='_sm_step2' isVar='true'
            Init kind='Expr.Call' line='23' column='5'
              Callee kind='Expr.Member' line='23' column='5' name='next'
                Receiver kind='Expr.Name' line='23' column='5' name='_sm_for2'
          Stmt kind='Stmt.If' line='23' column='5'
            Cond kind='Expr.Unary' line='23' column='5' op='!'
              Operand kind='Expr.Call' line='23' column='5'
                Callee kind='Expr.Member' line='23' column='5' name='hasValue'
                  Receiver kind='Expr.Name' line='23' column='5' name='_sm_step2'
            Then
              Stmt kind='Stmt.Break' line='23' column='5'
          Stmt kind='Stmt.VarDecl' line='23' column='5' name='value' isVar='false'
            Init kind='Expr.Call' line='23' column='5'
              Callee kind='Expr.Member' line='23' column='5' name='value'
                Receiver kind='Expr.Name' line='23' column='5' name='_sm_step2'
          Stmt kind='Stmt.VarDecl' line='23' column='5' name='index' isVar='false'
            Init kind='Expr.Name' line='23' column='5' name='_sm_index2'
          Stmt kind='Stmt.If' line='24' column='9'
            Cond kind='Expr.Binary' line='24' column='13' op='=='
              Lhs kind='Expr.Name' line='24' column='13' name='index'
              Rhs kind='Expr.IntLit' line='24' column='22' text='0'
            Then
              Stmt kind='Stmt.Continue' line='25' column='13'
          Stmt kind='Stmt.Assign' line='27' column='9' op='='
            Target kind='Expr.Name' line='27' column='9' name='sum'
            Value kind='Expr.Binary' line='27' column='15' op='+'
              Lhs kind='Expr.Name' line='27' column='15' name='sum'
              Rhs kind='Expr.Name' line='27' column='21' name='value'
      Stmt kind='Stmt.Return' line='29' column='5'
        Value kind='Expr.Name' line='29' column='12' name='sum'
  Function kind='Function' line='32' column='1' name='main' isNative='false' hasBody='true' hasReceiver='false' hasNativeSymbol='false'
    ReturnType kind='Type.Named' line='32' column='13' name='Int'
    Body
      Stmt kind='Stmt.VarDecl' line='33' column='5' name='numbers' isVar='false'
        Type kind='Type.Generic' line='33' column='18' name='List'
          TypeArg kind='Type.Named' line='33' column='23' name='Int'
        Init kind='Expr.Call' line='33' column='30'
          Callee kind='Expr.GenericName' line='33' column='30' name='List'
            TypeArg kind='Type.Named' line='33' column='35' name='Int'
      Stmt kind='Stmt.ExprStmt' line='34' column='5'
        Expr kind='Expr.Call' line='34' column='5'
          Callee kind='Expr.Member' line='34' column='5' name='append'
            Receiver kind='Expr.Name' line='34' column='5' name='numbers'
          Arg kind='Expr.IntLit' line='34' column='20' text='1'
      Stmt kind='Stmt.ExprStmt' line='35' column='5'
        Expr kind='Expr.Call' line='35' column='5'
          Callee kind='Expr.Member' line='35' column='5' name='append'
            Receiver kind='Expr.Name' line='35' column='5' name='numbers'
          Arg kind='Expr.IntLit' line='35' column='20' text='2'
      Stmt kind='Stmt.ExprStmt' line='36' column='5'
        Expr kind='Expr.Call' line='36' column='5'
          Callee kind='Expr.Name' line='36' column='5' name='println'
          Arg kind='Expr.Call' line='36' column='13'
            Callee kind='Expr.Member' line='36' column='13' name='toString'
              Receiver kind='Expr.Call' line='36' column='13'
                Callee kind='Expr.Name' line='36' column='13' name='total'
                Arg kind='Expr.Deref' line='36' column='19'
                  Operand kind='Expr.Name' line='36' column='20' name='numbers'
      Stmt kind='Stmt.ExprStmt' line='37' column='5'
        Expr kind='Expr.Call' line='37' column='5'
          Callee kind='Expr.Name' line='37' column='5' name='println'
          Arg kind='Expr.Call' line='37' column='13'
            Callee kind='Expr.Member' line='37' column='13' name='toString'
              Receiver kind='Expr.Call' line='37' column='13'
                Callee kind='Expr.Name' line='37' column='13' name='arrayTotal'
                Arg kind='Expr.Deref' line='37' column='24'
                  Operand kind='Expr.Name' line='37' column='25' name='numbers'
      Stmt kind='Stmt.Return' line='38' column='5'
        Value kind='Expr.IntLit' line='38' column='12' text='0'
