Module kind='Module' line='1' column='1' package='fixtures'
  Function kind='Function' line='2' column='1' name='useLater' isNative='false' hasBody='true' hasReceiver='false' hasNativeSymbol='false'
    ReturnType kind='Type.Named' line='2' column='17' name='Int'
    Body
      Stmt kind='Stmt.VarDecl' line='3' column='5' name='p' isVar='false'
        Type kind='Type.Named' line='3' column='12' name='Point'
        Init kind='Expr.Call' line='3' column='20'
          Callee kind='Expr.Name' line='3' column='20' name='Point'
          Arg kind='Expr.IntLit' line='3' column='26' text='1'
          Arg kind='Expr.IntLit' line='3' column='29' text='2'
      Stmt kind='Stmt.Return' line='4' column='5'
        Value kind='Expr.Call' line='4' column='12'
          Callee kind='Expr.Name' line='4' column='12' name='helper'
          Arg kind='Expr.Member' line='4' column='19' name='x'
            Receiver kind='Expr.Name' line='4' column='19' name='p'
  DataClass kind='DataClass' line='7' column='1' name='Point'
    Field name='x' isVar='true' line='7' column='18'
      Type kind='Type.Named' line='7' column='25' name='Int'
    Field name='y' isVar='true' line='7' column='30'
      Type kind='Type.Named' line='7' column='37' name='Int'
  Function kind='Function' line='9' column='1' name='helper' isNative='false' hasBody='true' hasReceiver='false' hasNativeSymbol='false'
    Param name='value' line='9' column='12'
      Type kind='Type.Named' line='9' column='19' name='Int'
    ReturnType kind='Type.Named' line='9' column='25' name='Int'
    Body
      Stmt kind='Stmt.Return' line='10' column='5'
        Value kind='Expr.Binary' line='10' column='12' op='+'
          Lhs kind='Expr.Name' line='10' column='12' name='value'
          Rhs kind='Expr.IntLit' line='10' column='20' text='1'
