Module kind='Module' line='1' column='1' package='fixtures'
  TypeAlias kind='TypeAlias' line='19' column='1' name='Taker'
    TargetType kind='Type.Function' line='19' column='19'
      ParamType kind='Type.Named' line='19' column='20' name='Int'
      ReturnType kind='Type.Named' line='19' column='28' name='Unit'
  Function kind='Function' line='21' column='1' name='everyNth' isNative='false' hasBody='true' hasReceiver='true' hasNativeSymbol='false'
    Receiver kind='Type.Generic' line='21' column='5' name='List'
      TypeArg kind='Type.Named' line='21' column='10' name='Int'
    Param name='step' line='21' column='24'
      Type kind='Type.Named' line='21' column='30' name='Int'
    ReturnType kind='Type.Yield' line='21' column='36'
      Inner kind='Type.Named' line='21' column='38' name='Int'
    Body
      Stmt kind='Stmt.VarDecl' line='22' column='5' name='i' isVar='true'
        Type kind='Type.Named' line='22' column='12' name='Int'
        Init kind='Expr.IntLit' line='22' column='18' text='0'
      Stmt kind='Stmt.While' line='23' column='5'
        Cond kind='Expr.Binary' line='23' column='12' op='<'
          Lhs kind='Expr.Name' line='23' column='12' name='i'
          Rhs kind='Expr.Call' line='23' column='16'
            Callee kind='Expr.Member' line='23' column='16' name='size'
              Receiver kind='Expr.Name' line='23' column='16' name='this'
        Body
          Stmt kind='Stmt.Yield' line='24' column='9'
            Value kind='Expr.Index' line='24' column='15'
              Receiver kind='Expr.Name' line='24' column='15' name='this'
              Index kind='Expr.Name' line='24' column='20' name='i'
          Stmt kind='Stmt.Assign' line='25' column='9' op='='
            Target kind='Expr.Name' line='25' column='9' name='i'
            Value kind='Expr.Binary' line='25' column='13' op='+'
              Lhs kind='Expr.Name' line='25' column='13' name='i'
              Rhs kind='Expr.Name' line='25' column='17' name='step'
  Function kind='Function' line='29' column='1' name='main' isNative='false' hasBody='true' hasReceiver='false' hasNativeSymbol='false'
    ReturnType kind='Type.Named' line='29' column='13' name='Int'
    Body
      Stmt kind='Stmt.VarDecl' line='30' column='5' name='items' isVar='false'
        Type kind='Type.Generic' line='30' column='16' name='List'
          TypeArg kind='Type.Named' line='30' column='21' name='Int'
        Init kind='Expr.Call' line='30' column='28'
          Callee kind='Expr.GenericName' line='30' column='28' name='List'
            TypeArg kind='Type.Named' line='30' column='33' name='Int'
      Stmt kind='Stmt.ExprStmt' line='31' column='5'
        Expr kind='Expr.Call' line='31' column='5'
          Callee kind='Expr.Member' line='31' column='5' name='append'
            Receiver kind='Expr.Name' line='31' column='5' name='items'
          Arg kind='Expr.IntLit' line='31' column='18' text='10'
      Stmt kind='Stmt.ExprStmt' line='32' column='5'
        Expr kind='Expr.Call' line='32' column='5'
          Callee kind='Expr.Member' line='32' column='5' name='append'
            Receiver kind='Expr.Name' line='32' column='5' name='items'
          Arg kind='Expr.IntLit' line='32' column='18' text='20'
      Stmt kind='Stmt.ExprStmt' line='33' column='5'
        Expr kind='Expr.Call' line='33' column='5'
          Callee kind='Expr.Member' line='33' column='5' name='append'
            Receiver kind='Expr.Name' line='33' column='5' name='items'
          Arg kind='Expr.IntLit' line='33' column='18' text='30'
      Stmt kind='Stmt.VarDecl' line='36' column='5' name='first' isVar='false'
        Type kind='Type.Named' line='36' column='16' name='Taker'
        Init kind='Expr.Lambda' line='36' column='25' params='n'
          ParamType kind='Type.Named' line='36' column='28' name='Int'
          Body
            Stmt kind='Stmt.VarDecl' line='37' column='9' name='_sm_for1' isVar='true'
              Init kind='Expr.Call' line='37' column='9'
                Callee kind='Expr.Member' line='37' column='9' name='smToYield'
                  Receiver kind='Expr.Name' line='37' column='23' name='items'
            Stmt kind='Stmt.While' line='37' column='9'
              Cond kind='Expr.Call' line='37' column='9'
                Callee kind='Expr.Member' line='37' column='9' name='advance'
                  Receiver kind='Expr.Name' line='37' column='9' name='_sm_for1'
              Body
                Stmt kind='Stmt.VarDecl' line='37' column='9' name='value' isVar='false'
                  Init kind='Expr.Call' line='37' column='9'
                    Callee kind='Expr.Member' line='37' column='9' name='value'
                      Receiver kind='Expr.Name' line='37' column='9' name='_sm_for1'
                Stmt kind='Stmt.ExprStmt' line='38' column='13'
                  Expr kind='Expr.Call' line='38' column='13'
                    Callee kind='Expr.Name' line='38' column='13' name='println'
                    Arg kind='Expr.Call' line='38' column='22'
                      Callee kind='Expr.Member' line='38' column='22' name='toString'
                        Receiver kind='Expr.Binary' line='38' column='22' op='+'
                          Lhs kind='Expr.Name' line='38' column='22' name='value'
                          Rhs kind='Expr.Name' line='38' column='30' name='n'
      Stmt kind='Stmt.ExprStmt' line='41' column='5'
        Expr kind='Expr.Call' line='41' column='5'
          Callee kind='Expr.Name' line='41' column='5' name='first'
          Arg kind='Expr.IntLit' line='41' column='11' text='1'
      Stmt kind='Stmt.VarDecl' line='44' column='5' name='second' isVar='false'
        Type kind='Type.Named' line='44' column='17' name='Taker'
        Init kind='Expr.Lambda' line='44' column='26' params='n'
          ParamType kind='Type.Named' line='44' column='29' name='Int'
          Body
            Stmt kind='Stmt.VarDecl' line='45' column='9' name='_sm_for2' isVar='true'
              Init kind='Expr.Call' line='45' column='9'
                Callee kind='Expr.Member' line='45' column='9' name='smToYield'
                  Receiver kind='Expr.Call' line='45' column='23'
                    Callee kind='Expr.Member' line='45' column='23' name='everyNth'
                      Receiver kind='Expr.Name' line='45' column='23' name='items'
                    Arg kind='Expr.IntLit' line='45' column='38' text='2'
            Stmt kind='Stmt.While' line='45' column='9'
              Cond kind='Expr.Call' line='45' column='9'
                Callee kind='Expr.Member' line='45' column='9' name='advance'
                  Receiver kind='Expr.Name' line='45' column='9' name='_sm_for2'
              Body
                Stmt kind='Stmt.VarDecl' line='45' column='9' name='value' isVar='false'
                  Init kind='Expr.Call' line='45' column='9'
                    Callee kind='Expr.Member' line='45' column='9' name='value'
                      Receiver kind='Expr.Name' line='45' column='9' name='_sm_for2'
                Stmt kind='Stmt.ExprStmt' line='46' column='13'
                  Expr kind='Expr.Call' line='46' column='13'
                    Callee kind='Expr.Name' line='46' column='13' name='println'
                    Arg kind='Expr.Call' line='46' column='22'
                      Callee kind='Expr.Member' line='46' column='22' name='toString'
                        Receiver kind='Expr.Binary' line='46' column='22' op='-'
                          Lhs kind='Expr.Name' line='46' column='22' name='value'
                          Rhs kind='Expr.Name' line='46' column='30' name='n'
      Stmt kind='Stmt.ExprStmt' line='49' column='5'
        Expr kind='Expr.Call' line='49' column='5'
          Callee kind='Expr.Name' line='49' column='5' name='second'
          Arg kind='Expr.IntLit' line='49' column='12' text='1'
      Stmt kind='Stmt.VarDecl' line='52' column='5' name='third' isVar='false'
        Type kind='Type.Named' line='52' column='16' name='Taker'
        Init kind='Expr.Lambda' line='52' column='25' params='n'
          ParamType kind='Type.Named' line='52' column='28' name='Int'
          Body
            Stmt kind='Stmt.VarDecl' line='53' column='9' name='_sm_for3' isVar='true'
              Init kind='Expr.Call' line='53' column='9'
                Callee kind='Expr.Member' line='53' column='9' name='smToYield'
                  Receiver kind='Expr.Call' line='53' column='32'
                    Callee kind='Expr.Member' line='53' column='32' name='everyNth'
                      Receiver kind='Expr.Name' line='53' column='32' name='items'
                    Arg kind='Expr.IntLit' line='53' column='47' text='2'
            Stmt kind='Stmt.VarDecl' line='53' column='9' name='_sm_index3' isVar='true'
              Type kind='Type.Named' line='53' column='9' name='Int'
              Init kind='Expr.IntLit' line='53' column='9' text='-1'
            Stmt kind='Stmt.While' line='53' column='9'
              Cond kind='Expr.Call' line='53' column='9'
                Callee kind='Expr.Member' line='53' column='9' name='advance'
                  Receiver kind='Expr.Name' line='53' column='9' name='_sm_for3'
              Body
                Stmt kind='Stmt.Assign' line='53' column='9' op='='
                  Target kind='Expr.Name' line='53' column='9' name='_sm_index3'
                  Value kind='Expr.Binary' line='53' column='9' op='+'
                    Lhs kind='Expr.Name' line='53' column='9' name='_sm_index3'
                    Rhs kind='Expr.IntLit' line='53' column='9' text='1'
                Stmt kind='Stmt.VarDecl' line='53' column='9' name='value' isVar='false'
                  Init kind='Expr.Call' line='53' column='9'
                    Callee kind='Expr.Member' line='53' column='9' name='value'
                      Receiver kind='Expr.Name' line='53' column='9' name='_sm_for3'
                Stmt kind='Stmt.VarDecl' line='53' column='9' name='index' isVar='false'
                  Init kind='Expr.Name' line='53' column='9' name='_sm_index3'
                Stmt kind='Stmt.ExprStmt' line='54' column='13'
                  Expr kind='Expr.Call' line='54' column='13'
                    Callee kind='Expr.Name' line='54' column='13' name='println'
                    Arg kind='Expr.Binary' line='54' column='22' op='+'
                      Lhs kind='Expr.Binary' line='54' column='22' op='+'
                        Lhs kind='Expr.Call' line='54' column='22'
                          Callee kind='Expr.Member' line='54' column='22' name='toString'
                            Receiver kind='Expr.Binary' line='54' column='22' op='+'
                              Lhs kind='Expr.Name' line='54' column='22' name='index'
                              Rhs kind='Expr.Name' line='54' column='30' name='n'
                        Rhs kind='Expr.StrLit' line='54' column='46' text='":"'
                      Rhs kind='Expr.Call' line='54' column='52'
                        Callee kind='Expr.Member' line='54' column='52' name='toString'
                          Receiver kind='Expr.Name' line='54' column='52' name='value'
      Stmt kind='Stmt.ExprStmt' line='57' column='5'
        Expr kind='Expr.Call' line='57' column='5'
          Callee kind='Expr.Name' line='57' column='5' name='third'
          Arg kind='Expr.IntLit' line='57' column='11' text='7'
      Stmt kind='Stmt.Return' line='58' column='5'
        Value kind='Expr.IntLit' line='58' column='12' text='0'
