Module @1:1
  Package fixtures @1:1
  NativeFunction readFile @2:1
    Param path: Str
    Return Str
    NativeSymbol "simse_native_readFile"
  Function main @4:1
    Return Int
    Body
      VarDecl val text: Str @5:5
        Init
          Call @5:21
            Callee
              Name readFile @5:21
            Arg
              StrLit "tests/fixtures/native_data.txt" @5:30
      ExprStmt @6:5
        Call @6:5
          Callee
            Name println @6:5
          Arg
            Call @6:13
              Callee
                Member .size @6:13
                  Receiver
                    Name text @6:13
      Return @7:5
        IntLit 0 @7:12
