Module kind='Module' line='1' column='1' package='fixtures'
  Function kind='Function' line='2' column='1' name='readFile' isNative='true' hasBody='false' hasReceiver='false' hasNativeSymbol='true' nativeSymbol='"simse_native_readFile"'
    Param name='path' line='2' column='46'
      Type kind='Type.Named' line='2' column='52' name='Str'
    ReturnType kind='Type.Named' line='2' column='58' name='Str'
  Function kind='Function' line='4' column='1' name='main' isNative='false' hasBody='true' hasReceiver='false' hasNativeSymbol='false'
    ReturnType kind='Type.Named' line='4' column='13' name='Int'
    Body
      Stmt kind='Stmt.VarDecl' line='5' column='5' name='text' isVar='false'
        Type kind='Type.Named' line='5' column='15' name='Str'
        Init kind='Expr.Call' line='5' column='21'
          Callee kind='Expr.Name' line='5' column='21' name='readFile'
          Arg kind='Expr.StrLit' line='5' column='30' text='"tests/fixtures/native_data.txt"'
      Stmt kind='Stmt.ExprStmt' line='6' column='5'
        Expr kind='Expr.Call' line='6' column='5'
          Callee kind='Expr.Name' line='6' column='5' name='println'
          Arg kind='Expr.Call' line='6' column='13'
            Callee kind='Expr.Member' line='6' column='13' name='size'
              Receiver kind='Expr.Name' line='6' column='13' name='text'
      Stmt kind='Stmt.Return' line='7' column='5'
        Value kind='Expr.IntLit' line='7' column='12' text='0'
