ReservedWord	1:1	package
Space	1:8	 
Identifier	1:9	fixtures
EndOfLine	1:17	\n
ReservedWord	2:1	native
Operator	2:7	(
String	2:8	"simse_native_readFile"
Operator	2:31	)
Space	2:32	 
ReservedWord	2:33	fun
Space	2:36	 
Identifier	2:37	readFile
Operator	2:45	(
Identifier	2:46	path
Operator	2:50	:
Space	2:51	 
Identifier	2:52	Str
Operator	2:55	)
Operator	2:56	:
Space	2:57	 
Identifier	2:58	Str
EndOfLine	2:61	\n
EndOfLine	3:1	\n
ReservedWord	4:1	fun
Space	4:4	 
Identifier	4:5	main
Operator	4:9	(
Operator	4:10	)
Operator	4:11	:
Space	4:12	 
Identifier	4:13	Int
Space	4:16	 
Operator	4:17	{
EndOfLine	4:18	\n
Space	5:1	    
ReservedWord	5:5	val
Space	5:8	 
Identifier	5:9	text
Operator	5:13	:
Space	5:14	 
Identifier	5:15	Str
Space	5:18	 
Operator	5:19	=
Space	5:20	 
Identifier	5:21	readFile
Operator	5:29	(
String	5:30	"tests/fixtures/native_data.txt"
Operator	5:62	)
EndOfLine	5:63	\n
Space	6:1	    
Identifier	6:5	println
Operator	6:12	(
Identifier	6:13	text
Operator	6:17	.
Identifier	6:18	size
Operator	6:22	(
Operator	6:23	)
Operator	6:24	)
EndOfLine	6:25	\n
Space	7:1	    
ReservedWord	7:5	return
Space	7:11	 
Number	7:12	0
EndOfLine	7:13	\n
Operator	8:1	}
EndOfLine	8:2	\n
