ReservedWord	1:1	fun
Space	1:4	 
Identifier	1:5	broken
Operator	1:11	(
Identifier	1:12	x
Operator	1:13	:
Space	1:14	 
Operator	1:15	)
Operator	1:16	:
Space	1:17	 
Identifier	1:18	Int
Space	1:21	 
Operator	1:22	{
EndOfLine	1:23	\n
Space	2:1	    
ReservedWord	2:5	return
Space	2:11	 
Number	2:12	0
EndOfLine	2:13	\n
Operator	3:1	}
EndOfLine	3:2	\n
