Module @1:1
  Package fixtures @1:1
  Function compute @2:1
    Param n: Int
    Return Int
    Body
      VarDecl var total: Int @3:5
        Init
          IntLit 0 @3:22
      VarDecl var i: Int @4:5
        Init
          IntLit 0 @4:18
      While @5:5
        Cond
          Binary < @5:12
            Lhs
              Name i @5:12
            Rhs
              Name n @5:16
        Body
          If @6:9
            Cond
              Binary == @6:13
                Lhs
                  Name i @6:13
                Rhs
                  IntLit 3 @6:18
            Then
              Assign = @7:13
                Target
                  Name i @7:13
                Value
                  Binary + @7:17
                    Lhs
                      Name i @7:17
                    Rhs
                      IntLit 1 @7:21
              Continue @8:13
          Assign = @10:9
            Target
              Name total @10:9
            Value
              Binary + @10:17
                Lhs
                  Name total @10:17
                Rhs
                  Name i @10:25
          Assign = @11:9
            Target
              Name i @11:9
            Value
              Binary + @11:13
                Lhs
                  Name i @11:13
                Rhs
                  IntLit 1 @11:17
      If @13:5
        Cond
          Binary > @13:9
            Lhs
              Name total @13:9
            Rhs
              IntLit 10 @13:17
        Then
          Return @14:9
            Name total @14:16
        Else
          Return @16:9
            Unary - @16:16
              Operand
                Name total @16:17
  Function loopForever @20:1
    Return Unit
    Body
      While @21:5
        Cond
          BoolLit true @21:12
        Body
          Break @22:9
