ReservedWord	1:1	package
Space	1:8	 
Identifier	1:9	fixtures
EndOfLine	1:17	\n
Comment	2:1	// Declarations, statements, and expressions.
EndOfLine	2:46	\n
ReservedWord	3:1	enum
Space	3:5	 
Identifier	3:6	Color
Space	3:11	 
Operator	3:12	{
EndOfLine	3:13	\n
Space	4:1	    
Identifier	4:5	Red
Operator	4:8	,
EndOfLine	4:9	\n
Space	5:1	    
Identifier	5:5	Green
Space	5:10	 
Operator	5:11	=
Space	5:12	 
Number	5:13	4
Operator	5:14	,
EndOfLine	5:15	\n
Space	6:1	    
Identifier	6:5	Blue
EndOfLine	6:9	\n
Operator	7:1	}
EndOfLine	7:2	\n
EndOfLine	8:1	\n
ReservedWord	9:1	data
Space	9:5	 
ReservedWord	9:6	class
Space	9:11	 
Identifier	9:12	Point
Operator	9:17	(
ReservedWord	9:18	var
Space	9:21	 
Identifier	9:22	x
Operator	9:23	:
Space	9:24	 
Identifier	9:25	Int
Operator	9:28	,
Space	9:29	 
ReservedWord	9:30	var
Space	9:33	 
Identifier	9:34	y
Operator	9:35	:
Space	9:36	 
Identifier	9:37	Int
Operator	9:40	)
Space	9:41	 
Operator	9:42	{
EndOfLine	9:43	\n
Space	10:1	    
ReservedWord	10:5	fun
Space	10:8	 
Identifier	10:9	sum
Operator	10:12	(
Operator	10:13	)
Operator	10:14	:
Space	10:15	 
Identifier	10:16	Int
Space	10:19	 
Operator	10:20	{
EndOfLine	10:21	\n
Space	11:1	        
ReservedWord	11:9	return
Space	11:15	 
ReservedWord	11:16	this
Operator	11:20	.
Identifier	11:21	x
Space	11:22	 
Operator	11:23	+
Space	11:24	 
ReservedWord	11:25	this
Operator	11:29	.
Identifier	11:30	y
EndOfLine	11:31	\n
Space	12:1	    
Operator	12:5	}
EndOfLine	12:6	\n
Operator	13:1	}
EndOfLine	13:2	\n
EndOfLine	14:1	\n
ReservedWord	15:1	typealias
Space	15:10	 
Identifier	15:11	IntPredicate
Space	15:23	 
Operator	15:24	=
Space	15:25	 
Operator	15:26	(
Identifier	15:27	Int
Operator	15:30	)
Space	15:31	 
Operator	15:32	->
Space	15:34	 
Identifier	15:35	Bool
EndOfLine	15:39	\n
EndOfLine	16:1	\n
ReservedWord	17:1	typealias
Space	17:10	 
Identifier	17:11	FloatHandler
Space	17:23	 
Operator	17:24	=
Space	17:25	 
Operator	17:26	(
Operator	17:27	*
Identifier	17:28	Float64
Operator	17:35	)
Space	17:36	 
Operator	17:37	->
Space	17:39	 
Identifier	17:40	Unit
EndOfLine	17:44	\n
EndOfLine	18:1	\n
ReservedWord	19:1	fun
Space	19:4	 
Identifier	19:5	add
Operator	19:8	(
Identifier	19:9	a
Operator	19:10	:
Space	19:11	 
Identifier	19:12	Int
Operator	19:15	,
Space	19:16	 
Identifier	19:17	b
Operator	19:18	:
Space	19:19	 
Identifier	19:20	Int
Operator	19:23	)
Operator	19:24	:
Space	19:25	 
Identifier	19:26	Int
Space	19:29	 
Operator	19:30	{
EndOfLine	19:31	\n
Space	20:1	    
ReservedWord	20:5	return
Space	20:11	 
Identifier	20:12	a
Space	20:13	 
Operator	20:14	+
Space	20:15	 
Identifier	20:16	b
EndOfLine	20:17	\n
Operator	21:1	}
EndOfLine	21:2	\n
