ReservedWord	1:1	package
Space	1:8	 
Identifier	1:9	fixtures
EndOfLine	1:17	\n
ReservedWord	2:1	fun
Space	2:4	 
Identifier	2:5	Str
Operator	2:8	.
Identifier	2:9	firstByte
Operator	2:18	(
Operator	2:19	)
Operator	2:20	:
Space	2:21	 
Identifier	2:22	Char
Space	2:26	 
Operator	2:27	{
EndOfLine	2:28	\n
Space	3:1	    
ReservedWord	3:5	return
Space	3:11	 
ReservedWord	3:12	this
Operator	3:16	[
Number	3:17	0
Operator	3:18	]
EndOfLine	3:19	\n
Operator	4:1	}
EndOfLine	4:2	\n
EndOfLine	5:1	\n
ReservedWord	6:1	fun
Space	6:4	 
Operator	6:5	(
Operator	6:6	*
Identifier	6:7	Int
Operator	6:10	)
Operator	6:11	.
Identifier	6:12	valueAt
Operator	6:19	(
Operator	6:20	)
Operator	6:21	:
Space	6:22	 
Identifier	6:23	Int
Space	6:26	 
Operator	6:27	{
EndOfLine	6:28	\n
Space	7:1	    
ReservedWord	7:5	return
Space	7:11	 
Operator	7:12	*
ReservedWord	7:13	this
EndOfLine	7:17	\n
Operator	8:1	}
EndOfLine	8:2	\n
EndOfLine	9:1	\n
ReservedWord	10:1	fun
Space	10:4	 
Identifier	10:5	firstOrNone
Operator	10:16	(
ReservedWord	10:17	this
Operator	10:21	:
Space	10:22	 
Identifier	10:23	List
Operator	10:27	<
Identifier	10:28	Int
Operator	10:31	>
Operator	10:32	)
Operator	10:33	:
Space	10:34	 
Identifier	10:35	Opt
Operator	10:38	<
Identifier	10:39	Int
Operator	10:42	>
Space	10:43	 
Operator	10:44	{
EndOfLine	10:45	\n
Space	11:1	    
ReservedWord	11:5	return
Space	11:11	 
Identifier	11:12	Opt
Operator	11:15	<
Identifier	11:16	Int
Operator	11:19	>
Operator	11:20	(
Operator	11:21	)
EndOfLine	11:22	\n
Operator	12:1	}
EndOfLine	12:2	\n
