Module @1:1
  Package fixtures @1:1
  Function firstByte @2:1
    Receiver Str
    Return Char
    Body
      Return @3:5
        Index @3:12
          Receiver
            Name this @3:12
          Index
            IntLit 0 @3:17
  Function valueAt @6:1
    Receiver *Int
    Return Int
    Body
      Return @7:5
        Deref @7:12
          Operand
            Name this @7:13
  Function firstOrNone @10:1
    Param this: List<Int>
    Return Opt<Int>
    Body
      Return @11:5
        Call @11:12
          Callee
            GenericName Opt<Int> @11:12
