Module kind='Module' line='1' column='1' package='fixtures'
  Enum kind='Enum' line='3' column='1' name='Color'
    EnumMember name='Red' hasValue='false' value='0' line='4' column='5'
    EnumMember name='Green' hasValue='true' value='4' line='5' column='5'
    EnumMember name='Blue' hasValue='false' value='0' line='6' column='5'
  DataClass kind='DataClass' line='9' column='1' name='Point'
    Field name='x' isVar='true' line='9' column='18'
      Type kind='Type.Named' line='9' column='25' name='Int'
    Field name='y' isVar='true' line='9' column='30'
      Type kind='Type.Named' line='9' column='37' name='Int'
    Function kind='Function' line='10' column='5' name='sum' isNative='false' hasBody='true' hasReceiver='false' hasNativeSymbol='false'
      ReturnType kind='Type.Named' line='10' column='16' name='Int'
      Body
        Stmt kind='Stmt.Return' line='11' column='9'
          Value kind='Expr.Binary' line='11' column='16' op='+'
            Lhs kind='Expr.Member' line='11' column='16' name='x'
              Receiver kind='Expr.Name' line='11' column='16' name='this'
            Rhs kind='Expr.Member' line='11' column='25' name='y'
              Receiver kind='Expr.Name' line='11' column='25' name='this'
  TypeAlias kind='TypeAlias' line='15' column='1' name='IntPredicate'
    TargetType kind='Type.Function' line='15' column='26'
      ParamType kind='Type.Named' line='15' column='27' name='Int'
      ReturnType kind='Type.Named' line='15' column='35' name='Bool'
  TypeAlias kind='TypeAlias' line='17' column='1' name='FloatHandler'
    TargetType kind='Type.Function' line='17' column='26'
      ParamType kind='Type.Pointer' line='17' column='27'
        Inner kind='Type.Named' line='17' column='28' name='Float64'
      ReturnType kind='Type.Named' line='17' column='40' name='Unit'
  Function kind='Function' line='19' column='1' name='add' isNative='false' hasBody='true' hasReceiver='false' hasNativeSymbol='false'
    Param name='a' line='19' column='9'
      Type kind='Type.Named' line='19' column='12' name='Int'
    Param name='b' line='19' column='17'
      Type kind='Type.Named' line='19' column='20' name='Int'
    ReturnType kind='Type.Named' line='19' column='26' name='Int'
    Body
      Stmt kind='Stmt.Return' line='20' column='5'
        Value kind='Expr.Binary' line='20' column='12' op='+'
          Lhs kind='Expr.Name' line='20' column='12' name='a'
          Rhs kind='Expr.Name' line='20' column='16' name='b'
