Module @1:1
  Function useGenerics @1:1
    Return Res<Int>
    Body
      VarDecl val value: Int @2:5
        Init
          IntLit 3 @2:22
      VarDecl val list: List<Int> @3:5
        Init
          Call @3:27
            Callee
              GenericName List<Int> @3:27
      VarDecl val opt: Opt<Int> @4:5
        Init
          Call @4:25
            Callee
              GenericName Opt<Int> @4:25
      VarDecl val okValue: Res<Int> @5:5
        Init
          Call @5:29
            Callee
              Member .ok @5:29
                Receiver
                  GenericName Res<Int> @5:29
            Arg
              Name value @5:41
      VarDecl val errValue: Res<Int> @6:5
        Init
          Call @6:30
            Callee
              Member .err @6:30
                Receiver
                  GenericName Res<Int> @6:30
            Arg
              StrLit "nope" @6:43
      VarDecl val reference @7:5
        Init
          Ref @7:21
            Operand
              Name value @7:22
      VarDecl val dereferenced @8:5
        Init
          Deref @8:24
            Operand
              Name reference @8:25
      Return @9:5
        Call @9:12
          Callee
            Member .ok @9:12
              Receiver
                GenericName Res<Int> @9:12
          Arg
            Name value @9:24
