Module kind='Module' line='1' column='1'
  Function kind='Function' line='1' column='1' name='compute' isNative='false' hasBody='true' hasReceiver='false' hasNativeSymbol='false'
    Param name='n' line='1' column='13'
      Type kind='Type.Named' line='1' column='16' name='Int'
    ReturnType kind='Type.Named' line='1' column='22' name='Int'
    Body
      Stmt kind='Stmt.VarDecl' line='2' column='5' name='total' isVar='true'
        Type kind='Type.Named' line='2' column='16' name='Int'
        Init kind='Expr.IntLit' line='2' column='22' text='0'
      Stmt kind='Stmt.VarDecl' line='3' column='5' name='i' isVar='true'
        Type kind='Type.Named' line='3' column='12' name='Int'
        Init kind='Expr.IntLit' line='3' column='18' text='0'
      Stmt kind='Stmt.While' line='4' column='5'
        Cond kind='Expr.Binary' line='4' column='12' op='<'
          Lhs kind='Expr.Name' line='4' column='12' name='i'
          Rhs kind='Expr.Name' line='4' column='16' name='n'
        Body
          Stmt kind='Stmt.If' line='5' column='9'
            Cond kind='Expr.Binary' line='5' column='13' op='=='
              Lhs kind='Expr.Name' line='5' column='13' name='i'
              Rhs kind='Expr.IntLit' line='5' column='18' text='3'
            Then
              Stmt kind='Stmt.Assign' line='6' column='13' op='='
                Target kind='Expr.Name' line='6' column='13' name='i'
                Value kind='Expr.Binary' line='6' column='17' op='+'
                  Lhs kind='Expr.Name' line='6' column='17' name='i'
                  Rhs kind='Expr.IntLit' line='6' column='21' text='1'
              Stmt kind='Stmt.Continue' line='7' column='13'
          Stmt kind='Stmt.Assign' line='9' column='9' op='='
            Target kind='Expr.Name' line='9' column='9' name='total'
            Value kind='Expr.Binary' line='9' column='17' op='+'
              Lhs kind='Expr.Name' line='9' column='17' name='total'
              Rhs kind='Expr.Name' line='9' column='25' name='i'
          Stmt kind='Stmt.Assign' line='10' column='9' op='='
            Target kind='Expr.Name' line='10' column='9' name='i'
            Value kind='Expr.Binary' line='10' column='13' op='+'
              Lhs kind='Expr.Name' line='10' column='13' name='i'
              Rhs kind='Expr.IntLit' line='10' column='17' text='1'
      Stmt kind='Stmt.If' line='12' column='5'
        Cond kind='Expr.Binary' line='12' column='9' op='>'
          Lhs kind='Expr.Name' line='12' column='9' name='total'
          Rhs kind='Expr.IntLit' line='12' column='17' text='10'
        Then
          Stmt kind='Stmt.Return' line='13' column='9'
            Value kind='Expr.Name' line='13' column='16' name='total'
        Else
          Stmt kind='Stmt.Return' line='15' column='9'
            Value kind='Expr.Unary' line='15' column='16' op='-'
              Operand kind='Expr.Name' line='15' column='17' name='total'
  Function kind='Function' line='19' column='1' name='loopForever' isNative='false' hasBody='true' hasReceiver='false' hasNativeSymbol='false'
    ReturnType kind='Type.Named' line='19' column='20' name='Unit'
    Body
      Stmt kind='Stmt.While' line='20' column='5'
        Cond kind='Expr.BoolLit' line='20' column='12' value='true'
        Body
          Stmt kind='Stmt.Break' line='21' column='9'
