Module kind='Module' line='1' column='1'
  Function kind='Function' line='1' column='1' name='useGenerics' isNative='false' hasBody='true' hasReceiver='false' hasNativeSymbol='false'
    ReturnType kind='Type.Generic' line='1' column='20' name='Res'
      TypeArg kind='Type.Named' line='1' column='24' name='Int'
    Body
      Stmt kind='Stmt.VarDecl' line='2' column='5' name='value' isVar='false'
        Type kind='Type.Named' line='2' column='16' name='Int'
        Init kind='Expr.IntLit' line='2' column='22' text='3'
      Stmt kind='Stmt.VarDecl' line='3' column='5' name='list' isVar='false'
        Type kind='Type.Generic' line='3' column='15' name='List'
          TypeArg kind='Type.Named' line='3' column='20' name='Int'
        Init kind='Expr.Call' line='3' column='27'
          Callee kind='Expr.GenericName' line='3' column='27' name='List'
            TypeArg kind='Type.Named' line='3' column='32' name='Int'
      Stmt kind='Stmt.VarDecl' line='4' column='5' name='opt' isVar='false'
        Type kind='Type.Generic' line='4' column='14' name='Opt'
          TypeArg kind='Type.Named' line='4' column='18' name='Int'
        Init kind='Expr.Call' line='4' column='25'
          Callee kind='Expr.GenericName' line='4' column='25' name='Opt'
            TypeArg kind='Type.Named' line='4' column='29' name='Int'
      Stmt kind='Stmt.VarDecl' line='5' column='5' name='okValue' isVar='false'
        Type kind='Type.Generic' line='5' column='18' name='Res'
          TypeArg kind='Type.Named' line='5' column='22' name='Int'
        Init kind='Expr.Call' line='5' column='29'
          Callee kind='Expr.Member' line='5' column='29' name='ok'
            Receiver kind='Expr.GenericName' line='5' column='29' name='Res'
              TypeArg kind='Type.Named' line='5' column='33' name='Int'
          Arg kind='Expr.Name' line='5' column='41' name='value'
      Stmt kind='Stmt.VarDecl' line='6' column='5' name='errValue' isVar='false'
        Type kind='Type.Generic' line='6' column='19' name='Res'
          TypeArg kind='Type.Named' line='6' column='23' name='Int'
        Init kind='Expr.Call' line='6' column='30'
          Callee kind='Expr.Member' line='6' column='30' name='err'
            Receiver kind='Expr.GenericName' line='6' column='30' name='Res'
              TypeArg kind='Type.Named' line='6' column='34' name='Int'
          Arg kind='Expr.StrLit' line='6' column='43' text='"nope"'
      Stmt kind='Stmt.VarDecl' line='7' column='5' name='reference' isVar='false'
        Init kind='Expr.Ref' line='7' column='21'
          Operand kind='Expr.Name' line='7' column='22' name='value'
      Stmt kind='Stmt.VarDecl' line='8' column='5' name='dereferenced' isVar='false'
        Init kind='Expr.Deref' line='8' column='24'
          Operand kind='Expr.Name' line='8' column='25' name='reference'
      Stmt kind='Stmt.Return' line='9' column='5'
        Value kind='Expr.Call' line='9' column='12'
          Callee kind='Expr.Member' line='9' column='12' name='ok'
            Receiver kind='Expr.GenericName' line='9' column='12' name='Res'
              TypeArg kind='Type.Named' line='9' column='16' name='Int'
          Arg kind='Expr.Name' line='9' column='24' name='value'
