ReservedWord	1:1	fun
Space	1:4	 
Identifier	1:5	Str
Operator	1:8	.
Identifier	1:9	firstByte
Operator	1:18	(
Operator	1:19	)
Operator	1:20	:
Space	1:21	 
Identifier	1:22	Char
Space	1:26	 
Operator	1:27	{
EndOfLine	1:28	\n
Space	2:1	    
ReservedWord	2:5	return
Space	2:11	 
ReservedWord	2:12	this
Operator	2:16	[
Number	2:17	0
Operator	2:18	]
EndOfLine	2:19	\n
Operator	3:1	}
EndOfLine	3:2	\n
EndOfLine	4:1	\n
ReservedWord	5:1	fun
Space	5:4	 
Operator	5:5	(
Operator	5:6	*
Identifier	5:7	Int
Operator	5:10	)
Operator	5:11	.
Identifier	5:12	valueAt
Operator	5:19	(
Operator	5:20	)
Operator	5:21	:
Space	5:22	 
Identifier	5:23	Int
Space	5:26	 
Operator	5:27	{
EndOfLine	5:28	\n
Space	6:1	    
ReservedWord	6:5	return
Space	6:11	 
Operator	6:12	*
ReservedWord	6:13	this
EndOfLine	6:17	\n
Operator	7:1	}
EndOfLine	7:2	\n
EndOfLine	8:1	\n
ReservedWord	9:1	fun
Space	9:4	 
Identifier	9:5	firstOrNone
Operator	9:16	(
ReservedWord	9:17	this
Operator	9:21	:
Space	9:22	 
Identifier	9:23	List
Operator	9:27	<
Identifier	9:28	Int
Operator	9:31	>
Operator	9:32	)
Operator	9:33	:
Space	9:34	 
Identifier	9:35	Opt
Operator	9:38	<
Identifier	9:39	Int
Operator	9:42	>
Space	9:43	 
Operator	9:44	{
EndOfLine	9:45	\n
Space	10:1	    
ReservedWord	10:5	return
Space	10:11	 
Identifier	10:12	Opt
Operator	10:15	<
Identifier	10:16	Int
Operator	10:19	>
Operator	10:20	(
Operator	10:21	)
EndOfLine	10:22	\n
Operator	11:1	}
EndOfLine	11:2	\n
