ReservedWord	1:1	package
Space	1:8	 
Identifier	1:9	fixtures
EndOfLine	1:17	\n
Comment	2:1	// Negative fixture: a case label that is not a constant expression.
EndOfLine	2:69	\n
ReservedWord	3:1	fun
Space	3:4	 
Identifier	3:5	f
Operator	3:6	(
Operator	3:7	)
Operator	3:8	:
Space	3:9	 
Identifier	3:10	Int
Space	3:13	 
Operator	3:14	{
EndOfLine	3:15	\n
Space	4:1	    
ReservedWord	4:5	return
Space	4:11	 
Number	4:12	1
EndOfLine	4:13	\n
Operator	5:1	}
EndOfLine	5:2	\n
EndOfLine	6:1	\n
ReservedWord	7:1	fun
Space	7:4	 
Identifier	7:5	pick
Operator	7:9	(
Identifier	7:10	n
Operator	7:11	:
Space	7:12	 
Identifier	7:13	Int
Operator	7:16	)
Operator	7:17	:
Space	7:18	 
Identifier	7:19	Int
Space	7:22	 
Operator	7:23	{
EndOfLine	7:24	\n
Space	8:1	    
ReservedWord	8:5	switch
Space	8:11	 
Operator	8:12	(
Identifier	8:13	n
Operator	8:14	)
Space	8:15	 
Operator	8:16	{
EndOfLine	8:17	\n
Space	9:1	        
ReservedWord	9:9	case
Space	9:13	 
Identifier	9:14	f
Operator	9:15	(
Operator	9:16	)
Operator	9:17	:
EndOfLine	9:18	\n
Space	10:1	            
ReservedWord	10:13	return
Space	10:19	 
Number	10:20	1
EndOfLine	10:21	\n
Space	11:1	        
ReservedWord	11:9	default
Operator	11:16	:
EndOfLine	11:17	\n
Space	12:1	            
ReservedWord	12:13	return
Space	12:19	 
Number	12:20	0
EndOfLine	12:21	\n
Space	13:1	    
Operator	13:5	}
EndOfLine	13:6	\n
Operator	14:1	}
EndOfLine	14:2	\n
