Module kind='Module' line='1' column='1'
  Function kind='Function' line='5' column='1' name='main' isNative='false' hasBody='true' hasReceiver='false' hasNativeSymbol='false'
    ReturnType kind='Type.Named' line='5' column='13' name='Int'
    Body
      Stmt kind='Stmt.VarDecl' line='6' column='5' name='xs' isVar='true'
        Type kind='Type.Generic' line='6' column='13' name='List'
          TypeArg kind='Type.Named' line='6' column='18' name='Int'
        Init kind='Expr.Call' line='6' column='25'
          Callee kind='Expr.GenericName' line='6' column='25' name='List'
            TypeArg kind='Type.Named' line='6' column='30' name='Int'
      Stmt kind='Stmt.ExprStmt' line='7' column='5'
        Expr kind='Expr.Call' line='7' column='5'
          Callee kind='Expr.Member' line='7' column='5' name='append'
            Receiver kind='Expr.Name' line='7' column='5' name='xs'
      Stmt kind='Stmt.Return' line='8' column='5'
        Value kind='Expr.IntLit' line='8' column='12' text='0'
