Module @1:1
  Package fixtures @1:1
  Function f @3:1
    Return Int
    Body
      Return @4:5
        IntLit 1 @4:12
  Function pick @7:1
    Param n: Int
    Return Int
    Body
      Switch @8:5
        Cond
          Name n @8:13
        Case @9:9
          Call @9:14
            Callee
              Name f @9:14
          Return @10:13
            IntLit 1 @10:20
        Default @11:9
          Return @12:13
            IntLit 0 @12:20
