Module @1:1
  Function main @5:1
    Return Int
    Body
      VarDecl var xs: List<Int> @6:5
        Init
          Call @6:25
            Callee
              GenericName List<Int> @6:25
      ExprStmt @7:5
        Call @7:5
          Callee
            Member .append @7:5
              Receiver
                Name xs @7:5
      Return @8:5
        IntLit 0 @8:12
