ReservedWord	1:1	package
Space	1:8	 
Identifier	1:9	fixtures
EndOfLine	1:17	\r\n
EndOfLine	2:1	\r\n
Comment	3:1	// Negative fixture: `else` is the last arm of a `when`. The desugaring makes it the
EndOfLine	3:85	\r\n
Comment	4:1	// chain's else body, so an arm after it would have nowhere to go.
EndOfLine	4:67	\r\n
ReservedWord	5:1	fun
Space	5:4	 
Identifier	5:5	pick
Operator	5:9	(
Identifier	5:10	n
Operator	5:11	:
Space	5:12	 
Identifier	5:13	Int
Operator	5:16	)
Operator	5:17	:
Space	5:18	 
Identifier	5:19	Int
Space	5:22	 
Operator	5:23	{
EndOfLine	5:24	\r\n
Space	6:1	    
ReservedWord	6:5	when
Space	6:9	 
Operator	6:10	(
Identifier	6:11	n
Operator	6:12	)
Space	6:13	 
Operator	6:14	{
EndOfLine	6:15	\r\n
Space	7:1	        
Number	7:9	1
Space	7:10	 
Operator	7:11	->
Space	7:13	 
Operator	7:14	{
EndOfLine	7:15	\r\n
Space	8:1	            
ReservedWord	8:13	return
Space	8:19	 
Number	8:20	1
EndOfLine	8:21	\r\n
Space	9:1	        
Operator	9:9	}
EndOfLine	9:10	\r\n
EndOfLine	10:1	\r\n
Space	11:1	        
ReservedWord	11:9	else
Space	11:13	 
Operator	11:14	->
Space	11:16	 
Operator	11:17	{
EndOfLine	11:18	\r\n
Space	12:1	            
ReservedWord	12:13	return
Space	12:19	 
Number	12:20	0
EndOfLine	12:21	\r\n
Space	13:1	        
Operator	13:9	}
EndOfLine	13:10	\r\n
EndOfLine	14:1	\r\n
Space	15:1	        
Number	15:9	2
Space	15:10	 
Operator	15:11	->
Space	15:13	 
Operator	15:14	{
EndOfLine	15:15	\r\n
Space	16:1	            
ReservedWord	16:13	return
Space	16:19	 
Number	16:20	2
EndOfLine	16:21	\r\n
Space	17:1	        
Operator	17:9	}
EndOfLine	17:10	\r\n
Space	18:1	    
Operator	18:5	}
EndOfLine	18:6	\r\n
Space	19:1	    
ReservedWord	19:5	return
Space	19:11	 
Operator	19:12	-
Number	19:13	1
EndOfLine	19:14	\r\n
Operator	20:1	}
EndOfLine	20:2	\r\n
