ReservedWord	1:1	package
Space	1:8	 
Identifier	1:9	fixtures
EndOfLine	1:17	\r\n
EndOfLine	2:1	\r\n
Comment	3:1	// `when` (specs/functions.md): the language's selection statement. It is Kotlin's
EndOfLine	3:83	\r\n
Comment	4:1	// spelling of `switch`, desugared in the parser to the `if`/`else` chain it means -
EndOfLine	4:85	\r\n
Comment	5:1	// so these goldens show a chain of `If`s, and a label is an `==` operand rather than
EndOfLine	5:86	\r\n
Comment	6:1	// a `case` that has to be constant.
EndOfLine	6:37	\r\n
ReservedWord	7:1	enum
Space	7:5	 
Identifier	7:6	Color
Space	7:11	 
Operator	7:12	{
EndOfLine	7:13	\r\n
Space	8:1	    
Identifier	8:5	Red
Operator	8:8	,
EndOfLine	8:9	\r\n
Space	9:1	    
Identifier	9:5	Green
Operator	9:10	,
EndOfLine	9:11	\r\n
Space	10:1	    
Identifier	10:5	Blue
Space	10:9	 
Operator	10:10	=
Space	10:11	 
Number	10:12	7
EndOfLine	10:13	\r\n
Operator	11:1	}
EndOfLine	11:2	\r\n
EndOfLine	12:1	\r\n
ReservedWord	13:1	fun
Space	13:4	 
Identifier	13:5	name
Operator	13:9	(
Identifier	13:10	c
Operator	13:11	:
Space	13:12	 
Identifier	13:13	Color
Operator	13:18	)
Operator	13:19	:
Space	13:20	 
Identifier	13:21	Str
Space	13:24	 
Operator	13:25	{
EndOfLine	13:26	\r\n
Space	14:1	    
ReservedWord	14:5	when
Space	14:9	 
Operator	14:10	(
Identifier	14:11	c
Operator	14:12	)
Space	14:13	 
Operator	14:14	{
EndOfLine	14:15	\r\n
Space	15:1	        
Identifier	15:9	Color
Operator	15:14	.
Identifier	15:15	Red
Space	15:18	 
Operator	15:19	->
Space	15:21	 
Operator	15:22	{
EndOfLine	15:23	\r\n
Space	16:1	            
ReservedWord	16:13	return
Space	16:19	 
String	16:20	"red"
EndOfLine	16:25	\r\n
Space	17:1	        
Operator	17:9	}
EndOfLine	17:10	\r\n
EndOfLine	18:1	\r\n
Space	19:1	        
Identifier	19:9	Color
Operator	19:14	.
Identifier	19:15	Green
Operator	19:20	,
Space	19:21	 
Identifier	19:22	Color
Operator	19:27	.
Identifier	19:28	Blue
Space	19:32	 
Operator	19:33	->
Space	19:35	 
Operator	19:36	{
EndOfLine	19:37	\r\n
Space	20:1	            
ReservedWord	20:13	return
Space	20:19	 
String	20:20	"green or blue"
EndOfLine	20:35	\r\n
Space	21:1	        
Operator	21:9	}
EndOfLine	21:10	\r\n
EndOfLine	22:1	\r\n
Space	23:1	        
ReservedWord	23:9	else
Space	23:13	 
Operator	23:14	->
Space	23:16	 
Operator	23:17	{
EndOfLine	23:18	\r\n
Space	24:1	            
ReservedWord	24:13	return
Space	24:19	 
String	24:20	"other"
EndOfLine	24:27	\r\n
Space	25:1	        
Operator	25:9	}
EndOfLine	25:10	\r\n
Space	26:1	    
Operator	26:5	}
EndOfLine	26:6	\r\n
Space	27:1	    
ReservedWord	27:5	return
Space	27:11	 
String	27:12	"?"
EndOfLine	27:15	\r\n
Operator	28:1	}
EndOfLine	28:2	\r\n
EndOfLine	29:1	\r\n
Comment	30:1	// No `else`: nothing matches, and the statements after the `when` run. The subject is
EndOfLine	30:87	\r\n
Comment	31:1	// `a + b`, which the desugaring binds before it tests anything.
EndOfLine	31:65	\r\n
ReservedWord	32:1	fun
Space	32:4	 
Identifier	32:5	step
Operator	32:9	(
Identifier	32:10	a
Operator	32:11	:
Space	32:12	 
Identifier	32:13	Int
Operator	32:16	,
Space	32:17	 
Identifier	32:18	b
Operator	32:19	:
Space	32:20	 
Identifier	32:21	Int
Operator	32:24	)
Operator	32:25	:
Space	32:26	 
Identifier	32:27	Int
Space	32:30	 
Operator	32:31	{
EndOfLine	32:32	\r\n
Space	33:1	    
ReservedWord	33:5	var
Space	33:8	 
Identifier	33:9	result
Operator	33:15	:
Space	33:16	 
Identifier	33:17	Int
Space	33:20	 
Operator	33:21	=
Space	33:22	 
Number	33:23	0
EndOfLine	33:24	\r\n
Space	34:1	    
ReservedWord	34:5	when
Space	34:9	 
Operator	34:10	(
Identifier	34:11	a
Space	34:12	 
Operator	34:13	+
Space	34:14	 
Identifier	34:15	b
Operator	34:16	)
Space	34:17	 
Operator	34:18	{
EndOfLine	34:19	\r\n
Space	35:1	        
Number	35:9	1
Space	35:10	 
Operator	35:11	->
Space	35:13	 
Operator	35:14	{
EndOfLine	35:15	\r\n
Space	36:1	            
Identifier	36:13	result
Space	36:19	 
Operator	36:20	=
Space	36:21	 
Number	36:22	10
EndOfLine	36:24	\r\n
Space	37:1	        
Operator	37:9	}
EndOfLine	37:10	\r\n
EndOfLine	38:1	\r\n
Space	39:1	        
Number	39:9	2
Operator	39:10	,
Space	39:11	 
Number	39:12	3
Space	39:13	 
Operator	39:14	->
Space	39:16	 
Operator	39:17	{
EndOfLine	39:18	\r\n
Space	40:1	            
Identifier	40:13	result
Space	40:19	 
Operator	40:20	=
Space	40:21	 
Number	40:22	20
EndOfLine	40:24	\r\n
Space	41:1	        
Operator	41:9	}
EndOfLine	41:10	\r\n
Space	42:1	    
Operator	42:5	}
EndOfLine	42:6	\r\n
Space	43:1	    
ReservedWord	43:5	return
Space	43:11	 
Identifier	43:12	result
EndOfLine	43:18	\r\n
Operator	44:1	}
EndOfLine	44:2	\r\n
EndOfLine	45:1	\r\n
ReservedWord	46:1	fun
Space	46:4	 
Identifier	46:5	labelled
Operator	46:13	(
Identifier	46:14	text
Operator	46:18	:
Space	46:19	 
Identifier	46:20	Str
Operator	46:23	)
Operator	46:24	:
Space	46:25	 
Identifier	46:26	Int
Space	46:29	 
Operator	46:30	{
EndOfLine	46:31	\r\n
Space	47:1	    
ReservedWord	47:5	when
Space	47:9	 
Operator	47:10	(
Identifier	47:11	text
Operator	47:15	)
Space	47:16	 
Operator	47:17	{
EndOfLine	47:18	\r\n
Space	48:1	        
String	48:9	"a"
Space	48:12	 
Operator	48:13	->
Space	48:15	 
Operator	48:16	{
EndOfLine	48:17	\r\n
Space	49:1	            
ReservedWord	49:13	return
Space	49:19	 
Number	49:20	1
EndOfLine	49:21	\r\n
Space	50:1	        
Operator	50:9	}
EndOfLine	50:10	\r\n
EndOfLine	51:1	\r\n
Space	52:1	        
String	52:9	"b"
Space	52:12	 
Operator	52:13	->
Space	52:15	 
Operator	52:16	{
EndOfLine	52:17	\r\n
Space	53:1	            
ReservedWord	53:13	return
Space	53:19	 
Number	53:20	2
EndOfLine	53:21	\r\n
Space	54:1	        
Operator	54:9	}
EndOfLine	54:10	\r\n
EndOfLine	55:1	\r\n
Space	56:1	        
ReservedWord	56:9	else
Space	56:13	 
Operator	56:14	->
Space	56:16	 
Operator	56:17	{
EndOfLine	56:18	\r\n
Space	57:1	            
ReservedWord	57:13	return
Space	57:19	 
Number	57:20	0
EndOfLine	57:21	\r\n
Space	58:1	        
Operator	58:9	}
EndOfLine	58:10	\r\n
Space	59:1	    
Operator	59:5	}
EndOfLine	59:6	\r\n
Space	60:1	    
ReservedWord	60:5	return
Space	60:11	 
Operator	60:12	-
Number	60:13	1
EndOfLine	60:14	\r\n
Operator	61:1	}
EndOfLine	61:2	\r\n
EndOfLine	62:1	\r\n
Comment	63:1	// Several statements in an arm, and an arm that leaves the enclosing loop: a `break`
EndOfLine	63:86	\r\n
Comment	64:1	// in a `when` arm is the loop's, because the arms do not fall through and there is no
EndOfLine	64:87	\r\n
Comment	65:1	// switch to leave.
EndOfLine	65:20	\r\n
ReservedWord	66:1	fun
Space	66:4	 
Identifier	66:5	firstEven
Operator	66:14	(
Identifier	66:15	limit
Operator	66:20	:
Space	66:21	 
Identifier	66:22	Int
Operator	66:25	)
Operator	66:26	:
Space	66:27	 
Identifier	66:28	Int
Space	66:31	 
Operator	66:32	{
EndOfLine	66:33	\r\n
Space	67:1	    
ReservedWord	67:5	var
Space	67:8	 
Identifier	67:9	i
Operator	67:10	:
Space	67:11	 
Identifier	67:12	Int
Space	67:15	 
Operator	67:16	=
Space	67:17	 
Number	67:18	0
EndOfLine	67:19	\r\n
Space	68:1	    
ReservedWord	68:5	while
Space	68:10	 
Operator	68:11	(
Identifier	68:12	i
Space	68:13	 
Operator	68:14	<
Space	68:15	 
Identifier	68:16	limit
Operator	68:21	)
Space	68:22	 
Operator	68:23	{
EndOfLine	68:24	\r\n
Space	69:1	        
ReservedWord	69:9	when
Space	69:13	 
Operator	69:14	(
Identifier	69:15	i
Space	69:16	 
Operator	69:17	%
Space	69:18	 
Number	69:19	2
Operator	69:20	)
Space	69:21	 
Operator	69:22	{
EndOfLine	69:23	\r\n
Space	70:1	            
Number	70:13	0
Space	70:14	 
Operator	70:15	->
Space	70:17	 
Operator	70:18	{
EndOfLine	70:19	\r\n
Space	71:1	                
ReservedWord	71:17	return
Space	71:23	 
Identifier	71:24	i
EndOfLine	71:25	\r\n
Space	72:1	            
Operator	72:13	}
EndOfLine	72:14	\r\n
Space	73:1	        
Operator	73:9	}
EndOfLine	73:10	\r\n
Space	74:1	        
Identifier	74:9	i
Space	74:10	 
Operator	74:11	=
Space	74:12	 
Identifier	74:13	i
Space	74:14	 
Operator	74:15	+
Space	74:16	 
Number	74:17	1
EndOfLine	74:18	\r\n
Space	75:1	    
Operator	75:5	}
EndOfLine	75:6	\r\n
Space	76:1	    
ReservedWord	76:5	return
Space	76:11	 
Operator	76:12	-
Number	76:13	1
EndOfLine	76:14	\r\n
Operator	77:1	}
EndOfLine	77:2	\r\n
