Module kind='Module' line='1' column='1' package='fixtures'
  Enum kind='Enum' line='7' column='1' name='Color'
    EnumMember name='Red' hasValue='false' value='0' line='8' column='5'
    EnumMember name='Green' hasValue='false' value='0' line='9' column='5'
    EnumMember name='Blue' hasValue='true' value='7' line='10' column='5'
  Function kind='Function' line='13' column='1' name='name' isNative='false' hasBody='true' hasReceiver='false' hasNativeSymbol='false'
    Param name='c' line='13' column='10'
      Type kind='Type.Named' line='13' column='13' name='Color'
    ReturnType kind='Type.Named' line='13' column='21' name='Str'
    Body
      Stmt kind='Stmt.VarDecl' line='14' column='5' name='_sm_when1' isVar='true'
        Init kind='Expr.Name' line='14' column='11' name='c'
      Stmt kind='Stmt.If' line='15' column='9'
        Cond kind='Expr.Binary' line='15' column='9' op='=='
          Lhs kind='Expr.Name' line='15' column='9' name='_sm_when1'
          Rhs kind='Expr.Member' line='15' column='9' name='Red'
            Receiver kind='Expr.Name' line='15' column='9' name='Color'
        Then
          Stmt kind='Stmt.Return' line='16' column='13'
            Value kind='Expr.StrLit' line='16' column='20' text='"red"'
        Else
          Stmt kind='Stmt.If' line='19' column='9'
            Cond kind='Expr.Binary' line='19' column='9' op='||'
              Lhs kind='Expr.Binary' line='19' column='9' op='=='
                Lhs kind='Expr.Name' line='19' column='9' name='_sm_when1'
                Rhs kind='Expr.Member' line='19' column='9' name='Green'
                  Receiver kind='Expr.Name' line='19' column='9' name='Color'
              Rhs kind='Expr.Binary' line='19' column='9' op='=='
                Lhs kind='Expr.Name' line='19' column='9' name='_sm_when1'
                Rhs kind='Expr.Member' line='19' column='22' name='Blue'
                  Receiver kind='Expr.Name' line='19' column='22' name='Color'
            Then
              Stmt kind='Stmt.Return' line='20' column='13'
                Value kind='Expr.StrLit' line='20' column='20' text='"green or blue"'
            Else
              Stmt kind='Stmt.Return' line='24' column='13'
                Value kind='Expr.StrLit' line='24' column='20' text='"other"'
      Stmt kind='Stmt.Return' line='27' column='5'
        Value kind='Expr.StrLit' line='27' column='12' text='"?"'
  Function kind='Function' line='32' column='1' name='step' isNative='false' hasBody='true' hasReceiver='false' hasNativeSymbol='false'
    Param name='a' line='32' column='10'
      Type kind='Type.Named' line='32' column='13' name='Int'
    Param name='b' line='32' column='18'
      Type kind='Type.Named' line='32' column='21' name='Int'
    ReturnType kind='Type.Named' line='32' column='27' name='Int'
    Body
      Stmt kind='Stmt.VarDecl' line='33' column='5' name='result' isVar='true'
        Type kind='Type.Named' line='33' column='17' name='Int'
        Init kind='Expr.IntLit' line='33' column='23' text='0'
      Stmt kind='Stmt.VarDecl' line='34' column='5' name='_sm_when2' isVar='true'
        Init kind='Expr.Binary' line='34' column='11' op='+'
          Lhs kind='Expr.Name' line='34' column='11' name='a'
          Rhs kind='Expr.Name' line='34' column='15' name='b'
      Stmt kind='Stmt.If' line='35' column='9'
        Cond kind='Expr.Binary' line='35' column='9' op='=='
          Lhs kind='Expr.Name' line='35' column='9' name='_sm_when2'
          Rhs kind='Expr.IntLit' line='35' column='9' text='1'
        Then
          Stmt kind='Stmt.Assign' line='36' column='13' op='='
            Target kind='Expr.Name' line='36' column='13' name='result'
            Value kind='Expr.IntLit' line='36' column='22' text='10'
        Else
          Stmt kind='Stmt.If' line='39' column='9'
            Cond kind='Expr.Binary' line='39' column='9' op='||'
              Lhs kind='Expr.Binary' line='39' column='9' op='=='
                Lhs kind='Expr.Name' line='39' column='9' name='_sm_when2'
                Rhs kind='Expr.IntLit' line='39' column='9' text='2'
              Rhs kind='Expr.Binary' line='39' column='9' op='=='
                Lhs kind='Expr.Name' line='39' column='9' name='_sm_when2'
                Rhs kind='Expr.IntLit' line='39' column='12' text='3'
            Then
              Stmt kind='Stmt.Assign' line='40' column='13' op='='
                Target kind='Expr.Name' line='40' column='13' name='result'
                Value kind='Expr.IntLit' line='40' column='22' text='20'
      Stmt kind='Stmt.Return' line='43' column='5'
        Value kind='Expr.Name' line='43' column='12' name='result'
  Function kind='Function' line='46' column='1' name='labelled' isNative='false' hasBody='true' hasReceiver='false' hasNativeSymbol='false'
    Param name='text' line='46' column='14'
      Type kind='Type.Named' line='46' column='20' name='Str'
    ReturnType kind='Type.Named' line='46' column='26' name='Int'
    Body
      Stmt kind='Stmt.VarDecl' line='47' column='5' name='_sm_when3' isVar='true'
        Init kind='Expr.Name' line='47' column='11' name='text'
      Stmt kind='Stmt.If' line='48' column='9'
        Cond kind='Expr.Binary' line='48' column='9' op='=='
          Lhs kind='Expr.Name' line='48' column='9' name='_sm_when3'
          Rhs kind='Expr.StrLit' line='48' column='9' text='"a"'
        Then
          Stmt kind='Stmt.Return' line='49' column='13'
            Value kind='Expr.IntLit' line='49' column='20' text='1'
        Else
          Stmt kind='Stmt.If' line='52' column='9'
            Cond kind='Expr.Binary' line='52' column='9' op='=='
              Lhs kind='Expr.Name' line='52' column='9' name='_sm_when3'
              Rhs kind='Expr.StrLit' line='52' column='9' text='"b"'
            Then
              Stmt kind='Stmt.Return' line='53' column='13'
                Value kind='Expr.IntLit' line='53' column='20' text='2'
            Else
              Stmt kind='Stmt.Return' line='57' column='13'
                Value kind='Expr.IntLit' line='57' column='20' text='0'
      Stmt kind='Stmt.Return' line='60' column='5'
        Value kind='Expr.Unary' line='60' column='12' op='-'
          Operand kind='Expr.IntLit' line='60' column='13' text='1'
  Function kind='Function' line='66' column='1' name='firstEven' isNative='false' hasBody='true' hasReceiver='false' hasNativeSymbol='false'
    Param name='limit' line='66' column='15'
      Type kind='Type.Named' line='66' column='22' name='Int'
    ReturnType kind='Type.Named' line='66' column='28' name='Int'
    Body
      Stmt kind='Stmt.VarDecl' line='67' column='5' name='i' isVar='true'
        Type kind='Type.Named' line='67' column='12' name='Int'
        Init kind='Expr.IntLit' line='67' column='18' text='0'
      Stmt kind='Stmt.While' line='68' column='5'
        Cond kind='Expr.Binary' line='68' column='12' op='<'
          Lhs kind='Expr.Name' line='68' column='12' name='i'
          Rhs kind='Expr.Name' line='68' column='16' name='limit'
        Body
          Stmt kind='Stmt.VarDecl' line='69' column='9' name='_sm_when4' isVar='true'
            Init kind='Expr.Binary' line='69' column='15' op='%'
              Lhs kind='Expr.Name' line='69' column='15' name='i'
              Rhs kind='Expr.IntLit' line='69' column='19' text='2'
          Stmt kind='Stmt.If' line='70' column='13'
            Cond kind='Expr.Binary' line='70' column='13' op='=='
              Lhs kind='Expr.Name' line='70' column='13' name='_sm_when4'
              Rhs kind='Expr.IntLit' line='70' column='13' text='0'
            Then
              Stmt kind='Stmt.Return' line='71' column='17'
                Value kind='Expr.Name' line='71' column='24' name='i'
          Stmt kind='Stmt.Assign' line='74' column='9' op='='
            Target kind='Expr.Name' line='74' column='9' name='i'
            Value kind='Expr.Binary' line='74' column='13' op='+'
              Lhs kind='Expr.Name' line='74' column='13' name='i'
              Rhs kind='Expr.IntLit' line='74' column='17' text='1'
      Stmt kind='Stmt.Return' line='76' column='5'
        Value kind='Expr.Unary' line='76' column='12' op='-'
          Operand kind='Expr.IntLit' line='76' column='13' text='1'
