Module @1:1
  Package fixtures @1:1
  Enum Color @7:1
    Member Red @8:5
    Member Green @9:5
    Member Blue = 7 @10:5
  Function name @13:1
    Param c: Color
    Return Str
    Body
      VarDecl var _sm_when1 @14:5
        Init
          Name c @14:11
      If @15:9
        Cond
          Binary == @15:9
            Lhs
              Name _sm_when1 @15:9
            Rhs
              Member .Red @15:9
                Receiver
                  Name Color @15:9
        Then
          Return @16:13
            StrLit "red" @16:20
        Else
          If @19:9
            Cond
              Binary || @19:9
                Lhs
                  Binary == @19:9
                    Lhs
                      Name _sm_when1 @19:9
                    Rhs
                      Member .Green @19:9
                        Receiver
                          Name Color @19:9
                Rhs
                  Binary == @19:9
                    Lhs
                      Name _sm_when1 @19:9
                    Rhs
                      Member .Blue @19:22
                        Receiver
                          Name Color @19:22
            Then
              Return @20:13
                StrLit "green or blue" @20:20
            Else
              Return @24:13
                StrLit "other" @24:20
      Return @27:5
        StrLit "?" @27:12
  Function step @32:1
    Param a: Int
    Param b: Int
    Return Int
    Body
      VarDecl var result: Int @33:5
        Init
          IntLit 0 @33:23
      VarDecl var _sm_when2 @34:5
        Init
          Binary + @34:11
            Lhs
              Name a @34:11
            Rhs
              Name b @34:15
      If @35:9
        Cond
          Binary == @35:9
            Lhs
              Name _sm_when2 @35:9
            Rhs
              IntLit 1 @35:9
        Then
          Assign = @36:13
            Target
              Name result @36:13
            Value
              IntLit 10 @36:22
        Else
          If @39:9
            Cond
              Binary || @39:9
                Lhs
                  Binary == @39:9
                    Lhs
                      Name _sm_when2 @39:9
                    Rhs
                      IntLit 2 @39:9
                Rhs
                  Binary == @39:9
                    Lhs
                      Name _sm_when2 @39:9
                    Rhs
                      IntLit 3 @39:12
            Then
              Assign = @40:13
                Target
                  Name result @40:13
                Value
                  IntLit 20 @40:22
      Return @43:5
        Name result @43:12
  Function labelled @46:1
    Param text: Str
    Return Int
    Body
      VarDecl var _sm_when3 @47:5
        Init
          Name text @47:11
      If @48:9
        Cond
          Binary == @48:9
            Lhs
              Name _sm_when3 @48:9
            Rhs
              StrLit "a" @48:9
        Then
          Return @49:13
            IntLit 1 @49:20
        Else
          If @52:9
            Cond
              Binary == @52:9
                Lhs
                  Name _sm_when3 @52:9
                Rhs
                  StrLit "b" @52:9
            Then
              Return @53:13
                IntLit 2 @53:20
            Else
              Return @57:13
                IntLit 0 @57:20
      Return @60:5
        Unary - @60:12
          Operand
            IntLit 1 @60:13
  Function firstEven @66:1
    Param limit: Int
    Return Int
    Body
      VarDecl var i: Int @67:5
        Init
          IntLit 0 @67:18
      While @68:5
        Cond
          Binary < @68:12
            Lhs
              Name i @68:12
            Rhs
              Name limit @68:16
        Body
          VarDecl var _sm_when4 @69:9
            Init
              Binary % @69:15
                Lhs
                  Name i @69:15
                Rhs
                  IntLit 2 @69:19
          If @70:13
            Cond
              Binary == @70:13
                Lhs
                  Name _sm_when4 @70:13
                Rhs
                  IntLit 0 @70:13
            Then
              Return @71:17
                Name i @71:24
          Assign = @74:9
            Target
              Name i @74:9
            Value
              Binary + @74:13
                Lhs
                  Name i @74:13
                Rhs
                  IntLit 1 @74:17
      Return @76:5
        Unary - @76:12
          Operand
            IntLit 1 @76:13
